Archive member included because of file (symbol)

C:\Users\kehood\AppData\Local\arduino15\packages\Intel\hardware\arc32\1.0.5\variants\arduino_101\libarc32drv_arduino101.a(c_init.o)
                              (--whole-archive)
C:\Users\kehood\AppData\Local\arduino15\packages\Intel\hardware\arc32\1.0.5\variants\arduino_101\libarc32drv_arduino101.a(interrupt.o)
                              (--whole-archive)
C:\Users\kehood\AppData\Local\arduino15\packages\Intel\hardware\arc32\1.0.5\variants\arduino_101\libarc32drv_arduino101.a(version.o)
                              (--whole-archive)
C:\Users\kehood\AppData\Local\arduino15\packages\Intel\hardware\arc32\1.0.5\variants\arduino_101\libarc32drv_arduino101.a(arcv2_timer0.o)
                              (--whole-archive)
C:\Users\kehood\AppData\Local\arduino15\packages\Intel\hardware\arc32\1.0.5\variants\arduino_101\libarc32drv_arduino101.a(ipc_uart_ns16550.o)
                              (--whole-archive)
C:\Users\kehood\AppData\Local\arduino15\packages\Intel\hardware\arc32\1.0.5\variants\arduino_101\libarc32drv_arduino101.a(ns16550.o)
                              (--whole-archive)
C:\Users\kehood\AppData\Local\arduino15\packages\Intel\hardware\arc32\1.0.5\variants\arduino_101\libarc32drv_arduino101.a(soc_gpio.o)
                              (--whole-archive)
C:\Users\kehood\AppData\Local\arduino15\packages\Intel\hardware\arc32\1.0.5\variants\arduino_101\libarc32drv_arduino101.a(ss_dw_i2c.o)
                              (--whole-archive)
C:\Users\kehood\AppData\Local\arduino15\packages\Intel\hardware\arc32\1.0.5\variants\arduino_101\libarc32drv_arduino101.a(ss_gpio_iface.o)
                              (--whole-archive)
C:\Users\kehood\AppData\Local\arduino15\packages\Intel\hardware\arc32\1.0.5\variants\arduino_101\libarc32drv_arduino101.a(ss_i2c_iface.o)
                              (--whole-archive)
C:\Users\kehood\AppData\Local\arduino15\packages\Intel\hardware\arc32\1.0.5\variants\arduino_101\libarc32drv_arduino101.a(cfw_platform.o)
                              (--whole-archive)
C:\Users\kehood\AppData\Local\arduino15\packages\Intel\hardware\arc32\1.0.5\variants\arduino_101\libarc32drv_arduino101.a(nordic_interface.o)
                              (--whole-archive)
C:\Users\kehood\AppData\Local\arduino15\packages\Intel\hardware\arc32\1.0.5\variants\arduino_101\libarc32drv_arduino101.a(ble_service_gap_api.o)
                              (--whole-archive)
C:\Users\kehood\AppData\Local\arduino15\packages\Intel\hardware\arc32\1.0.5\variants\arduino_101\libarc32drv_arduino101.a(ble_service_gatts_api.o)
                              (--whole-archive)
C:\Users\kehood\AppData\Local\arduino15\packages\Intel\hardware\arc32\1.0.5\variants\arduino_101\libarc32drv_arduino101.a(ble_service_utils.o)
                              (--whole-archive)
C:\Users\kehood\AppData\Local\arduino15\packages\Intel\hardware\arc32\1.0.5\variants\arduino_101\libarc32drv_arduino101.a(cfw_debug.o)
                              (--whole-archive)
C:\Users\kehood\AppData\Local\arduino15\packages\Intel\hardware\arc32\1.0.5\variants\arduino_101\libarc32drv_arduino101.a(client_api.o)
                              (--whole-archive)
C:\Users\kehood\AppData\Local\arduino15\packages\Intel\hardware\arc32\1.0.5\variants\arduino_101\libarc32drv_arduino101.a(service_api.o)
                              (--whole-archive)
C:\Users\kehood\AppData\Local\arduino15\packages\Intel\hardware\arc32\1.0.5\variants\arduino_101\libarc32drv_arduino101.a(service_manager.o)
                              (--whole-archive)
C:\Users\kehood\AppData\Local\arduino15\packages\Intel\hardware\arc32\1.0.5\variants\arduino_101\libarc32drv_arduino101.a(factory_data.o)
                              (--whole-archive)
C:\Users\kehood\AppData\Local\arduino15\packages\Intel\hardware\arc32\1.0.5\variants\arduino_101\libarc32drv_arduino101.a(ipc.o)
                              (--whole-archive)
C:\Users\kehood\AppData\Local\arduino15\packages\Intel\hardware\arc32\1.0.5\variants\arduino_101\libarc32drv_arduino101.a(ipc_callback.o)
                              (--whole-archive)
C:\Users\kehood\AppData\Local\arduino15\packages\Intel\hardware\arc32\1.0.5\variants\arduino_101\libarc32drv_arduino101.a(log.o)
                              (--whole-archive)
C:\Users\kehood\AppData\Local\arduino15\packages\Intel\hardware\arc32\1.0.5\variants\arduino_101\libarc32drv_arduino101.a(log_impl_printk.o)
                              (--whole-archive)
C:\Users\kehood\AppData\Local\arduino15\packages\Intel\hardware\arc32\1.0.5\variants\arduino_101\libarc32drv_arduino101.a(port.o)
                              (--whole-archive)
C:\Users\kehood\AppData\Local\arduino15\packages\Intel\hardware\arc32\1.0.5\variants\arduino_101\libarc32drv_arduino101.a(uptime.o)
                              (--whole-archive)
C:\Users\kehood\AppData\Local\arduino15\packages\Intel\hardware\arc32\1.0.5\variants\arduino_101\libarc32drv_arduino101.a(list.o)
[...]
Memory Configuration

Name             Origin             Length             Attributes
FLASH            0x40034000         0x00026000         xr
SRAM             0xa800e000         0x00006000         xw
DCCM             0x80000000         0x00002000         xw
*default*        0x00000000         0xffffffff

Linker script and memory map

LOAD C:\Users\kehood\AppData\Local\arduino15\packages\Intel\hardware\arc32\1.0.5\variants\arduino_101\libarc32drv_arduino101.a
START GROUP
LOAD C:\Users\kehood\AppData\Local\arduino15\packages\Intel\hardware\arc32\1.0.5\variants\arduino_101\libarc32drv_arduino101.a
LOAD c:/users/kehood/appdata/local/arduino15/packages/intel/tools/arc-elf32/1.6.4+1.0/bin/../lib/gcc/arc-elf32/4.8.3/../../../../arc-elf32/lib\libc.a
LOAD c:/users/kehood/appdata/local/arduino15/packages/intel/tools/arc-elf32/1.6.4+1.0/bin/../lib/gcc/arc-elf32/4.8.3/../../../../arc-elf32/lib\libm.a
LOAD c:/users/kehood/appdata/local/arduino15/packages/intel/tools/arc-elf32/1.6.4+1.0/bin/../lib/gcc/arc-elf32/4.8.3\libgcc.a
LOAD C:\Users\kehood\AppData\Local\Temp\VMicroBuilds\FrankenCurieMaster\Intel_intel_arc32_arduino_101\FrankenCurieMaster.cpp.o
LOAD C:\Users\kehood\AppData\Local\Temp\VMicroBuilds\FrankenCurieMaster\Intel_intel_arc32_arduino_101\CurieSoftwareSerial\SoftwareSerial.cpp.o
LOAD C:\Users\kehood\AppData\Local\Temp\VMicroBuilds\FrankenCurieMaster\Intel_intel_arc32_arduino_101\CurieIMU\BMI160.cpp.o
LOAD C:\Users\kehood\AppData\Local\Temp\VMicroBuilds\FrankenCurieMaster\Intel_intel_arc32_arduino_101\CurieIMU\CurieIMU.cpp.o
LOAD C:\Users\kehood\AppData\Local\Temp\VMicroBuilds\FrankenCurieMaster\Intel_intel_arc32_arduino_101\CurieIMU\internal\ss_spi.c.o
LOAD C:\Users\kehood\AppData\Local\Temp\VMicroBuilds\FrankenCurieMaster\Intel_intel_arc32_arduino_101\CurieBLE\BLEAttribute.cpp.o
LOAD C:\Users\kehood\AppData\Local\Temp\VMicroBuilds\FrankenCurieMaster\Intel_intel_arc32_arduino_101\CurieBLE\BLECentral.cpp.o
LOAD C:\Users\kehood\AppData\Local\Temp\VMicroBuilds\FrankenCurieMaster\Intel_intel_arc32_arduino_101\CurieBLE\BLECharacteristic.cpp.o
LOAD C:\Users\kehood\AppData\Local\Temp\VMicroBuilds\FrankenCurieMaster\Intel_intel_arc32_arduino_101\CurieBLE\BLEDescriptor.cpp.o
LOAD C:\Users\kehood\AppData\Local\Temp\VMicroBuilds\FrankenCurieMaster\Intel_intel_arc32_arduino_101\CurieBLE\BLEPeripheral.cpp.o
LOAD C:\Users\kehood\AppData\Local\Temp\VMicroBuilds\FrankenCurieMaster\Intel_intel_arc32_arduino_101\CurieBLE\BLEService.cpp.o
LOAD C:\Users\kehood\AppData\Local\Temp\VMicroBuilds\FrankenCurieMaster\Intel_intel_arc32_arduino_101\CurieBLE\BLETypedCharacteristics.cpp.o
LOAD C:\Users\kehood\AppData\Local\Temp\VMicroBuilds\FrankenCurieMaster\Intel_intel_arc32_arduino_101\CurieBLE\BLEUuid.cpp.o
LOAD C:\Users\kehood\AppData\Local\Temp\VMicroBuilds\FrankenCurieMaster\Intel_intel_arc32_arduino_101\CurieBLE\internal\ble_client.c.o
LOAD C:\Users\kehood\AppData\Local\Temp\VMicroBuilds\FrankenCurieMaster\Intel_intel_arc32_arduino_101/core.a
                0x00000800                __stack_size = 0x800
                0x00000200                __firq_stack_size = 0x200
                0x00002000                __HEAP_SIZE_MIN = 0x2000
                0x00001000                __PAGE_SIZE = 0x1000

text            0x40034000     0x7d38
                0x40034000                __text_start = .
 *(.int_vector_table)
 .int_vector_table
                0x40034000      0x110 C:\Users\kehood\AppData\Local\arduino15\packages\Intel\hardware\arc32\1.0.5\variants\arduino_101\libarc32drv_arduino101.a(init.o)
 *(.int_vector_table.*)
 *(.version_header)
 .version_header
                0x40034110       0x30 C:\Users\kehood\AppData\Local\arduino15\packages\Intel\hardware\arc32\1.0.5\variants\arduino_101\libarc32drv_arduino101.a(version.o)
                0x40034110                version_header
 *(.version_header*)
 *(.text)
 .text          0x40034140       0x70 C:\Users\kehood\AppData\Local\arduino15\packages\Intel\hardware\arc32\1.0.5\variants\arduino_101\libarc32drv_arduino101.a(init.o)
                0x40034168                _do_fault
                0x40034184                _do_isr
 .text          0x400341b0       0x5c c:/users/kehood/appdata/local/arduino15/packages/intel/tools/arc-elf32/1.6.4+1.0/bin/../lib/gcc/arc-elf32/4.8.3/../../../../arc-elf32/lib\libc.a(lib_a-malloc.o)
                0x400341b0                malloc
                0x400341e0                free
 .text          0x4003420c      0xbdc c:/users/kehood/appdata/local/arduino15/packages/intel/tools/arc-elf32/1.6.4+1.0/bin/../lib/gcc/arc-elf32/4.8.3/../../../../arc-elf32/lib\libc.a(lib_a-mallocr.o)
                0x40034508                _malloc_r
 .text          0x40034de8       0x80 c:/users/kehood/appdata/local/arduino15/packages/intel/tools/arc-elf32/1.6.4+1.0/bin/../lib/gcc/arc-elf32/4.8.3/../../../../arc-elf32/lib\libc.a(lib_a-memcpy-700.o)
                0x40034de8                memcpy
 .text          0x40034e68       0x6c c:/users/kehood/appdata/local/arduino15/packages/intel/tools/arc-elf32/1.6.4+1.0/bin/../lib/gcc/arc-elf32/4.8.3/../../../../arc-elf32/lib\libc.a(lib_a-memset.o)
                0x40034e68                memset
                0x40034ebc                __strncpy_bzero
 .text          0x40034ed4       0x28 c:/users/kehood/appdata/local/arduino15/packages/intel/tools/arc-elf32/1.6.4+1.0/bin/../lib/gcc/arc-elf32/4.8.3/../../../../arc-elf32/lib\libc.a(lib_a-mlock.o)
                0x40034ed4                __malloc_lock
                0x40034ee8                __malloc_unlock
 .text          0x40034efc       0x94 c:/users/kehood/appdata/local/arduino15/packages/intel/tools/arc-elf32/1.6.4+1.0/bin/../lib/gcc/arc-elf32/4.8.3/../../../../arc-elf32/lib\libc.a(lib_a-sbrk.o)
                0x40034efc                _sbrk_r
 .text          0x40034f90      0x5ac c:/users/kehood/appdata/local/arduino15/packages/intel/tools/arc-elf32/1.6.4+1.0/bin/../lib/gcc/arc-elf32/4.8.3/../../../../arc-elf32/lib\libc.a(lib_a-freer.o)
                0x40034f90                _free_r
                0x400353cc                _malloc_trim_r
 .text          0x4003553c        0x4 c:/users/kehood/appdata/local/arduino15/packages/intel/tools/arc-elf32/1.6.4+1.0/bin/../lib/gcc/arc-elf32/4.8.3\libgcc.a(_udivsi3.o)
                0x4003553c                __udivsi3
 .text          0x40035540       0x10 c:/users/kehood/appdata/local/arduino15/packages/intel/tools/arc-elf32/1.6.4+1.0/bin/../lib/gcc/arc-elf32/4.8.3\libgcc.a(_umodsi3.o)
                0x40035540                __umodsi3
 .text          0x40035550       0x70 c:/users/kehood/appdata/local/arduino15/packages/intel/tools/arc-elf32/1.6.4+1.0/bin/../lib/gcc/arc-elf32/4.8.3\libgcc.a(_divmod_tools.o)
                0x40035550                __udivmodsi4
 .text          0x400355c0       0x30 c:/users/kehood/appdata/local/arduino15/packages/intel/tools/arc-elf32/1.6.4+1.0/bin/../lib/gcc/arc-elf32/4.8.3\libgcc.a(_millicodethunk_st.o)
                0x400355c0                __st_r13_to_r25
                0x400355c4                __st_r13_to_r24
                0x400355c8                __st_r13_to_r23
                0x400355cc                __st_r13_to_r22
                0x400355d0                __st_r13_to_r21
                0x400355d4                __st_r13_to_r20
                0x400355d8                __st_r13_to_r19
                0x400355dc                __st_r13_to_r18
                0x400355e0                __st_r13_to_r17
                0x400355e4                __st_r13_to_r16
                0x400355e8                __st_r13_to_r15
 .text          0x400355f0       0x30 c:/users/kehood/appdata/local/arduino15/packages/intel/tools/arc-elf32/1.6.4+1.0/bin/../lib/gcc/arc-elf32/4.8.3\libgcc.a(_millicodethunk_ld.o)
                0x400355f0                __ld_r13_to_r25
                0x400355f4                __ld_r13_to_r24
                0x400355f8                __ld_r13_to_r23
                0x400355fc                __ld_r13_to_r22
                0x40035600                __ld_r13_to_r21
                0x40035604                __ld_r13_to_r20
                0x40035608                __ld_r13_to_r19
                0x4003560c                __ld_r13_to_r18
                0x40035610                __ld_r13_to_r17
                0x40035614                __ld_r13_to_r16
                0x40035618                __ld_r13_to_r15
 .text          0x40035620       0x3c c:/users/kehood/appdata/local/arduino15/packages/intel/tools/arc-elf32/1.6.4+1.0/bin/../lib/gcc/arc-elf32/4.8.3\libgcc.a(_millicodethunk_ret.o)
                0x40035620                __ld_r13_to_r25_ret
                0x40035624                __ld_r13_to_r24_ret
                0x40035628                __ld_r13_to_r23_ret
                0x4003562c                __ld_r13_to_r22_ret
                0x40035630                __ld_r13_to_r21_ret
                0x40035634                __ld_r13_to_r20_ret
                0x40035638                __ld_r13_to_r19_ret
                0x4003563c                __ld_r13_to_r18_ret
                0x40035640                __ld_r13_to_r17_ret
                0x40035644                __ld_r13_to_r16_ret
                0x40035648                __ld_r13_to_r15_ret
                0x4003564c                __ld_r13_to_r14_ret
 .text          0x4003565c       0x38 c:/users/kehood/appdata/local/arduino15/packages/intel/tools/arc-elf32/1.6.4+1.0/bin/../lib/gcc/arc-elf32/4.8.3/../../../../arc-elf32/lib\libc.a(lib_a-cxa_atexit.o)
                0x4003565c                __cxa_atexit
 .text          0x40035694      0x134 c:/users/kehood/appdata/local/arduino15/packages/intel/tools/arc-elf32/1.6.4+1.0/bin/../lib/gcc/arc-elf32/4.8.3/../../../../arc-elf32/lib\libc.a(lib_a-__atexit.o)
                0x40035694                __register_exitproc
 .text          0x400357c8       0x1c c:/users/kehood/appdata/local/arduino15/packages/intel/tools/arc-elf32/1.6.4+1.0/bin/../lib/gcc/arc-elf32/4.8.3\libgcc.a(_divsi3.o)
                0x400357c8                __divsi3
 .text          0x400357e4      0xa0c c:/users/kehood/appdata/local/arduino15/packages/intel/tools/arc-elf32/1.6.4+1.0/bin/../lib/gcc/arc-elf32/4.8.3\libgcc.a(fp-bit.o)
                0x40035980                __pack_f
                0x40035a74                __unpack_f
                0x40035af4                __addsf3
                0x40035b28                __subsf3
                0x40035b64                __mulsf3
                0x40035c9c                __divsf3
                0x40035d90                __fpcmp_parts_f
                0x40035e28                __cmpsf2
                0x40035e54                __eqsf2
                0x40035e94                __nesf2
                0x40035ed4                __gtsf2
                0x40035f14                __gesf2
                0x40035f54                __ltsf2
                0x40035f94                __lesf2
                0x40035fd4                __unordsf2
                0x40036010                __floatsisf
                0x40036094                __floatunsisf
                0x40036114                __fixsfsi
                0x40036178                __negsf2
                0x400361a4                __make_fp
                0x400361c0                __extendsfdf2
 .text          0x400361f0      0xef0 c:/users/kehood/appdata/local/arduino15/packages/intel/tools/arc-elf32/1.6.4+1.0/bin/../lib/gcc/arc-elf32/4.8.3\libgcc.a(dp-bit.o)
                0x4003650c                __pack_d
                0x400366a8                __unpack_d
                0x40036758                __adddf3
                0x4003678c                __subdf3
                0x400367c8                __muldf3
                0x400369e4                __divdf3
                0x40036b54                __fpcmp_parts_d
                0x40036c08                __cmpdf2
                0x40036c34                __eqdf2
                0x40036c74                __nedf2
                0x40036cb4                __gtdf2
                0x40036cf4                __gedf2
                0x40036d34                __ltdf2
                0x40036d74                __ledf2
                0x40036db4                __unorddf2
                0x40036df0                __floatsidf
                0x40036e9c                __floatunsidf
                0x40036f58                __fixdfsi
                0x40036fe0                __fixunsdfsi
                0x40037054                __negdf2
                0x40037080                __make_dp
                0x400370a0                __truncdfsf2
 .text          0x400370e0       0x30 c:/users/kehood/appdata/local/arduino15/packages/intel/tools/arc-elf32/1.6.4+1.0/bin/../lib/gcc/arc-elf32/4.8.3\libgcc.a(_clzsi2.o)
                0x400370e0                __clzsi2
 .text          0x40037110       0x28 c:/users/kehood/appdata/local/arduino15/packages/intel/tools/arc-elf32/1.6.4+1.0/bin/../lib/gcc/arc-elf32/4.8.3\libgcc.a(_lshrdi3.o)
                0x40037110                __lshrdi3
 .text          0x40037138       0x28 c:/users/kehood/appdata/local/arduino15/packages/intel/tools/arc-elf32/1.6.4+1.0/bin/../lib/gcc/arc-elf32/4.8.3\libgcc.a(_ashldi3.o)
                0x40037138                __ashldi3
 *(.text.*)
 .text._main    0x40037160       0x70 C:\Users\kehood\AppData\Local\arduino15\packages\Intel\hardware\arc32\1.0.5\variants\arduino_101\libarc32drv_arduino101.a(c_init.o)
                0x40037160                _main
 .text.interrupt_connect
                0x400371d0       0x20 C:\Users\kehood\AppData\Local\arduino15\packages\Intel\hardware\arc32\1.0.5\variants\arduino_101\libarc32drv_arduino101.a(interrupt.o)
                0x400371d0                interrupt_connect
 .text.interrupt_enable
                0x400371f0       0x28 C:\Users\kehood\AppData\Local\arduino15\packages\Intel\hardware\arc32\1.0.5\variants\arduino_101\libarc32drv_arduino101.a(interrupt.o)
                0x400371f0                interrupt_enable
 .text.interrupt_unit_device_init
                0x40037218       0x50 C:\Users\kehood\AppData\Local\arduino15\packages\Intel\hardware\arc32\1.0.5\variants\arduino_101\libarc32drv_arduino101.a(interrupt.o)
                0x40037218                interrupt_unit_device_init
 .text._arcv2_timer0_int_handler
                0x40037268       0x20 C:\Users\kehood\AppData\Local\arduino15\packages\Intel\hardware\arc32\1.0.5\variants\arduino_101\libarc32drv_arduino101.a(arcv2_timer0.o)
                0x40037268                _arcv2_timer0_int_handler
 .text.timer0_driver_init
                0x40037288       0x40 C:\Users\kehood\AppData\Local\arduino15\packages\Intel\hardware\arc32\1.0.5\variants\arduino_101\libarc32drv_arduino101.a(arcv2_timer0.o)
                0x40037288                timer0_driver_init
 .text.uart_ipc_get_channel
                0x400372c8       0x14 C:\Users\kehood\AppData\Local\arduino15\packages\Intel\hardware\arc32\1.0.5\variants\arduino_101\libarc32drv_arduino101.a(ipc_uart_ns16550.o)
                0x400372c8                uart_ipc_get_channel
 .text.uart_ipc_send_message
                0x400372dc       0x8c C:\Users\kehood\AppData\Local\arduino15\packages\Intel\hardware\arc32\1.0.5\variants\arduino_101\libarc32drv_arduino101.a(ipc_uart_ns16550.o)
                0x400372dc                uart_ipc_send_message
 .text.uart_init
                0x40037368       0x98 C:\Users\kehood\AppData\Local\arduino15\packages\Intel\hardware\arc32\1.0.5\variants\arduino_101\libarc32drv_arduino101.a(ns16550.o)
                0x40037368                uart_init
 .text.uart_poll_in
                0x40037400       0x28 C:\Users\kehood\AppData\Local\arduino15\packages\Intel\hardware\arc32\1.0.5\variants\arduino_101\libarc32drv_arduino101.a(ns16550.o)
                0x40037400                uart_poll_in
 .text.uart_poll_out
                0x40037428       0x28 C:\Users\kehood\AppData\Local\arduino15\packages\Intel\hardware\arc32\1.0.5\variants\arduino_101\libarc32drv_arduino101.a(ns16550.o)
                0x40037428                uart_poll_out
 .text.uart_fifo_read
                0x40037450       0x4c C:\Users\kehood\AppData\Local\arduino15\packages\Intel\hardware\arc32\1.0.5\variants\arduino_101\libarc32drv_arduino101.a(ns16550.o)
                0x40037450                uart_fifo_read
 .text.uart_irq_tx_enable
                0x4003749c       0x20 C:\Users\kehood\AppData\Local\arduino15\packages\Intel\hardware\arc32\1.0.5\variants\arduino_101\libarc32drv_arduino101.a(ns16550.o)
                0x4003749c                uart_irq_tx_enable
 .text.uart_irq_tx_disable
                0x400374bc       0x20 C:\Users\kehood\AppData\Local\arduino15\packages\Intel\hardware\arc32\1.0.5\variants\arduino_101\libarc32drv_arduino101.a(ns16550.o)
                0x400374bc                uart_irq_tx_disable
 .text.uart_irq_tx_ready
                0x400374dc       0x20 C:\Users\kehood\AppData\Local\arduino15\packages\Intel\hardware\arc32\1.0.5\variants\arduino_101\libarc32drv_arduino101.a(ns16550.o)
                0x400374dc                uart_irq_tx_ready
 .text.uart_irq_rx_enable
                0x400374fc       0x20 C:\Users\kehood\AppData\Local\arduino15\packages\Intel\hardware\arc32\1.0.5\variants\arduino_101\libarc32drv_arduino101.a(ns16550.o)
                0x400374fc                uart_irq_rx_enable
 .text.uart_irq_rx_disable
                0x4003751c       0x20 C:\Users\kehood\AppData\Local\arduino15\packages\Intel\hardware\arc32\1.0.5\variants\arduino_101\libarc32drv_arduino101.a(ns16550.o)
                0x4003751c                uart_irq_rx_disable
 .text.uart_irq_rx_ready
                0x4003753c       0x20 C:\Users\kehood\AppData\Local\arduino15\packages\Intel\hardware\arc32\1.0.5\variants\arduino_101\libarc32drv_arduino101.a(ns16550.o)
                0x4003753c                uart_irq_rx_ready
 .text.uart_int_connect
                0x4003755c       0x4c C:\Users\kehood\AppData\Local\arduino15\packages\Intel\hardware\arc32\1.0.5\variants\arduino_101\libarc32drv_arduino101.a(ns16550.o)
                0x4003755c                uart_int_connect
 .text.soc_gpio_ISR_proc
                0x400375a8       0x58 C:\Users\kehood\AppData\Local\arduino15\packages\Intel\hardware\arc32\1.0.5\variants\arduino_101\libarc32drv_arduino101.a(soc_gpio.o)
 .text.gpio_isr
                0x40037600       0x10 C:\Users\kehood\AppData\Local\arduino15\packages\Intel\hardware\arc32\1.0.5\variants\arduino_101\libarc32drv_arduino101.a(soc_gpio.o)
                0x40037600                gpio_isr
 .text.gpio_aon_isr
                0x40037610       0x10 C:\Users\kehood\AppData\Local\arduino15\packages\Intel\hardware\arc32\1.0.5\variants\arduino_101\libarc32drv_arduino101.a(soc_gpio.o)
                0x40037610                gpio_aon_isr
 .text.soc_gpio_deconfig
                0x40037620       0x6c C:\Users\kehood\AppData\Local\arduino15\packages\Intel\hardware\arc32\1.0.5\variants\arduino_101\libarc32drv_arduino101.a(soc_gpio.o)
                0x40037620                soc_gpio_deconfig
 .text.soc_gpio_enable
                0x4003768c       0x88 C:\Users\kehood\AppData\Local\arduino15\packages\Intel\hardware\arc32\1.0.5\variants\arduino_101\libarc32drv_arduino101.a(soc_gpio.o)
                0x4003768c                soc_gpio_enable
 .text.soc_gpio_set_config
                0x40037714      0x13c C:\Users\kehood\AppData\Local\arduino15\packages\Intel\hardware\arc32\1.0.5\variants\arduino_101\libarc32drv_arduino101.a(soc_gpio.o)
                0x40037714                soc_gpio_set_config
 .text.soc_gpio_mask_interrupt
                0x40037850       0x2c C:\Users\kehood\AppData\Local\arduino15\packages\Intel\hardware\arc32\1.0.5\variants\arduino_101\libarc32drv_arduino101.a(soc_gpio.o)
                0x40037850                soc_gpio_mask_interrupt
 .text.soc_gpio_unmask_interrupt
                0x4003787c       0x34 C:\Users\kehood\AppData\Local\arduino15\packages\Intel\hardware\arc32\1.0.5\variants\arduino_101\libarc32drv_arduino101.a(soc_gpio.o)
                0x4003787c                soc_gpio_unmask_interrupt
 .text.ss_gpio_ISR_proc
                0x400378b0       0x6c C:\Users\kehood\AppData\Local\arduino15\packages\Intel\hardware\arc32\1.0.5\variants\arduino_101\libarc32drv_arduino101.a(ss_gpio_iface.o)
 .text.ss_gpio_8b1_ISR
                0x4003791c       0x10 C:\Users\kehood\AppData\Local\arduino15\packages\Intel\hardware\arc32\1.0.5\variants\arduino_101\libarc32drv_arduino101.a(ss_gpio_iface.o)
 .text.ss_gpio_8b0_ISR
                0x4003792c       0x10 C:\Users\kehood\AppData\Local\arduino15\packages\Intel\hardware\arc32\1.0.5\variants\arduino_101\libarc32drv_arduino101.a(ss_gpio_iface.o)
 .text.ss_gpio_deconfig
                0x4003793c       0x74 C:\Users\kehood\AppData\Local\arduino15\packages\Intel\hardware\arc32\1.0.5\variants\arduino_101\libarc32drv_arduino101.a(ss_gpio_iface.o)
                0x4003793c                ss_gpio_deconfig
 .text.ss_gpio_enable
                0x400379b0       0x9c C:\Users\kehood\AppData\Local\arduino15\packages\Intel\hardware\arc32\1.0.5\variants\arduino_101\libarc32drv_arduino101.a(ss_gpio_iface.o)
                0x400379b0                ss_gpio_enable
 .text.ss_gpio_set_config
                0x40037a4c      0x1a4 C:\Users\kehood\AppData\Local\arduino15\packages\Intel\hardware\arc32\1.0.5\variants\arduino_101\libarc32drv_arduino101.a(ss_gpio_iface.o)
                0x40037a4c                ss_gpio_set_config
 .text.free_message_ipc
                0x40037bf0       0x18 C:\Users\kehood\AppData\Local\arduino15\packages\Intel\hardware\arc32\1.0.5\variants\arduino_101\libarc32drv_arduino101.a(cfw_platform.o)
 .text.send_message_ipc
                0x40037c08       0x18 C:\Users\kehood\AppData\Local\arduino15\packages\Intel\hardware\arc32\1.0.5\variants\arduino_101\libarc32drv_arduino101.a(cfw_platform.o)
 .text.ipc_mbx_isr
                0x40037c20       0x30 C:\Users\kehood\AppData\Local\arduino15\packages\Intel\hardware\arc32\1.0.5\variants\arduino_101\libarc32drv_arduino101.a(cfw_platform.o)
 .text.cfw_platform_init
                0x40037c50       0xb0 C:\Users\kehood\AppData\Local\arduino15\packages\Intel\hardware\arc32\1.0.5\variants\arduino_101\libarc32drv_arduino101.a(cfw_platform.o)
                0x40037c50                cfw_platform_init
 .text.send_message_ipc_uart
                0x40037d00       0x34 C:\Users\kehood\AppData\Local\arduino15\packages\Intel\hardware\arc32\1.0.5\variants\arduino_101\libarc32drv_arduino101.a(nordic_interface.o)
                0x40037d00                send_message_ipc_uart
 .text.free_message_ipc_uart
                0x40037d34       0x10 C:\Users\kehood\AppData\Local\arduino15\packages\Intel\hardware\arc32\1.0.5\variants\arduino_101\libarc32drv_arduino101.a(nordic_interface.o)
                0x40037d34                free_message_ipc_uart
 .text.cfw_alloc_message
                0x40037d44       0x10 C:\Users\kehood\AppData\Local\arduino15\packages\Intel\hardware\arc32\1.0.5\variants\arduino_101\libarc32drv_arduino101.a(client_api.o)
                0x40037d44                cfw_alloc_message
 .text.cfw_alloc_rsp_msg
                0x40037d54       0x54 C:\Users\kehood\AppData\Local\arduino15\packages\Intel\hardware\arc32\1.0.5\variants\arduino_101\libarc32drv_arduino101.a(service_api.o)
                0x40037d54                cfw_alloc_rsp_msg
 .text._cfw_send_message
                0x40037da8       0x10 C:\Users\kehood\AppData\Local\arduino15\packages\Intel\hardware\arc32\1.0.5\variants\arduino_101\libarc32drv_arduino101.a(service_api.o)
                0x40037da8                _cfw_send_message
 .text.cfw_msg_free
                0x40037db8       0x10 C:\Users\kehood\AppData\Local\arduino15\packages\Intel\hardware\arc32\1.0.5\variants\arduino_101\libarc32drv_arduino101.a(service_api.o)
                0x40037db8                cfw_msg_free
 .text.send_service_avail_evt
                0x40037dc8       0x54 C:\Users\kehood\AppData\Local\arduino15\packages\Intel\hardware\arc32\1.0.5\variants\arduino_101\libarc32drv_arduino101.a(service_manager.o)
 .text.notify_service_avail_cb
                0x40037e1c       0x38 C:\Users\kehood\AppData\Local\arduino15\packages\Intel\hardware\arc32\1.0.5\variants\arduino_101\libarc32drv_arduino101.a(service_manager.o)
                0x40037e1c                notify_service_avail_cb
 .text.add_service_avail_listener
                0x40037e54       0x3c C:\Users\kehood\AppData\Local\arduino15\packages\Intel\hardware\arc32\1.0.5\variants\arduino_101\libarc32drv_arduino101.a(service_manager.o)
                0x40037e54                add_service_avail_listener
 .text.notify_service_avail
                0x40037e90       0x2c C:\Users\kehood\AppData\Local\arduino15\packages\Intel\hardware\arc32\1.0.5\variants\arduino_101\libarc32drv_arduino101.a(service_manager.o)
                0x40037e90                notify_service_avail
 .text.get_event_registered_list
                0x40037ebc       0x28 C:\Users\kehood\AppData\Local\arduino15\packages\Intel\hardware\arc32\1.0.5\variants\arduino_101\libarc32drv_arduino101.a(service_manager.o)
                0x40037ebc                get_event_registered_list
 .text._cfw_register_event
                0x40037ee4       0x5c C:\Users\kehood\AppData\Local\arduino15\packages\Intel\hardware\arc32\1.0.5\variants\arduino_101\libarc32drv_arduino101.a(service_manager.o)
                0x40037ee4                _cfw_register_event
 .text._find_service
                0x40037f40       0x30 C:\Users\kehood\AppData\Local\arduino15\packages\Intel\hardware\arc32\1.0.5\variants\arduino_101\libarc32drv_arduino101.a(service_manager.o)
                0x40037f40                _find_service
 .text.cfw_get_service
                0x40037f70       0x28 C:\Users\kehood\AppData\Local\arduino15\packages\Intel\hardware\arc32\1.0.5\variants\arduino_101\libarc32drv_arduino101.a(service_manager.o)
                0x40037f70                cfw_get_service
 .text.internal_handle_message
                0x40037f98      0x20c C:\Users\kehood\AppData\Local\arduino15\packages\Intel\hardware\arc32\1.0.5\variants\arduino_101\libarc32drv_arduino101.a(service_manager.o)
                0x40037f98                internal_handle_message
 .text.cfw_get_service_mgr_port_id
                0x400381a4       0x14 C:\Users\kehood\AppData\Local\arduino15\packages\Intel\hardware\arc32\1.0.5\variants\arduino_101\libarc32drv_arduino101.a(service_manager.o)
                0x400381a4                cfw_get_service_mgr_port_id
 .text._cfw_init
                0x400381b8       0x34 C:\Users\kehood\AppData\Local\arduino15\packages\Intel\hardware\arc32\1.0.5\variants\arduino_101\libarc32drv_arduino101.a(service_manager.o)
                0x400381b8                _cfw_init
 .text._add_service
                0x400381ec       0x48 C:\Users\kehood\AppData\Local\arduino15\packages\Intel\hardware\arc32\1.0.5\variants\arduino_101\libarc32drv_arduino101.a(service_manager.o)
                0x400381ec                _add_service
 .text._cfw_register_service
                0x40038234       0x64 C:\Users\kehood\AppData\Local\arduino15\packages\Intel\hardware\arc32\1.0.5\variants\arduino_101\libarc32drv_arduino101.a(service_manager.o)
                0x40038234                _cfw_register_service
 .text.handle_ipc_sync_request
                0x40038298       0x58 C:\Users\kehood\AppData\Local\arduino15\packages\Intel\hardware\arc32\1.0.5\variants\arduino_101\libarc32drv_arduino101.a(service_manager.o)
                0x40038298                handle_ipc_sync_request
 .text.ipc_init
                0x400382f0       0x48 C:\Users\kehood\AppData\Local\arduino15\packages\Intel\hardware\arc32\1.0.5\variants\arduino_101\libarc32drv_arduino101.a(ipc.o)
                0x400382f0                ipc_init
 .text.ipc_handle_message
                0x40038338       0xa4 C:\Users\kehood\AppData\Local\arduino15\packages\Intel\hardware\arc32\1.0.5\variants\arduino_101\libarc32drv_arduino101.a(ipc.o)
                0x40038338                ipc_handle_message
 .text.ipc_request_sync_int
                0x400383dc      0x15c C:\Users\kehood\AppData\Local\arduino15\packages\Intel\hardware\arc32\1.0.5\variants\arduino_101\libarc32drv_arduino101.a(ipc.o)
                0x400383dc                ipc_request_sync_int
 .text.ipc_sync_callback
                0x40038538       0x54 C:\Users\kehood\AppData\Local\arduino15\packages\Intel\hardware\arc32\1.0.5\variants\arduino_101\libarc32drv_arduino101.a(ipc_callback.o)
                0x40038538                ipc_sync_callback
 .text.log_vprintk
                0x4003858c       0x48 C:\Users\kehood\AppData\Local\arduino15\packages\Intel\hardware\arc32\1.0.5\variants\arduino_101\libarc32drv_arduino101.a(log.o)
                0x4003858c                log_vprintk
 .text.log_printk
                0x400385d4       0x38 C:\Users\kehood\AppData\Local\arduino15\packages\Intel\hardware\arc32\1.0.5\variants\arduino_101\libarc32drv_arduino101.a(log.o)
                0x400385d4                log_printk
 .text.log_write_msg
                0x4003860c       0x10 C:\Users\kehood\AppData\Local\arduino15\packages\Intel\hardware\arc32\1.0.5\variants\arduino_101\libarc32drv_arduino101.a(log_impl_printk.o)
                0x4003860c                log_write_msg
 .text.get_port
                0x4003861c       0x40 C:\Users\kehood\AppData\Local\arduino15\packages\Intel\hardware\arc32\1.0.5\variants\arduino_101\libarc32drv_arduino101.a(port.o)
 .text.get_cpu_id
                0x4003865c       0x14 C:\Users\kehood\AppData\Local\arduino15\packages\Intel\hardware\arc32\1.0.5\variants\arduino_101\libarc32drv_arduino101.a(port.o)
                0x4003865c                get_cpu_id
 .text.port_get_port_table
                0x40038670       0x14 C:\Users\kehood\AppData\Local\arduino15\packages\Intel\hardware\arc32\1.0.5\variants\arduino_101\libarc32drv_arduino101.a(port.o)
                0x40038670                port_get_port_table
 .text.port_alloc
                0x40038684       0x60 C:\Users\kehood\AppData\Local\arduino15\packages\Intel\hardware\arc32\1.0.5\variants\arduino_101\libarc32drv_arduino101.a(port.o)
                0x40038684                port_alloc
 .text.port_set_handler
                0x400386e4       0x28 C:\Users\kehood\AppData\Local\arduino15\packages\Intel\hardware\arc32\1.0.5\variants\arduino_101\libarc32drv_arduino101.a(port.o)
                0x400386e4                port_set_handler
 .text.message_alloc
                0x4003870c       0x38 C:\Users\kehood\AppData\Local\arduino15\packages\Intel\hardware\arc32\1.0.5\variants\arduino_101\libarc32drv_arduino101.a(port.o)
                0x4003870c                message_alloc
 .text.port_process_message
                0x40038744       0x3c C:\Users\kehood\AppData\Local\arduino15\packages\Intel\hardware\arc32\1.0.5\variants\arduino_101\libarc32drv_arduino101.a(port.o)
                0x40038744                port_process_message
 .text.port_set_cpu_id
                0x40038780       0x24 C:\Users\kehood\AppData\Local\arduino15\packages\Intel\hardware\arc32\1.0.5\variants\arduino_101\libarc32drv_arduino101.a(port.o)
                0x40038780                port_set_cpu_id
 .text.port_get_cpu_id
                0x400387a4       0x18 C:\Users\kehood\AppData\Local\arduino15\packages\Intel\hardware\arc32\1.0.5\variants\arduino_101\libarc32drv_arduino101.a(port.o)
                0x400387a4                port_get_cpu_id
 .text.set_cpu_id
                0x400387bc       0x14 C:\Users\kehood\AppData\Local\arduino15\packages\Intel\hardware\arc32\1.0.5\variants\arduino_101\libarc32drv_arduino101.a(port.o)
                0x400387bc                set_cpu_id
 .text.set_cpu_message_sender
                0x400387d0       0x18 C:\Users\kehood\AppData\Local\arduino15\packages\Intel\hardware\arc32\1.0.5\variants\arduino_101\libarc32drv_arduino101.a(port.o)
                0x400387d0                set_cpu_message_sender
 .text.set_cpu_free_handler
                0x400387e8       0x18 C:\Users\kehood\AppData\Local\arduino15\packages\Intel\hardware\arc32\1.0.5\variants\arduino_101\libarc32drv_arduino101.a(port.o)
                0x400387e8                set_cpu_free_handler
 .text.port_send_message
                0x40038800       0x94 C:\Users\kehood\AppData\Local\arduino15\packages\Intel\hardware\arc32\1.0.5\variants\arduino_101\libarc32drv_arduino101.a(port.o)
                0x40038800                port_send_message
 .text.message_free
                0x40038894       0x4c C:\Users\kehood\AppData\Local\arduino15\packages\Intel\hardware\arc32\1.0.5\variants\arduino_101\libarc32drv_arduino101.a(port.o)
                0x40038894                message_free
 .text.queue_process_message
                0x400388e0       0x48 C:\Users\kehood\AppData\Local\arduino15\packages\Intel\hardware\arc32\1.0.5\variants\arduino_101\libarc32drv_arduino101.a(port.o)
                0x400388e0                queue_process_message
 .text.get_uptime_ms
                0x40038928       0x28 C:\Users\kehood\AppData\Local\arduino15\packages\Intel\hardware\arc32\1.0.5\variants\arduino_101\libarc32drv_arduino101.a(uptime.o)
                0x40038928                get_uptime_ms
 .text.list_init
                0x40038950       0x14 C:\Users\kehood\AppData\Local\arduino15\packages\Intel\hardware\arc32\1.0.5\variants\arduino_101\libarc32drv_arduino101.a(list.o)
                0x40038950                list_init
 .text.list_add
                0x40038964       0x28 C:\Users\kehood\AppData\Local\arduino15\packages\Intel\hardware\arc32\1.0.5\variants\arduino_101\libarc32drv_arduino101.a(list.o)
                0x40038964                list_add
 .text.list_foreach_del
                0x4003898c       0x60 C:\Users\kehood\AppData\Local\arduino15\packages\Intel\hardware\arc32\1.0.5\variants\arduino_101\libarc32drv_arduino101.a(list.o)
                0x4003898c                list_foreach_del
 .text.list_get
                0x400389ec       0x24 C:\Users\kehood\AppData\Local\arduino15\packages\Intel\hardware\arc32\1.0.5\variants\arduino_101\libarc32drv_arduino101.a(list.o)
                0x400389ec                list_get
 .text.cfw_alloc
                0x40038a10       0x2c C:\Users\kehood\AppData\Local\arduino15\packages\Intel\hardware\arc32\1.0.5\variants\arduino_101\libarc32drv_arduino101.a(os.o)
                0x40038a10                cfw_alloc
 .text.cfw_free
                0x40038a3c       0x28 C:\Users\kehood\AppData\Local\arduino15\packages\Intel\hardware\arc32\1.0.5\variants\arduino_101\libarc32drv_arduino101.a(os.o)
                0x40038a3c                cfw_free
 .text.balloc   0x40038a64       0x10 C:\Users\kehood\AppData\Local\arduino15\packages\Intel\hardware\arc32\1.0.5\variants\arduino_101\libarc32drv_arduino101.a(os.o)
                0x40038a64                balloc
 .text.bfree    0x40038a74       0x18 C:\Users\kehood\AppData\Local\arduino15\packages\Intel\hardware\arc32\1.0.5\variants\arduino_101\libarc32drv_arduino101.a(os.o)
                0x40038a74                bfree
 .text.queue_get_message
                0x40038a8c       0x28 C:\Users\kehood\AppData\Local\arduino15\packages\Intel\hardware\arc32\1.0.5\variants\arduino_101\libarc32drv_arduino101.a(os.o)
                0x40038a8c                queue_get_message
 .text.queue_send_message
                0x40038ab4       0x24 C:\Users\kehood\AppData\Local\arduino15\packages\Intel\hardware\arc32\1.0.5\variants\arduino_101\libarc32drv_arduino101.a(os.o)
                0x40038ab4                queue_send_message
 .text.queue_create
                0x40038ad8       0x54 C:\Users\kehood\AppData\Local\arduino15\packages\Intel\hardware\arc32\1.0.5\variants\arduino_101\libarc32drv_arduino101.a(os.o)
                0x40038ad8                queue_create
 .text.mutex_create
                0x40038b2c       0x10 C:\Users\kehood\AppData\Local\arduino15\packages\Intel\hardware\arc32\1.0.5\variants\arduino_101\libarc32drv_arduino101.a(os.o)
                0x40038b2c                mutex_create
 .text.mutex_unlock
                0x40038b3c        0xc C:\Users\kehood\AppData\Local\arduino15\packages\Intel\hardware\arc32\1.0.5\variants\arduino_101\libarc32drv_arduino101.a(os.o)
                0x40038b3c                mutex_unlock
 .text.mutex_lock
                0x40038b48       0x10 C:\Users\kehood\AppData\Local\arduino15\packages\Intel\hardware\arc32\1.0.5\variants\arduino_101\libarc32drv_arduino101.a(os.o)
                0x40038b48                mutex_lock
 .text._ZN7MessageD2Ev
                0x40038b58       0x18 C:\Users\kehood\AppData\Local\Temp\VMicroBuilds\FrankenCurieMaster\Intel_intel_arc32_arduino_101\FrankenCurieMaster.cpp.o
                0x40038b58                Message::~Message()
                0x40038b58                Message::~Message()
 .text._ZL13eventCallbackv
                0x40038b70       0x34 C:\Users\kehood\AppData\Local\Temp\VMicroBuilds\FrankenCurieMaster\Intel_intel_arc32_arduino_101\FrankenCurieMaster.cpp.o
 .text._ZN7Message8setValueIsEEvRKT_i.isra.2
                0x40038ba4       0x14 C:\Users\kehood\AppData\Local\Temp\VMicroBuilds\FrankenCurieMaster\Intel_intel_arc32_arduino_101\FrankenCurieMaster.cpp.o
 .text._ZN7MessageC2Es
                0x40038bb8       0x28 C:\Users\kehood\AppData\Local\Temp\VMicroBuilds\FrankenCurieMaster\Intel_intel_arc32_arduino_101\FrankenCurieMaster.cpp.o
                0x40038bb8                Message::Message(short)
                0x40038bb8                Message::Message(short)
 .text._ZNK7Message8getValueIsEET_i
                0x40038be0       0x38 C:\Users\kehood\AppData\Local\Temp\VMicroBuilds\FrankenCurieMaster\Intel_intel_arc32_arduino_101\FrankenCurieMaster.cpp.o
                0x40038be0                short Message::getValue<short>(int) const
 .text._GLOBAL__sub_I_serialIsConnected
                0x40038c18      0x114 C:\Users\kehood\AppData\Local\Temp\VMicroBuilds\FrankenCurieMaster\Intel_intel_arc32_arduino_101\FrankenCurieMaster.cpp.o
 .text.setup    0x40038d2c      0x140 C:\Users\kehood\AppData\Local\Temp\VMicroBuilds\FrankenCurieMaster\Intel_intel_arc32_arduino_101\FrankenCurieMaster.cpp.o
                0x40038d2c                setup
 .text._ZNK7Message4sendEv
                0x40038e6c       0x38 C:\Users\kehood\AppData\Local\Temp\VMicroBuilds\FrankenCurieMaster\Intel_intel_arc32_arduino_101\FrankenCurieMaster.cpp.o
                0x40038e6c                Message::send() const
 .text._Z12updateValuess
                0x40038ea4      0x43c C:\Users\kehood\AppData\Local\Temp\VMicroBuilds\FrankenCurieMaster\Intel_intel_arc32_arduino_101\FrankenCurieMaster.cpp.o
                0x40038ea4                updateValues(short)
 .text._Z9calibratev
                0x400392e0      0x258 C:\Users\kehood\AppData\Local\Temp\VMicroBuilds\FrankenCurieMaster\Intel_intel_arc32_arduino_101\FrankenCurieMaster.cpp.o
                0x400392e0                calibrate()
 .text.loop     0x40039538      0x11c C:\Users\kehood\AppData\Local\Temp\VMicroBuilds\FrankenCurieMaster\Intel_intel_arc32_arduino_101\FrankenCurieMaster.cpp.o
                0x40039538                loop
 .text._ZN14SoftwareSerial4readEv
                0x40039654       0x5c C:\Users\kehood\AppData\Local\Temp\VMicroBuilds\FrankenCurieMaster\Intel_intel_arc32_arduino_101\CurieSoftwareSerial\SoftwareSerial.cpp.o
                0x40039654                SoftwareSerial::read()
 .text._ZN14SoftwareSerial9availableEv
                0x400396b0       0x48 C:\Users\kehood\AppData\Local\Temp\VMicroBuilds\FrankenCurieMaster\Intel_intel_arc32_arduino_101\CurieSoftwareSerial\SoftwareSerial.cpp.o
                0x400396b0                SoftwareSerial::available()
 .text._ZN14SoftwareSerial4peekEv
                0x400396f8       0x48 C:\Users\kehood\AppData\Local\Temp\VMicroBuilds\FrankenCurieMaster\Intel_intel_arc32_arduino_101\CurieSoftwareSerial\SoftwareSerial.cpp.o
                0x400396f8                SoftwareSerial::peek()
 .text._ZN14SoftwareSerial4recvEv
                0x40039740      0x1f4 C:\Users\kehood\AppData\Local\Temp\VMicroBuilds\FrankenCurieMaster\Intel_intel_arc32_arduino_101\CurieSoftwareSerial\SoftwareSerial.cpp.o
                0x40039740                SoftwareSerial::recv()
 .text._ZN14SoftwareSerial5writeEh
                0x40039934      0x104 C:\Users\kehood\AppData\Local\Temp\VMicroBuilds\FrankenCurieMaster\Intel_intel_arc32_arduino_101\CurieSoftwareSerial\SoftwareSerial.cpp.o
                0x40039934                SoftwareSerial::write(unsigned char)
 .text._ZN14SoftwareSerial5flushEv
                0x40039a38       0x34 C:\Users\kehood\AppData\Local\Temp\VMicroBuilds\FrankenCurieMaster\Intel_intel_arc32_arduino_101\CurieSoftwareSerial\SoftwareSerial.cpp.o
                0x40039a38                SoftwareSerial::flush()
 .text._ZN14SoftwareSerial13stopListeningEv
                0x40039a6c       0x38 C:\Users\kehood\AppData\Local\Temp\VMicroBuilds\FrankenCurieMaster\Intel_intel_arc32_arduino_101\CurieSoftwareSerial\SoftwareSerial.cpp.o
                0x40039a6c                SoftwareSerial::stopListening()
 .text._ZN14SoftwareSerial6listenEv
                0x40039aa4       0xd4 C:\Users\kehood\AppData\Local\Temp\VMicroBuilds\FrankenCurieMaster\Intel_intel_arc32_arduino_101\CurieSoftwareSerial\SoftwareSerial.cpp.o
                0x40039aa4                SoftwareSerial::listen()
 .text._ZN14SoftwareSerialD2Ev
                0x40039b78       0x18 C:\Users\kehood\AppData\Local\Temp\VMicroBuilds\FrankenCurieMaster\Intel_intel_arc32_arduino_101\CurieSoftwareSerial\SoftwareSerial.cpp.o
                0x40039b78                SoftwareSerial::~SoftwareSerial()
                0x40039b78                SoftwareSerial::~SoftwareSerial()
 .text._ZN14SoftwareSerialD0Ev
                0x40039b90       0x24 C:\Users\kehood\AppData\Local\Temp\VMicroBuilds\FrankenCurieMaster\Intel_intel_arc32_arduino_101\CurieSoftwareSerial\SoftwareSerial.cpp.o
                0x40039b90                SoftwareSerial::~SoftwareSerial()
 .text._ZN14SoftwareSerial5setTXEh
                0x40039bb4       0x34 C:\Users\kehood\AppData\Local\Temp\VMicroBuilds\FrankenCurieMaster\Intel_intel_arc32_arduino_101\CurieSoftwareSerial\SoftwareSerial.cpp.o
                0x40039bb4                SoftwareSerial::setTX(unsigned char)
 .text._ZN14SoftwareSerial5setRXEh
                0x40039be8       0x3c C:\Users\kehood\AppData\Local\Temp\VMicroBuilds\FrankenCurieMaster\Intel_intel_arc32_arduino_101\CurieSoftwareSerial\SoftwareSerial.cpp.o
                0x40039be8                SoftwareSerial::setRX(unsigned char)
 .text._ZN14SoftwareSerialC2Emmb
                0x40039c24       0x58 C:\Users\kehood\AppData\Local\Temp\VMicroBuilds\FrankenCurieMaster\Intel_intel_arc32_arduino_101\CurieSoftwareSerial\SoftwareSerial.cpp.o
                0x40039c24                SoftwareSerial::SoftwareSerial(unsigned long, unsigned long, bool)
                0x40039c24                SoftwareSerial::SoftwareSerial(unsigned long, unsigned long, bool)
 .text._ZN14SoftwareSerial5beginEl
                0x40039c7c       0xa8 C:\Users\kehood\AppData\Local\Temp\VMicroBuilds\FrankenCurieMaster\Intel_intel_arc32_arduino_101\CurieSoftwareSerial\SoftwareSerial.cpp.o
                0x40039c7c                SoftwareSerial::begin(long)
 .text._ZN11BMI160Class8reg_readEh
                0x40039d24       0x2c C:\Users\kehood\AppData\Local\Temp\VMicroBuilds\FrankenCurieMaster\Intel_intel_arc32_arduino_101\CurieIMU\BMI160.cpp.o
                0x40039d24                BMI160Class::reg_read(unsigned char)
 .text._ZN11BMI160Class9reg_writeEhh
                0x40039d50       0x2c C:\Users\kehood\AppData\Local\Temp\VMicroBuilds\FrankenCurieMaster\Intel_intel_arc32_arduino_101\CurieIMU\BMI160.cpp.o
                0x40039d50                BMI160Class::reg_write(unsigned char, unsigned char)
 .text._ZN11BMI160Class14reg_write_bitsEhhjj
                0x40039d7c       0x58 C:\Users\kehood\AppData\Local\Temp\VMicroBuilds\FrankenCurieMaster\Intel_intel_arc32_arduino_101\CurieIMU\BMI160.cpp.o
                0x40039d7c                BMI160Class::reg_write_bits(unsigned char, unsigned char, unsigned int, unsigned int)
 .text._ZN11BMI160Class11getDeviceIDEv
                0x40039dd4       0x10 C:\Users\kehood\AppData\Local\Temp\VMicroBuilds\FrankenCurieMaster\Intel_intel_arc32_arduino_101\CurieIMU\BMI160.cpp.o
                0x40039dd4                BMI160Class::getDeviceID()
 .text._ZN11BMI160Class11setGyroRateEh
                0x40039de4       0x18 C:\Users\kehood\AppData\Local\Temp\VMicroBuilds\FrankenCurieMaster\Intel_intel_arc32_arduino_101\CurieIMU\BMI160.cpp.o
                0x40039de4                BMI160Class::setGyroRate(unsigned char)
 .text._ZN11BMI160Class12getAccelRateEv
                0x40039dfc       0x18 C:\Users\kehood\AppData\Local\Temp\VMicroBuilds\FrankenCurieMaster\Intel_intel_arc32_arduino_101\CurieIMU\BMI160.cpp.o
                0x40039dfc                BMI160Class::getAccelRate()
 .text._ZN11BMI160Class12setAccelRateEh
                0x40039e14       0x18 C:\Users\kehood\AppData\Local\Temp\VMicroBuilds\FrankenCurieMaster\Intel_intel_arc32_arduino_101\CurieIMU\BMI160.cpp.o
                0x40039e14                BMI160Class::setAccelRate(unsigned char)
 .text._ZN11BMI160Class15setGyroDLPFModeEh
                0x40039e2c       0x18 C:\Users\kehood\AppData\Local\Temp\VMicroBuilds\FrankenCurieMaster\Intel_intel_arc32_arduino_101\CurieIMU\BMI160.cpp.o
                0x40039e2c                BMI160Class::setGyroDLPFMode(unsigned char)
 .text._ZN11BMI160Class16setAccelDLPFModeEh
                0x40039e44       0x18 C:\Users\kehood\AppData\Local\Temp\VMicroBuilds\FrankenCurieMaster\Intel_intel_arc32_arduino_101\CurieIMU\BMI160.cpp.o
                0x40039e44                BMI160Class::setAccelDLPFMode(unsigned char)
 .text._ZN11BMI160Class21setFullScaleGyroRangeEh
                0x40039e5c       0x18 C:\Users\kehood\AppData\Local\Temp\VMicroBuilds\FrankenCurieMaster\Intel_intel_arc32_arduino_101\CurieIMU\BMI160.cpp.o
                0x40039e5c                BMI160Class::setFullScaleGyroRange(unsigned char)
 .text._ZN11BMI160Class22getFullScaleAccelRangeEv
                0x40039e74       0x18 C:\Users\kehood\AppData\Local\Temp\VMicroBuilds\FrankenCurieMaster\Intel_intel_arc32_arduino_101\CurieIMU\BMI160.cpp.o
                0x40039e74                BMI160Class::getFullScaleAccelRange()
 .text._ZN11BMI160Class22setFullScaleAccelRangeEh
                0x40039e8c       0x18 C:\Users\kehood\AppData\Local\Temp\VMicroBuilds\FrankenCurieMaster\Intel_intel_arc32_arduino_101\CurieIMU\BMI160.cpp.o
                0x40039e8c                BMI160Class::setFullScaleAccelRange(unsigned char)
 .text._ZN11BMI160Class10initializeEv
                0x40039ea4       0xa4 C:\Users\kehood\AppData\Local\Temp\VMicroBuilds\FrankenCurieMaster\Intel_intel_arc32_arduino_101\CurieIMU\BMI160.cpp.o
                0x40039ea4                BMI160Class::initialize()
 .text._ZN11BMI160Class25autoCalibrateXAccelOffsetEi
                0x40039f48       0x60 C:\Users\kehood\AppData\Local\Temp\VMicroBuilds\FrankenCurieMaster\Intel_intel_arc32_arduino_101\CurieIMU\BMI160.cpp.o
                0x40039f48                BMI160Class::autoCalibrateXAccelOffset(int)
 .text._ZN11BMI160Class25autoCalibrateYAccelOffsetEi
                0x40039fa8       0x60 C:\Users\kehood\AppData\Local\Temp\VMicroBuilds\FrankenCurieMaster\Intel_intel_arc32_arduino_101\CurieIMU\BMI160.cpp.o
                0x40039fa8                BMI160Class::autoCalibrateYAccelOffset(int)
 .text._ZN11BMI160Class25autoCalibrateZAccelOffsetEi
                0x4003a008       0x60 C:\Users\kehood\AppData\Local\Temp\VMicroBuilds\FrankenCurieMaster\Intel_intel_arc32_arduino_101\CurieIMU\BMI160.cpp.o
                0x4003a008                BMI160Class::autoCalibrateZAccelOffset(int)
 .text._ZN11BMI160Class20setGyroOffsetEnabledEb
                0x4003a068       0x18 C:\Users\kehood\AppData\Local\Temp\VMicroBuilds\FrankenCurieMaster\Intel_intel_arc32_arduino_101\CurieIMU\BMI160.cpp.o
                0x4003a068                BMI160Class::setGyroOffsetEnabled(bool)
 .text._ZN11BMI160Class23autoCalibrateGyroOffsetEv
                0x4003a080       0x44 C:\Users\kehood\AppData\Local\Temp\VMicroBuilds\FrankenCurieMaster\Intel_intel_arc32_arduino_101\CurieIMU\BMI160.cpp.o
                0x4003a080                BMI160Class::autoCalibrateGyroOffset()
 .text._ZN11BMI160Class29setFreefallDetectionThresholdEh
                0x4003a0c4       0x14 C:\Users\kehood\AppData\Local\Temp\VMicroBuilds\FrankenCurieMaster\Intel_intel_arc32_arduino_101\CurieIMU\BMI160.cpp.o
                0x4003a0c4                BMI160Class::setFreefallDetectionThreshold(unsigned char)
 .text._ZN11BMI160Class28setFreefallDetectionDurationEh
                0x4003a0d8       0x14 C:\Users\kehood\AppData\Local\Temp\VMicroBuilds\FrankenCurieMaster\Intel_intel_arc32_arduino_101\CurieIMU\BMI160.cpp.o
                0x4003a0d8                BMI160Class::setFreefallDetectionDuration(unsigned char)
 .text._ZN11BMI160Class26setShockDetectionThresholdEh
                0x4003a0ec       0x14 C:\Users\kehood\AppData\Local\Temp\VMicroBuilds\FrankenCurieMaster\Intel_intel_arc32_arduino_101\CurieIMU\BMI160.cpp.o
                0x4003a0ec                BMI160Class::setShockDetectionThreshold(unsigned char)
 .text._ZN11BMI160Class25setShockDetectionDurationEh
                0x4003a100       0x14 C:\Users\kehood\AppData\Local\Temp\VMicroBuilds\FrankenCurieMaster\Intel_intel_arc32_arduino_101\CurieIMU\BMI160.cpp.o
                0x4003a100                BMI160Class::setShockDetectionDuration(unsigned char)
 .text._ZN11BMI160Class27setMotionDetectionThresholdEh
                0x4003a114       0x14 C:\Users\kehood\AppData\Local\Temp\VMicroBuilds\FrankenCurieMaster\Intel_intel_arc32_arduino_101\CurieIMU\BMI160.cpp.o
                0x4003a114                BMI160Class::setMotionDetectionThreshold(unsigned char)
 .text._ZN11BMI160Class26setMotionDetectionDurationEh
                0x4003a128       0x1c C:\Users\kehood\AppData\Local\Temp\VMicroBuilds\FrankenCurieMaster\Intel_intel_arc32_arduino_101\CurieIMU\BMI160.cpp.o
                0x4003a128                BMI160Class::setMotionDetectionDuration(unsigned char)
 .text._ZN11BMI160Class31setZeroMotionDetectionThresholdEh
                0x4003a144       0x14 C:\Users\kehood\AppData\Local\Temp\VMicroBuilds\FrankenCurieMaster\Intel_intel_arc32_arduino_101\CurieIMU\BMI160.cpp.o
                0x4003a144                BMI160Class::setZeroMotionDetectionThreshold(unsigned char)
 .text._ZN11BMI160Class24setTapDetectionThresholdEh
                0x4003a158       0x18 C:\Users\kehood\AppData\Local\Temp\VMicroBuilds\FrankenCurieMaster\Intel_intel_arc32_arduino_101\CurieIMU\BMI160.cpp.o
                0x4003a158                BMI160Class::setTapDetectionThreshold(unsigned char)
 .text._ZN11BMI160Class19setTapShockDurationEb
                0x4003a170       0x18 C:\Users\kehood\AppData\Local\Temp\VMicroBuilds\FrankenCurieMaster\Intel_intel_arc32_arduino_101\CurieIMU\BMI160.cpp.o
                0x4003a170                BMI160Class::setTapShockDuration(bool)
 .text._ZN11BMI160Class19setTapQuietDurationEb
                0x4003a188       0x18 C:\Users\kehood\AppData\Local\Temp\VMicroBuilds\FrankenCurieMaster\Intel_intel_arc32_arduino_101\CurieIMU\BMI160.cpp.o
                0x4003a188                BMI160Class::setTapQuietDuration(bool)
 .text._ZN11BMI160Class29setDoubleTapDetectionDurationEh
                0x4003a1a0       0x18 C:\Users\kehood\AppData\Local\Temp\VMicroBuilds\FrankenCurieMaster\Intel_intel_arc32_arduino_101\CurieIMU\BMI160.cpp.o
                0x4003a1a0                BMI160Class::setDoubleTapDetectionDuration(unsigned char)
 .text._ZN11BMI160Class21setIntFreefallEnabledEb
                0x4003a1b8       0x18 C:\Users\kehood\AppData\Local\Temp\VMicroBuilds\FrankenCurieMaster\Intel_intel_arc32_arduino_101\CurieIMU\BMI160.cpp.o
                0x4003a1b8                BMI160Class::setIntFreefallEnabled(bool)
 .text._ZN11BMI160Class18setIntShockEnabledEb
                0x4003a1d0       0x20 C:\Users\kehood\AppData\Local\Temp\VMicroBuilds\FrankenCurieMaster\Intel_intel_arc32_arduino_101\CurieIMU\BMI160.cpp.o
                0x4003a1d0                BMI160Class::setIntShockEnabled(bool)
 .text._ZN11BMI160Class17setIntStepEnabledEb
                0x4003a1f0       0x18 C:\Users\kehood\AppData\Local\Temp\VMicroBuilds\FrankenCurieMaster\Intel_intel_arc32_arduino_101\CurieIMU\BMI160.cpp.o
                0x4003a1f0                BMI160Class::setIntStepEnabled(bool)
 .text._ZN11BMI160Class19setIntMotionEnabledEb
                0x4003a208       0x20 C:\Users\kehood\AppData\Local\Temp\VMicroBuilds\FrankenCurieMaster\Intel_intel_arc32_arduino_101\CurieIMU\BMI160.cpp.o
                0x4003a208                BMI160Class::setIntMotionEnabled(bool)
 .text._ZN11BMI160Class23setIntZeroMotionEnabledEb
                0x4003a228       0x40 C:\Users\kehood\AppData\Local\Temp\VMicroBuilds\FrankenCurieMaster\Intel_intel_arc32_arduino_101\CurieIMU\BMI160.cpp.o
                0x4003a228                BMI160Class::setIntZeroMotionEnabled(bool)
 .text._ZN11BMI160Class16setIntTapEnabledEb
                0x4003a268       0x18 C:\Users\kehood\AppData\Local\Temp\VMicroBuilds\FrankenCurieMaster\Intel_intel_arc32_arduino_101\CurieIMU\BMI160.cpp.o
                0x4003a268                BMI160Class::setIntTapEnabled(bool)
 .text._ZN11BMI160Class22setIntDoubleTapEnabledEb
                0x4003a280       0x18 C:\Users\kehood\AppData\Local\Temp\VMicroBuilds\FrankenCurieMaster\Intel_intel_arc32_arduino_101\CurieIMU\BMI160.cpp.o
                0x4003a280                BMI160Class::setIntDoubleTapEnabled(bool)
 .text._ZN11BMI160Class27setIntFIFOBufferFullEnabledEb
                0x4003a298       0x18 C:\Users\kehood\AppData\Local\Temp\VMicroBuilds\FrankenCurieMaster\Intel_intel_arc32_arduino_101\CurieIMU\BMI160.cpp.o
                0x4003a298                BMI160Class::setIntFIFOBufferFullEnabled(bool)
 .text._ZN11BMI160Class22setIntDataReadyEnabledEb
                0x4003a2b0       0x18 C:\Users\kehood\AppData\Local\Temp\VMicroBuilds\FrankenCurieMaster\Intel_intel_arc32_arduino_101\CurieIMU\BMI160.cpp.o
                0x4003a2b0                BMI160Class::setIntDataReadyEnabled(bool)
 .text._ZN11BMI160Class20getIntFreefallStatusEv
                0x4003a2c8       0x1c C:\Users\kehood\AppData\Local\Temp\VMicroBuilds\FrankenCurieMaster\Intel_intel_arc32_arduino_101\CurieIMU\BMI160.cpp.o
                0x4003a2c8                BMI160Class::getIntFreefallStatus()
 .text._ZN11BMI160Class15getIntTapStatusEv
                0x4003a2e4       0x1c C:\Users\kehood\AppData\Local\Temp\VMicroBuilds\FrankenCurieMaster\Intel_intel_arc32_arduino_101\CurieIMU\BMI160.cpp.o
                0x4003a2e4                BMI160Class::getIntTapStatus()
 .text._ZN11BMI160Class21getIntDoubleTapStatusEv
                0x4003a300       0x1c C:\Users\kehood\AppData\Local\Temp\VMicroBuilds\FrankenCurieMaster\Intel_intel_arc32_arduino_101\CurieIMU\BMI160.cpp.o
                0x4003a300                BMI160Class::getIntDoubleTapStatus()
 .text._ZN11BMI160Class17getIntShockStatusEv
                0x4003a31c       0x1c C:\Users\kehood\AppData\Local\Temp\VMicroBuilds\FrankenCurieMaster\Intel_intel_arc32_arduino_101\CurieIMU\BMI160.cpp.o
                0x4003a31c                BMI160Class::getIntShockStatus()
 .text._ZN11BMI160Class16getIntStepStatusEv
                0x4003a338       0x18 C:\Users\kehood\AppData\Local\Temp\VMicroBuilds\FrankenCurieMaster\Intel_intel_arc32_arduino_101\CurieIMU\BMI160.cpp.o
                0x4003a338                BMI160Class::getIntStepStatus()
 .text._ZN11BMI160Class18getIntMotionStatusEv
                0x4003a350       0x1c C:\Users\kehood\AppData\Local\Temp\VMicroBuilds\FrankenCurieMaster\Intel_intel_arc32_arduino_101\CurieIMU\BMI160.cpp.o
                0x4003a350                BMI160Class::getIntMotionStatus()
 .text._ZN11BMI160Class22getIntZeroMotionStatusEv
                0x4003a36c       0x1c C:\Users\kehood\AppData\Local\Temp\VMicroBuilds\FrankenCurieMaster\Intel_intel_arc32_arduino_101\CurieIMU\BMI160.cpp.o
                0x4003a36c                BMI160Class::getIntZeroMotionStatus()
 .text._ZN11BMI160Class26getIntFIFOBufferFullStatusEv
                0x4003a388       0x1c C:\Users\kehood\AppData\Local\Temp\VMicroBuilds\FrankenCurieMaster\Intel_intel_arc32_arduino_101\CurieIMU\BMI160.cpp.o
                0x4003a388                BMI160Class::getIntFIFOBufferFullStatus()
 .text._ZN11BMI160Class21getIntDataReadyStatusEv
                0x4003a3a4       0x1c C:\Users\kehood\AppData\Local\Temp\VMicroBuilds\FrankenCurieMaster\Intel_intel_arc32_arduino_101\CurieIMU\BMI160.cpp.o
                0x4003a3a4                BMI160Class::getIntDataReadyStatus()
 .text._ZN11BMI160Class16setInterruptModeEb
                0x4003a3c0       0x1c C:\Users\kehood\AppData\Local\Temp\VMicroBuilds\FrankenCurieMaster\Intel_intel_arc32_arduino_101\CurieIMU\BMI160.cpp.o
                0x4003a3c0                BMI160Class::setInterruptMode(bool)
 .text._ZN11BMI160Class17setInterruptDriveEb
                0x4003a3dc       0x18 C:\Users\kehood\AppData\Local\Temp\VMicroBuilds\FrankenCurieMaster\Intel_intel_arc32_arduino_101\CurieIMU\BMI160.cpp.o
                0x4003a3dc                BMI160Class::setInterruptDrive(bool)
 .text._ZN11BMI160Class17setInterruptLatchEh
                0x4003a3f4       0x18 C:\Users\kehood\AppData\Local\Temp\VMicroBuilds\FrankenCurieMaster\Intel_intel_arc32_arduino_101\CurieIMU\BMI160.cpp.o
                0x4003a3f4                BMI160Class::setInterruptLatch(unsigned char)
 .text._ZN11BMI160Class13setIntEnabledEb
                0x4003a40c       0x18 C:\Users\kehood\AppData\Local\Temp\VMicroBuilds\FrankenCurieMaster\Intel_intel_arc32_arduino_101\CurieIMU\BMI160.cpp.o
                0x4003a40c                BMI160Class::setIntEnabled(bool)
 .text._ZN11BMI160Class10getMotion6EPsS0_S0_S0_S0_S0_
                0x4003a424       0x9c C:\Users\kehood\AppData\Local\Temp\VMicroBuilds\FrankenCurieMaster\Intel_intel_arc32_arduino_101\CurieIMU\BMI160.cpp.o
                0x4003a424                BMI160Class::getMotion6(short*, short*, short*, short*, short*, short*)
 .text._ZN13CurieIMUClass22serial_buffer_transferEPhjj
                0x4003a4c0       0x38 C:\Users\kehood\AppData\Local\Temp\VMicroBuilds\FrankenCurieMaster\Intel_intel_arc32_arduino_101\CurieIMU\CurieIMU.cpp.o
                0x4003a4c0                CurieIMUClass::serial_buffer_transfer(unsigned char*, unsigned int, unsigned int)
 .text._Z15bmi160_pin1_isrv
                0x4003a4f8       0x2c C:\Users\kehood\AppData\Local\Temp\VMicroBuilds\FrankenCurieMaster\Intel_intel_arc32_arduino_101\CurieIMU\CurieIMU.cpp.o
                0x4003a4f8                bmi160_pin1_isr()
 .text._ZN13CurieIMUClass5beginEv
                0x4003a524       0x7c C:\Users\kehood\AppData\Local\Temp\VMicroBuilds\FrankenCurieMaster\Intel_intel_arc32_arduino_101\CurieIMU\CurieIMU.cpp.o
                0x4003a524                CurieIMUClass::begin()
 .text._ZN13CurieIMUClass11setGyroRateEi
                0x4003a5a0       0x50 C:\Users\kehood\AppData\Local\Temp\VMicroBuilds\FrankenCurieMaster\Intel_intel_arc32_arduino_101\CurieIMU\CurieIMU.cpp.o
                0x4003a5a0                CurieIMUClass::setGyroRate(int)
 .text._ZN13CurieIMUClass20getAccelerometerRateEv
                0x4003a5f0       0x30 C:\Users\kehood\AppData\Local\Temp\VMicroBuilds\FrankenCurieMaster\Intel_intel_arc32_arduino_101\CurieIMU\CurieIMU.cpp.o
                0x4003a5f0                CurieIMUClass::getAccelerometerRate()
 .text._ZN13CurieIMUClass20setAccelerometerRateEf
                0x4003a620       0xc8 C:\Users\kehood\AppData\Local\Temp\VMicroBuilds\FrankenCurieMaster\Intel_intel_arc32_arduino_101\CurieIMU\CurieIMU.cpp.o
                0x4003a620                CurieIMUClass::setAccelerometerRate(float)
 .text._ZN13CurieIMUClass12setGyroRangeEi
                0x4003a6e8       0x38 C:\Users\kehood\AppData\Local\Temp\VMicroBuilds\FrankenCurieMaster\Intel_intel_arc32_arduino_101\CurieIMU\CurieIMU.cpp.o
                0x4003a6e8                CurieIMUClass::setGyroRange(int)
 .text._ZN13CurieIMUClass21getAccelerometerRangeEv
                0x4003a720       0x2c C:\Users\kehood\AppData\Local\Temp\VMicroBuilds\FrankenCurieMaster\Intel_intel_arc32_arduino_101\CurieIMU\CurieIMU.cpp.o
                0x4003a720                CurieIMUClass::getAccelerometerRange()
 .text._ZN13CurieIMUClass21setAccelerometerRangeEi
                0x4003a74c       0x28 C:\Users\kehood\AppData\Local\Temp\VMicroBuilds\FrankenCurieMaster\Intel_intel_arc32_arduino_101\CurieIMU\CurieIMU.cpp.o
                0x4003a74c                CurieIMUClass::setAccelerometerRange(int)
 .text._ZN13CurieIMUClass23autoCalibrateGyroOffsetEv
                0x4003a774       0x28 C:\Users\kehood\AppData\Local\Temp\VMicroBuilds\FrankenCurieMaster\Intel_intel_arc32_arduino_101\CurieIMU\CurieIMU.cpp.o
                0x4003a774                CurieIMUClass::autoCalibrateGyroOffset()
 .text._ZN13CurieIMUClass29setFreefallDetectionThresholdEf
                0x4003a79c       0x58 C:\Users\kehood\AppData\Local\Temp\VMicroBuilds\FrankenCurieMaster\Intel_intel_arc32_arduino_101\CurieIMU\CurieIMU.cpp.o
                0x4003a79c                CurieIMUClass::setFreefallDetectionThreshold(float)
 .text._ZN13CurieIMUClass26setShockDetectionThresholdEf
                0x4003a7f4       0xcc C:\Users\kehood\AppData\Local\Temp\VMicroBuilds\FrankenCurieMaster\Intel_intel_arc32_arduino_101\CurieIMU\CurieIMU.cpp.o
                0x4003a7f4                CurieIMUClass::setShockDetectionThreshold(float)
 .text._ZN13CurieIMUClass27setMotionDetectionThresholdEf
                0x4003a8c0       0x94 C:\Users\kehood\AppData\Local\Temp\VMicroBuilds\FrankenCurieMaster\Intel_intel_arc32_arduino_101\CurieIMU\CurieIMU.cpp.o
                0x4003a8c0                CurieIMUClass::setMotionDetectionThreshold(float)
 .text._ZN13CurieIMUClass31setZeroMotionDetectionThresholdEf
                0x4003a954       0x94 C:\Users\kehood\AppData\Local\Temp\VMicroBuilds\FrankenCurieMaster\Intel_intel_arc32_arduino_101\CurieIMU\CurieIMU.cpp.o
                0x4003a954                CurieIMUClass::setZeroMotionDetectionThreshold(float)
 .text._ZN13CurieIMUClass24setTapDetectionThresholdEf
                0x4003a9e8       0xb8 C:\Users\kehood\AppData\Local\Temp\VMicroBuilds\FrankenCurieMaster\Intel_intel_arc32_arduino_101\CurieIMU\CurieIMU.cpp.o
                0x4003a9e8                CurieIMUClass::setTapDetectionThreshold(float)
 .text._ZN13CurieIMUClass21setDetectionThresholdEif
                0x4003aaa0       0x54 C:\Users\kehood\AppData\Local\Temp\VMicroBuilds\FrankenCurieMaster\Intel_intel_arc32_arduino_101\CurieIMU\CurieIMU.cpp.o
                0x4003aaa0                CurieIMUClass::setDetectionThreshold(int, float)
 .text._ZN13CurieIMUClass28setFreefallDetectionDurationEf
                0x4003aaf4       0x50 C:\Users\kehood\AppData\Local\Temp\VMicroBuilds\FrankenCurieMaster\Intel_intel_arc32_arduino_101\CurieIMU\CurieIMU.cpp.o
                0x4003aaf4                CurieIMUClass::setFreefallDetectionDuration(float)
 .text._ZN13CurieIMUClass25setShockDetectionDurationEi
                0x4003ab44       0x18 C:\Users\kehood\AppData\Local\Temp\VMicroBuilds\FrankenCurieMaster\Intel_intel_arc32_arduino_101\CurieIMU\CurieIMU.cpp.o
                0x4003ab44                CurieIMUClass::setShockDetectionDuration(int)
 .text._ZN13CurieIMUClass26setMotionDetectionDurationEf
                0x4003ab5c       0x40 C:\Users\kehood\AppData\Local\Temp\VMicroBuilds\FrankenCurieMaster\Intel_intel_arc32_arduino_101\CurieIMU\CurieIMU.cpp.o
                0x4003ab5c                CurieIMUClass::setMotionDetectionDuration(float)
 .text._ZN13CurieIMUClass19setTapShockDurationEi
                0x4003ab9c       0x18 C:\Users\kehood\AppData\Local\Temp\VMicroBuilds\FrankenCurieMaster\Intel_intel_arc32_arduino_101\CurieIMU\CurieIMU.cpp.o
                0x4003ab9c                CurieIMUClass::setTapShockDuration(int)
 .text._ZN13CurieIMUClass19setTapQuietDurationEi
                0x4003abb4       0x18 C:\Users\kehood\AppData\Local\Temp\VMicroBuilds\FrankenCurieMaster\Intel_intel_arc32_arduino_101\CurieIMU\CurieIMU.cpp.o
                0x4003abb4                CurieIMUClass::setTapQuietDuration(int)
 .text._ZN13CurieIMUClass29setDoubleTapDetectionDurationEi
                0x4003abcc       0x54 C:\Users\kehood\AppData\Local\Temp\VMicroBuilds\FrankenCurieMaster\Intel_intel_arc32_arduino_101\CurieIMU\CurieIMU.cpp.o
                0x4003abcc                CurieIMUClass::setDoubleTapDetectionDuration(int)
 .text._ZN13CurieIMUClass20setDetectionDurationEif
                0x4003ac20       0xe0 C:\Users\kehood\AppData\Local\Temp\VMicroBuilds\FrankenCurieMaster\Intel_intel_arc32_arduino_101\CurieIMU\CurieIMU.cpp.o
                0x4003ac20                CurieIMUClass::setDetectionDuration(int, float)
 .text._ZN13CurieIMUClass15enableInterruptEib
                0x4003ad00       0x78 C:\Users\kehood\AppData\Local\Temp\VMicroBuilds\FrankenCurieMaster\Intel_intel_arc32_arduino_101\CurieIMU\CurieIMU.cpp.o
                0x4003ad00                CurieIMUClass::enableInterrupt(int, bool)
 .text._ZN13CurieIMUClass10interruptsEi
                0x4003ad78       0x10 C:\Users\kehood\AppData\Local\Temp\VMicroBuilds\FrankenCurieMaster\Intel_intel_arc32_arduino_101\CurieIMU\CurieIMU.cpp.o
                0x4003ad78                CurieIMUClass::interrupts(int)
 .text._ZN13CurieIMUClass18getInterruptStatusEi
                0x4003ad88       0x68 C:\Users\kehood\AppData\Local\Temp\VMicroBuilds\FrankenCurieMaster\Intel_intel_arc32_arduino_101\CurieIMU\CurieIMU.cpp.o
                0x4003ad88                CurieIMUClass::getInterruptStatus(int)
 .text._ZN13CurieIMUClass16readMotionSensorERiS0_S0_S0_S0_S0_
                0x4003adf0       0x70 C:\Users\kehood\AppData\Local\Temp\VMicroBuilds\FrankenCurieMaster\Intel_intel_arc32_arduino_101\CurieIMU\CurieIMU.cpp.o
                0x4003adf0                CurieIMUClass::readMotionSensor(int&, int&, int&, int&, int&, int&)
 .text._ZN13CurieIMUClass15attachInterruptEPFvvE
                0x4003ae60       0x7c C:\Users\kehood\AppData\Local\Temp\VMicroBuilds\FrankenCurieMaster\Intel_intel_arc32_arduino_101\CurieIMU\CurieIMU.cpp.o
                0x4003ae60                CurieIMUClass::attachInterrupt(void (*)())
 .text._GLOBAL__sub_I__ZN13CurieIMUClass5beginEv
                0x4003aedc       0x1c C:\Users\kehood\AppData\Local\Temp\VMicroBuilds\FrankenCurieMaster\Intel_intel_arc32_arduino_101\CurieIMU\CurieIMU.cpp.o
 .text.ss_spi_init
                0x4003aef8       0x68 C:\Users\kehood\AppData\Local\Temp\VMicroBuilds\FrankenCurieMaster\Intel_intel_arc32_arduino_101\CurieIMU\internal\ss_spi.c.o
                0x4003aef8                ss_spi_init
 .text.ss_spi_xfer
                0x4003af60       0xec C:\Users\kehood\AppData\Local\Temp\VMicroBuilds\FrankenCurieMaster\Intel_intel_arc32_arduino_101\CurieIMU\internal\ss_spi.c.o
                0x4003af60                ss_spi_xfer
 .text.attachInterrupt
                0x4003b04c       0xc4 C:\Users\kehood\AppData\Local\Temp\VMicroBuilds\FrankenCurieMaster\Intel_intel_arc32_arduino_101/core.a(WInterrupts.c.o)
                0x4003b04c                attachInterrupt
 .text.detachInterrupt
                0x4003b110       0x38 C:\Users\kehood\AppData\Local\Temp\VMicroBuilds\FrankenCurieMaster\Intel_intel_arc32_arduino_101/core.a(WInterrupts.c.o)
                0x4003b110                detachInterrupt
 .text.interrupts
                0x4003b148       0x2c C:\Users\kehood\AppData\Local\Temp\VMicroBuilds\FrankenCurieMaster\Intel_intel_arc32_arduino_101/core.a(WInterrupts.c.o)
                0x4003b148                interrupts
 .text.noInterrupts
                0x4003b174       0x2c C:\Users\kehood\AppData\Local\Temp\VMicroBuilds\FrankenCurieMaster\Intel_intel_arc32_arduino_101/core.a(WInterrupts.c.o)
                0x4003b174                noInterrupts
 .text.delay    0x4003b1a0       0xc4 C:\Users\kehood\AppData\Local\Temp\VMicroBuilds\FrankenCurieMaster\Intel_intel_arc32_arduino_101/core.a(wiring.c.o)
                0x4003b1a0                delay
 .text.micros   0x4003b264       0x3c C:\Users\kehood\AppData\Local\Temp\VMicroBuilds\FrankenCurieMaster\Intel_intel_arc32_arduino_101/core.a(wiring.c.o)
                0x4003b264                micros
 .text.pinMode  0x4003b2a0       0xf4 C:\Users\kehood\AppData\Local\Temp\VMicroBuilds\FrankenCurieMaster\Intel_intel_arc32_arduino_101/core.a(wiring_digital.c.o)
                0x4003b2a0                pinMode
 .text.digitalWrite
                0x4003b394       0xb0 C:\Users\kehood\AppData\Local\Temp\VMicroBuilds\FrankenCurieMaster\Intel_intel_arc32_arduino_101/core.a(wiring_digital.c.o)
                0x4003b394                digitalWrite
 .text.digitalRead
                0x4003b444       0x48 C:\Users\kehood\AppData\Local\Temp\VMicroBuilds\FrankenCurieMaster\Intel_intel_arc32_arduino_101/core.a(wiring_digital.c.o)
                0x4003b444                digitalRead
 .text._ZN14CDCSerialClass3endEv
                0x4003b48c       0x14 C:\Users\kehood\AppData\Local\Temp\VMicroBuilds\FrankenCurieMaster\Intel_intel_arc32_arduino_101/core.a(CDCSerialClass.cpp.o)
                0x4003b48c                CDCSerialClass::end()
 .text._ZN14CDCSerialClass4peekEv
                0x4003b4a0       0x28 C:\Users\kehood\AppData\Local\Temp\VMicroBuilds\FrankenCurieMaster\Intel_intel_arc32_arduino_101/core.a(CDCSerialClass.cpp.o)
                0x4003b4a0                CDCSerialClass::peek()
 .text._ZN14CDCSerialClass4readEv
                0x4003b4c8       0x48 C:\Users\kehood\AppData\Local\Temp\VMicroBuilds\FrankenCurieMaster\Intel_intel_arc32_arduino_101/core.a(CDCSerialClass.cpp.o)
                0x4003b4c8                CDCSerialClass::read()
 .text._ZN14CDCSerialClasscvbEv
                0x4003b510       0x34 C:\Users\kehood\AppData\Local\Temp\VMicroBuilds\FrankenCurieMaster\Intel_intel_arc32_arduino_101/core.a(CDCSerialClass.cpp.o)
                0x4003b510                CDCSerialClass::operator bool()
 .text._ZN14CDCSerialClass5flushEv
                0x4003b544       0x2c C:\Users\kehood\AppData\Local\Temp\VMicroBuilds\FrankenCurieMaster\Intel_intel_arc32_arduino_101/core.a(CDCSerialClass.cpp.o)
                0x4003b544                CDCSerialClass::flush()
 .text._ZN14CDCSerialClass9availableEv
                0x4003b570       0x40 C:\Users\kehood\AppData\Local\Temp\VMicroBuilds\FrankenCurieMaster\Intel_intel_arc32_arduino_101/core.a(CDCSerialClass.cpp.o)
                0x4003b570                CDCSerialClass::available()
 .text._ZN14CDCSerialClass5writeEh
                0x4003b5b0       0x50 C:\Users\kehood\AppData\Local\Temp\VMicroBuilds\FrankenCurieMaster\Intel_intel_arc32_arduino_101/core.a(CDCSerialClass.cpp.o)
                0x4003b5b0                CDCSerialClass::write(unsigned char)
 .text._ZN14CDCSerialClassC2EP14uart_init_info
                0x4003b600       0x20 C:\Users\kehood\AppData\Local\Temp\VMicroBuilds\FrankenCurieMaster\Intel_intel_arc32_arduino_101/core.a(CDCSerialClass.cpp.o)
                0x4003b600                CDCSerialClass::CDCSerialClass(uart_init_info*)
                0x4003b600                CDCSerialClass::CDCSerialClass(uart_init_info*)
 .text._ZN14CDCSerialClass13setSharedDataEP19cdc_acm_shared_data
                0x4003b620       0x18 C:\Users\kehood\AppData\Local\Temp\VMicroBuilds\FrankenCurieMaster\Intel_intel_arc32_arduino_101/core.a(CDCSerialClass.cpp.o)
                0x4003b620                CDCSerialClass::setSharedData(cdc_acm_shared_data*)
 .text._ZN14CDCSerialClass4initEmh
                0x4003b638       0x38 C:\Users\kehood\AppData\Local\Temp\VMicroBuilds\FrankenCurieMaster\Intel_intel_arc32_arduino_101/core.a(CDCSerialClass.cpp.o)
                0x4003b638                CDCSerialClass::init(unsigned long, unsigned char)
 .text._ZN14CDCSerialClass5beginEm
                0x4003b670       0x10 C:\Users\kehood\AppData\Local\Temp\VMicroBuilds\FrankenCurieMaster\Intel_intel_arc32_arduino_101/core.a(CDCSerialClass.cpp.o)
                0x4003b670                CDCSerialClass::begin(unsigned long)
 .text.main     0x4003b680       0x28 C:\Users\kehood\AppData\Local\Temp\VMicroBuilds\FrankenCurieMaster\Intel_intel_arc32_arduino_101/core.a(main.cpp.o)
                0x4003b680                main
 .text._Znaj    0x4003b6a8       0x10 C:\Users\kehood\AppData\Local\Temp\VMicroBuilds\FrankenCurieMaster\Intel_intel_arc32_arduino_101/core.a(new.cpp.o)
                0x4003b6a8                operator new[](unsigned int)
 .text._ZdlPv   0x4003b6b8       0x10 C:\Users\kehood\AppData\Local\Temp\VMicroBuilds\FrankenCurieMaster\Intel_intel_arc32_arduino_101/core.a(new.cpp.o)
                0x4003b6b8                operator delete(void*)
 .text._ZdaPv   0x4003b6c8       0x10 C:\Users\kehood\AppData\Local\Temp\VMicroBuilds\FrankenCurieMaster\Intel_intel_arc32_arduino_101/core.a(new.cpp.o)
                0x4003b6c8                operator delete[](void*)
 .text._ZN5Print5writeEPKhj
                0x4003b6d8       0x38 C:\Users\kehood\AppData\Local\Temp\VMicroBuilds\FrankenCurieMaster\Intel_intel_arc32_arduino_101/core.a(Print.cpp.o)
                0x4003b6d8                Print::write(unsigned char const*, unsigned int)
 .text._ZN5Print5printEc
                0x4003b710       0x14 C:\Users\kehood\AppData\Local\Temp\VMicroBuilds\FrankenCurieMaster\Intel_intel_arc32_arduino_101/core.a(Print.cpp.o)
                0x4003b710                Print::print(char)
 .text._Z11serialEventv
                0x4003b724        0xc C:\Users\kehood\AppData\Local\Temp\VMicroBuilds\FrankenCurieMaster\Intel_intel_arc32_arduino_101/core.a(variant.cpp.o)
                0x4003b724                serialEvent()
 .text._Z12UART_Handlerv
                0x4003b730       0x14 C:\Users\kehood\AppData\Local\Temp\VMicroBuilds\FrankenCurieMaster\Intel_intel_arc32_arduino_101/core.a(variant.cpp.o)
                0x4003b730                UART_Handler()
 .text._Z12serialEvent1v
                0x4003b744        0xc C:\Users\kehood\AppData\Local\Temp\VMicroBuilds\FrankenCurieMaster\Intel_intel_arc32_arduino_101/core.a(variant.cpp.o)
                0x4003b744                serialEvent1()
 .text.variantGpioInit
                0x4003b750       0xe0 C:\Users\kehood\AppData\Local\Temp\VMicroBuilds\FrankenCurieMaster\Intel_intel_arc32_arduino_101/core.a(variant.cpp.o)
                0x4003b750                variantGpioInit
 .text.variantPwmInit
                0x4003b830       0x3c C:\Users\kehood\AppData\Local\Temp\VMicroBuilds\FrankenCurieMaster\Intel_intel_arc32_arduino_101/core.a(variant.cpp.o)
                0x4003b830                variantPwmInit
 .text.variantAdcInit
                0x4003b86c       0xa8 C:\Users\kehood\AppData\Local\Temp\VMicroBuilds\FrankenCurieMaster\Intel_intel_arc32_arduino_101/core.a(variant.cpp.o)
                0x4003b86c                variantAdcInit
 .text.initVariant
                0x4003b914       0x30 C:\Users\kehood\AppData\Local\Temp\VMicroBuilds\FrankenCurieMaster\Intel_intel_arc32_arduino_101/core.a(variant.cpp.o)
                0x4003b914                initVariant
 .text._GLOBAL__sub_I_g_APinDescription
                0x4003b944       0x50 C:\Users\kehood\AppData\Local\Temp\VMicroBuilds\FrankenCurieMaster\Intel_intel_arc32_arduino_101/core.a(variant.cpp.o)
 .text._Z14serialEventRunv
                0x4003b994       0x38 C:\Users\kehood\AppData\Local\Temp\VMicroBuilds\FrankenCurieMaster\Intel_intel_arc32_arduino_101/core.a(variant.cpp.o)
                0x4003b994                serialEventRun()
 .text.__empty  0x4003b9cc        0xc C:\Users\kehood\AppData\Local\Temp\VMicroBuilds\FrankenCurieMaster\Intel_intel_arc32_arduino_101/core.a(hooks.c.o)
                0x4003b9cc                yield
 .text._ZN10RingBufferC2Ev
                0x4003b9d8       0x30 C:\Users\kehood\AppData\Local\Temp\VMicroBuilds\FrankenCurieMaster\Intel_intel_arc32_arduino_101/core.a(RingBuffer.cpp.o)
                0x4003b9d8                RingBuffer::RingBuffer()
                0x4003b9d8                RingBuffer::RingBuffer()
 .text._ZN10RingBuffer10store_charEh
                0x4003ba08       0x38 C:\Users\kehood\AppData\Local\Temp\VMicroBuilds\FrankenCurieMaster\Intel_intel_arc32_arduino_101/core.a(RingBuffer.cpp.o)
                0x4003ba08                RingBuffer::store_char(unsigned char)
 .text._ZN9UARTClasscvbEv
                0x4003ba40       0x10 C:\Users\kehood\AppData\Local\Temp\VMicroBuilds\FrankenCurieMaster\Intel_intel_arc32_arduino_101/core.a(UARTClass.cpp.o)
                0x4003ba40                UARTClass::operator bool()
 .text._ZN9UARTClass9availableEv
                0x4003ba50       0x1c C:\Users\kehood\AppData\Local\Temp\VMicroBuilds\FrankenCurieMaster\Intel_intel_arc32_arduino_101/core.a(UARTClass.cpp.o)
                0x4003ba50                UARTClass::available()
 .text._ZN9UARTClass4peekEv
                0x4003ba6c       0x24 C:\Users\kehood\AppData\Local\Temp\VMicroBuilds\FrankenCurieMaster\Intel_intel_arc32_arduino_101/core.a(UARTClass.cpp.o)
                0x4003ba6c                UARTClass::peek()
 .text._ZN9UARTClass4readEv
                0x4003ba90       0x2c C:\Users\kehood\AppData\Local\Temp\VMicroBuilds\FrankenCurieMaster\Intel_intel_arc32_arduino_101/core.a(UARTClass.cpp.o)
                0x4003ba90                UARTClass::read()
 .text._ZN9UARTClass3endEv
                0x4003babc       0x54 C:\Users\kehood\AppData\Local\Temp\VMicroBuilds\FrankenCurieMaster\Intel_intel_arc32_arduino_101/core.a(UARTClass.cpp.o)
                0x4003babc                UARTClass::end()
 .text._ZN9UARTClass5flushEv
                0x4003bb10       0x28 C:\Users\kehood\AppData\Local\Temp\VMicroBuilds\FrankenCurieMaster\Intel_intel_arc32_arduino_101/core.a(UARTClass.cpp.o)
                0x4003bb10                UARTClass::flush()
 .text._ZN9UARTClass5writeEh
                0x4003bb38       0x68 C:\Users\kehood\AppData\Local\Temp\VMicroBuilds\FrankenCurieMaster\Intel_intel_arc32_arduino_101/core.a(UARTClass.cpp.o)
                0x4003bb38                UARTClass::write(unsigned char)
 .text._ZN9UARTClassC2EP14uart_init_infoP10RingBufferS3_
                0x4003bba0       0x24 C:\Users\kehood\AppData\Local\Temp\VMicroBuilds\FrankenCurieMaster\Intel_intel_arc32_arduino_101/core.a(UARTClass.cpp.o)
                0x4003bba0                UARTClass::UARTClass(uart_init_info*, RingBuffer*, RingBuffer*)
                0x4003bba0                UARTClass::UARTClass(uart_init_info*, RingBuffer*, RingBuffer*)
 .text._ZN9UARTClass4initEmh
                0x4003bbc4       0xc8 C:\Users\kehood\AppData\Local\Temp\VMicroBuilds\FrankenCurieMaster\Intel_intel_arc32_arduino_101/core.a(UARTClass.cpp.o)
                0x4003bbc4                UARTClass::init(unsigned long, unsigned char)
 .text._ZN9UARTClass5beginEmh
                0x4003bc8c       0x28 C:\Users\kehood\AppData\Local\Temp\VMicroBuilds\FrankenCurieMaster\Intel_intel_arc32_arduino_101/core.a(UARTClass.cpp.o)
                0x4003bc8c                UARTClass::begin(unsigned long, unsigned char)
 .text._ZN9UARTClass5beginEm
                0x4003bcb4       0x10 C:\Users\kehood\AppData\Local\Temp\VMicroBuilds\FrankenCurieMaster\Intel_intel_arc32_arduino_101/core.a(UARTClass.cpp.o)
                0x4003bcb4                UARTClass::begin(unsigned long)
 .text._ZN9UARTClass10IrqHandlerEv
                0x4003bcc4       0x74 C:\Users\kehood\AppData\Local\Temp\VMicroBuilds\FrankenCurieMaster\Intel_intel_arc32_arduino_101/core.a(UARTClass.cpp.o)
                0x4003bcc4                UARTClass::IrqHandler()
                0x4003bd38                __text_end = .

ctors           0x4003bd38       0x14
                0x4003bd38                . = ALIGN (0x4)
                0x4003bd38                __CTOR_LIST__ = .
                0x4003bd38        0x4 LONG 0x3 (((__CTOR_END__ - __CTOR_LIST__) / 0x4) - 0x2)
 *(SORT(.ctors*))
 .ctors         0x4003bd3c        0x4 C:\Users\kehood\AppData\Local\Temp\VMicroBuilds\FrankenCurieMaster\Intel_intel_arc32_arduino_101\FrankenCurieMaster.cpp.o
 .ctors         0x4003bd40        0x4 C:\Users\kehood\AppData\Local\Temp\VMicroBuilds\FrankenCurieMaster\Intel_intel_arc32_arduino_101\CurieIMU\CurieIMU.cpp.o
 .ctors         0x4003bd44        0x4 C:\Users\kehood\AppData\Local\Temp\VMicroBuilds\FrankenCurieMaster\Intel_intel_arc32_arduino_101/core.a(variant.cpp.o)
                0x4003bd48        0x4 LONG 0x0
                0x4003bd4c                __CTOR_END__ = .

rodata          0x4003bd4c      0x234
 *(.rodata)
 .rodata        0x4003bd4c        0x8 c:/users/kehood/appdata/local/arduino15/packages/intel/tools/arc-elf32/1.6.4+1.0/bin/../lib/gcc/arc-elf32/4.8.3/../../../../arc-elf32/lib\libc.a(lib_a-impure.o)
                0x4003bd50                _global_impure_ptr
 .rodata        0x4003bd54       0x10 c:/users/kehood/appdata/local/arduino15/packages/intel/tools/arc-elf32/1.6.4+1.0/bin/../lib/gcc/arc-elf32/4.8.3\libgcc.a(fp-bit.o)
                0x4003bd54                __thenan_sf
 .rodata        0x4003bd64       0x14 c:/users/kehood/appdata/local/arduino15/packages/intel/tools/arc-elf32/1.6.4+1.0/bin/../lib/gcc/arc-elf32/4.8.3\libgcc.a(dp-bit.o)
                0x4003bd64                __thenan_df
 *(.rodata.*)
 .rodata.str1.4
                0x4003bd78       0x95 C:\Users\kehood\AppData\Local\arduino15\packages\Intel\hardware\arc32\1.0.5\variants\arduino_101\libarc32drv_arduino101.a(service_manager.o)
                                 0x98 (size before relaxing)
 *fill*         0x4003be0d        0x3 
 .rodata.__func__.2670
                0x4003be10       0x18 C:\Users\kehood\AppData\Local\arduino15\packages\Intel\hardware\arc32\1.0.5\variants\arduino_101\libarc32drv_arduino101.a(service_manager.o)
 .rodata.str1.4
                0x4003be28       0x73 C:\Users\kehood\AppData\Local\arduino15\packages\Intel\hardware\arc32\1.0.5\variants\arduino_101\libarc32drv_arduino101.a(ipc.o)
                                 0x74 (size before relaxing)
 *fill*         0x4003be9b        0x1 
 .rodata.str1.4
                0x4003be9c       0x34 C:\Users\kehood\AppData\Local\arduino15\packages\Intel\hardware\arc32\1.0.5\variants\arduino_101\libarc32drv_arduino101.a(port.o)
 .rodata._ZTV14SoftwareSerial
                0x4003bed0       0x28 C:\Users\kehood\AppData\Local\Temp\VMicroBuilds\FrankenCurieMaster\Intel_intel_arc32_arduino_101\CurieSoftwareSerial\SoftwareSerial.cpp.o
                0x4003bed0                vtable for SoftwareSerial
 .rodata.CSWTCH.49
                0x4003bef8        0x6 C:\Users\kehood\AppData\Local\Temp\VMicroBuilds\FrankenCurieMaster\Intel_intel_arc32_arduino_101\CurieIMU\CurieIMU.cpp.o
 *fill*         0x4003befe        0x2 
 .rodata.CSWTCH.43
                0x4003bf00       0x1c C:\Users\kehood\AppData\Local\Temp\VMicroBuilds\FrankenCurieMaster\Intel_intel_arc32_arduino_101\CurieIMU\CurieIMU.cpp.o
 .rodata._ZTV13CurieIMUClass
                0x4003bf1c        0xc C:\Users\kehood\AppData\Local\Temp\VMicroBuilds\FrankenCurieMaster\Intel_intel_arc32_arduino_101\CurieIMU\CurieIMU.cpp.o
                0x4003bf1c                vtable for CurieIMUClass
 .rodata._ZTV14CDCSerialClass
                0x4003bf28       0x2c C:\Users\kehood\AppData\Local\Temp\VMicroBuilds\FrankenCurieMaster\Intel_intel_arc32_arduino_101/core.a(CDCSerialClass.cpp.o)
                0x4003bf28                vtable for CDCSerialClass
 .rodata._ZTV9UARTClass
                0x4003bf54       0x2c C:\Users\kehood\AppData\Local\Temp\VMicroBuilds\FrankenCurieMaster\Intel_intel_arc32_arduino_101/core.a(UARTClass.cpp.o)
                0x4003bf54                vtable for UARTClass
                0x4003bf80                __data_rom_start = ALIGN (0x4)

datas           0xa800e000      0xcd8 load address 0x4003bf80
                0xa800e000                __data_ram_start = .
 *(.data)
 .data          0xa800e000       0xd4 C:\Users\kehood\AppData\Local\arduino15\packages\Intel\hardware\arc32\1.0.5\variants\arduino_101\libarc32drv_arduino101.a(interrupt.o)
                0xa800e000                _IsrTable
 .data          0xa800e0d4      0x410 c:/users/kehood/appdata/local/arduino15/packages/intel/tools/arc-elf32/1.6.4+1.0/bin/../lib/gcc/arc-elf32/4.8.3/../../../../arc-elf32/lib\libc.a(lib_a-mallocr.o)
                0xa800e0d4                __malloc_av_
                0xa800e4dc                __malloc_trim_threshold
                0xa800e4e0                __malloc_sbrk_base
 .data          0xa800e4e4      0x428 c:/users/kehood/appdata/local/arduino15/packages/intel/tools/arc-elf32/1.6.4+1.0/bin/../lib/gcc/arc-elf32/4.8.3/../../../../arc-elf32/lib\libc.a(lib_a-impure.o)
                0xa800e908                _impure_ptr
 *(.data.*)
 .data.gpio_ports_devs
                0xa800e90c       0x30 C:\Users\kehood\AppData\Local\arduino15\packages\Intel\hardware\arc32\1.0.5\variants\arduino_101\libarc32drv_arduino101.a(soc_gpio.o)
 .data.gpio_ports_devs
                0xa800e93c       0x30 C:\Users\kehood\AppData\Local\arduino15\packages\Intel\hardware\arc32\1.0.5\variants\arduino_101\libarc32drv_arduino101.a(ss_gpio_iface.o)
 .data.gyroSensitivity
                0xa800e96c        0x2 C:\Users\kehood\AppData\Local\Temp\VMicroBuilds\FrankenCurieMaster\Intel_intel_arc32_arduino_101\FrankenCurieMaster.cpp.o
                0xa800e96c                gyroSensitivity
 .data.sampleRate
                0xa800e96e        0x2 C:\Users\kehood\AppData\Local\Temp\VMicroBuilds\FrankenCurieMaster\Intel_intel_arc32_arduino_101\FrankenCurieMaster.cpp.o
                0xa800e96e                sampleRate
 .data.accelRange
                0xa800e970        0x2 C:\Users\kehood\AppData\Local\Temp\VMicroBuilds\FrankenCurieMaster\Intel_intel_arc32_arduino_101\FrankenCurieMaster.cpp.o
                0xa800e970                accelRange
 .data.gyroRange
                0xa800e972        0x2 C:\Users\kehood\AppData\Local\Temp\VMicroBuilds\FrankenCurieMaster\Intel_intel_arc32_arduino_101\FrankenCurieMaster.cpp.o
                0xa800e972                gyroRange
 .data.zeroMotionDuration
                0xa800e974        0x4 C:\Users\kehood\AppData\Local\Temp\VMicroBuilds\FrankenCurieMaster\Intel_intel_arc32_arduino_101\FrankenCurieMaster.cpp.o
                0xa800e974                zeroMotionDuration
 .data.zeroMotionThreshold
                0xa800e978        0x4 C:\Users\kehood\AppData\Local\Temp\VMicroBuilds\FrankenCurieMaster\Intel_intel_arc32_arduino_101\FrankenCurieMaster.cpp.o
                0xa800e978                zeroMotionThreshold
 .data.interval
                0xa800e97c        0x8 C:\Users\kehood\AppData\Local\Temp\VMicroBuilds\FrankenCurieMaster\Intel_intel_arc32_arduino_101\FrankenCurieMaster.cpp.o
                0xa800e97c                interval
 .data.zeroMotionDetectedMicros
                0xa800e984        0x8 C:\Users\kehood\AppData\Local\Temp\VMicroBuilds\FrankenCurieMaster\Intel_intel_arc32_arduino_101\FrankenCurieMaster.cpp.o
                0xa800e984                zeroMotionDetectedMicros
 .data.calibrationMsg
                0xa800e98c        0x1 C:\Users\kehood\AppData\Local\Temp\VMicroBuilds\FrankenCurieMaster\Intel_intel_arc32_arduino_101\FrankenCurieMaster.cpp.o
                0xa800e98c                calibrationMsg
 .data._ZL14bufferOverflow
                0xa800e98d        0x1 C:\Users\kehood\AppData\Local\Temp\VMicroBuilds\FrankenCurieMaster\Intel_intel_arc32_arduino_101\CurieSoftwareSerial\SoftwareSerial.cpp.o
 .data._ZL13firstStartBit
                0xa800e98e        0x1 C:\Users\kehood\AppData\Local\Temp\VMicroBuilds\FrankenCurieMaster\Intel_intel_arc32_arduino_101\CurieSoftwareSerial\SoftwareSerial.cpp.o
 *fill*         0xa800e98f        0x1 
 .data.g_APinDescription
                0xa800e990      0x348 C:\Users\kehood\AppData\Local\Temp\VMicroBuilds\FrankenCurieMaster\Intel_intel_arc32_arduino_101/core.a(variant.cpp.o)
                0xa800e990                g_APinDescription
                0xa800ecd8                __data_ram_end = .

bss             0xa800ecd8      0x9a0 load address 0x4003cc58
                0xa800ecd8                . = ALIGN (0x4)
                0xa800ecd8                __bss_start = .
 *(.bss)
 .bss           0xa800ecd8       0x34 c:/users/kehood/appdata/local/arduino15/packages/intel/tools/arc-elf32/1.6.4+1.0/bin/../lib/gcc/arc-elf32/4.8.3/../../../../arc-elf32/lib\libc.a(lib_a-mallocr.o)
                0xa800ecd8                __malloc_top_pad
                0xa800ecdc                __malloc_max_sbrked_mem
                0xa800ece0                __malloc_max_total_mem
                0xa800ece4                __malloc_current_mallinfo
 .bss           0xa800ed0c        0x4 c:/users/kehood/appdata/local/arduino15/packages/intel/tools/arc-elf32/1.6.4+1.0/bin/../lib/gcc/arc-elf32/4.8.3/../../../../arc-elf32/lib\libc.a(lib_a-sbrk.o)
 *(.bss.*)
 .bss.timer0_overflows
                0xa800ed10        0x4 C:\Users\kehood\AppData\Local\arduino15\packages\Intel\hardware\arc32\1.0.5\variants\arduino_101\libarc32drv_arduino101.a(arcv2_timer0.o)
                0xa800ed10                timer0_overflows
 .bss.ble_cfw_channel
                0xa800ed14        0x4 C:\Users\kehood\AppData\Local\arduino15\packages\Intel\hardware\arc32\1.0.5\variants\arduino_101\libarc32drv_arduino101.a(ipc_uart_ns16550.o)
 .bss.ipc_uart_tx_state
                0xa800ed18        0x1 C:\Users\kehood\AppData\Local\arduino15\packages\Intel\hardware\arc32\1.0.5\variants\arduino_101\libarc32drv_arduino101.a(ipc_uart_ns16550.o)
 *fill*         0xa800ed19        0x3 
 .bss.ipc_uart_tx
                0xa800ed1c        0x4 C:\Users\kehood\AppData\Local\arduino15\packages\Intel\hardware\arc32\1.0.5\variants\arduino_101\libarc32drv_arduino101.a(ipc_uart_ns16550.o)
 .bss.uart      0xa800ed20       0x10 C:\Users\kehood\AppData\Local\arduino15\packages\Intel\hardware\arc32\1.0.5\variants\arduino_101\libarc32drv_arduino101.a(ns16550.o)
 .bss.soc_gpio_aon_cb
                0xa800ed30       0x18 C:\Users\kehood\AppData\Local\arduino15\packages\Intel\hardware\arc32\1.0.5\variants\arduino_101\libarc32drv_arduino101.a(soc_gpio.o)
 .bss.soc_gpio_32_cb
                0xa800ed48       0x80 C:\Users\kehood\AppData\Local\arduino15\packages\Intel\hardware\arc32\1.0.5\variants\arduino_101\libarc32drv_arduino101.a(soc_gpio.o)
 .bss.gpio_cfg  0xa800edc8       0x20 C:\Users\kehood\AppData\Local\arduino15\packages\Intel\hardware\arc32\1.0.5\variants\arduino_101\libarc32drv_arduino101.a(ss_gpio_iface.o)
 .bss.ss_gpio1_cb
                0xa800ede8       0x20 C:\Users\kehood\AppData\Local\arduino15\packages\Intel\hardware\arc32\1.0.5\variants\arduino_101\libarc32drv_arduino101.a(ss_gpio_iface.o)
 .bss.ss_gpio0_cb
                0xa800ee08       0x20 C:\Users\kehood\AppData\Local\arduino15\packages\Intel\hardware\arc32\1.0.5\variants\arduino_101\libarc32drv_arduino101.a(ss_gpio_iface.o)
 .bss.service_mgr_queue
                0xa800ee28        0x4 C:\Users\kehood\AppData\Local\arduino15\packages\Intel\hardware\arc32\1.0.5\variants\arduino_101\libarc32drv_arduino101.a(cfw_platform.o)
 .bss.service_avail_listeners
                0xa800ee2c        0x8 C:\Users\kehood\AppData\Local\arduino15\packages\Intel\hardware\arc32\1.0.5\variants\arduino_101\libarc32drv_arduino101.a(service_manager.o)
                0xa800ee2c                service_avail_listeners
 .bss.proxies   0xa800ee34       0x10 C:\Users\kehood\AppData\Local\arduino15\packages\Intel\hardware\arc32\1.0.5\variants\arduino_101\libarc32drv_arduino101.a(service_manager.o)
 .bss.service_mgr_port_id
                0xa800ee44        0x4 C:\Users\kehood\AppData\Local\arduino15\packages\Intel\hardware\arc32\1.0.5\variants\arduino_101\libarc32drv_arduino101.a(service_manager.o)
                0xa800ee44                service_mgr_port_id
 .bss.registered_service_count
                0xa800ee48        0x4 C:\Users\kehood\AppData\Local\arduino15\packages\Intel\hardware\arc32\1.0.5\variants\arduino_101\libarc32drv_arduino101.a(service_manager.o)
 .bss.ipc_mutex
                0xa800ee4c        0x4 C:\Users\kehood\AppData\Local\arduino15\packages\Intel\hardware\arc32\1.0.5\variants\arduino_101\libarc32drv_arduino101.a(ipc.o)
 .bss.remote_cpu
                0xa800ee50        0x1 C:\Users\kehood\AppData\Local\arduino15\packages\Intel\hardware\arc32\1.0.5\variants\arduino_101\libarc32drv_arduino101.a(ipc.o)
 *fill*         0xa800ee51        0x3 
 .bss.rx_ack_chan
                0xa800ee54        0x4 C:\Users\kehood\AppData\Local\arduino15\packages\Intel\hardware\arc32\1.0.5\variants\arduino_101\libarc32drv_arduino101.a(ipc.o)
 .bss.tx_ack_chan
                0xa800ee58        0x4 C:\Users\kehood\AppData\Local\arduino15\packages\Intel\hardware\arc32\1.0.5\variants\arduino_101\libarc32drv_arduino101.a(ipc.o)
 .bss.tx_chan   0xa800ee5c        0x4 C:\Users\kehood\AppData\Local\arduino15\packages\Intel\hardware\arc32\1.0.5\variants\arduino_101\libarc32drv_arduino101.a(ipc.o)
 .bss.rx_chan   0xa800ee60        0x4 C:\Users\kehood\AppData\Local\arduino15\packages\Intel\hardware\arc32\1.0.5\variants\arduino_101\libarc32drv_arduino101.a(ipc.o)
 .bss.global_infos
                0xa800ee64       0x33 C:\Users\kehood\AppData\Local\arduino15\packages\Intel\hardware\arc32\1.0.5\variants\arduino_101\libarc32drv_arduino101.a(log.o)
 *fill*         0xa800ee97        0x1 
 .bss.registered_port_count
                0xa800ee98        0x4 C:\Users\kehood\AppData\Local\arduino15\packages\Intel\hardware\arc32\1.0.5\variants\arduino_101\libarc32drv_arduino101.a(port.o)
 .bss.ports     0xa800ee9c      0x320 C:\Users\kehood\AppData\Local\arduino15\packages\Intel\hardware\arc32\1.0.5\variants\arduino_101\libarc32drv_arduino101.a(port.o)
 .bss.this_cpu_id
                0xa800f1bc        0x1 C:\Users\kehood\AppData\Local\arduino15\packages\Intel\hardware\arc32\1.0.5\variants\arduino_101\libarc32drv_arduino101.a(port.o)
 .bss.calibrateAgain
                0xa800f1bd        0x1 C:\Users\kehood\AppData\Local\Temp\VMicroBuilds\FrankenCurieMaster\Intel_intel_arc32_arduino_101\FrankenCurieMaster.cpp.o
                0xa800f1bd                calibrateAgain
 *fill*         0xa800f1be        0x2 