Archive member included because of file (symbol)

C:\Users\kehood\AppData\Local\arduino15\packages\Intel\hardware\arc32\1.0.5\variants\arduino_101\libarc32drv_arduino101.a(c_init.o)
                              (--whole-archive)
C:\Users\kehood\AppData\Local\arduino15\packages\Intel\hardware\arc32\1.0.5\variants\arduino_101\libarc32drv_arduino101.a(interrupt.o)
                              (--whole-archive)
C:\Users\kehood\AppData\Local\arduino15\packages\Intel\hardware\arc32\1.0.5\variants\arduino_101\libarc32drv_arduino101.a(version.o)
                              (--whole-archive)
C:\Users\kehood\AppData\Local\arduino15\packages\Intel\hardware\arc32\1.0.5\variants\arduino_101\libarc32drv_arduino101.a(arcv2_timer0.o)
                              (--whole-archive)
C:\Users\kehood\AppData\Local\arduino15\packages\Intel\hardware\arc32\1.0.5\variants\arduino_101\libarc32drv_arduino101.a(ipc_uart_ns16550.o)
                              (--whole-archive)
C:\Users\kehood\AppData\Local\arduino15\packages\Intel\hardware\arc32\1.0.5\variants\arduino_101\libarc32drv_arduino101.a(ns16550.o)
                              (--whole-archive)
C:\Users\kehood\AppData\Local\arduino15\packages\Intel\hardware\arc32\1.0.5\variants\arduino_101\libarc32drv_arduino101.a(soc_gpio.o)
                              (--whole-archive)
C:\Users\kehood\AppData\Local\arduino15\packages\Intel\hardware\arc32\1.0.5\variants\arduino_101\libarc32drv_arduino101.a(ss_dw_i2c.o)
                              (--whole-archive)
C:\Users\kehood\AppData\Local\arduino15\packages\Intel\hardware\arc32\1.0.5\variants\arduino_101\libarc32drv_arduino101.a(ss_gpio_iface.o)
                              (--whole-archive)
C:\Users\kehood\AppData\Local\arduino15\packages\Intel\hardware\arc32\1.0.5\variants\arduino_101\libarc32drv_arduino101.a(ss_i2c_iface.o)
                              (--whole-archive)
C:\Users\kehood\AppData\Local\arduino15\packages\Intel\hardware\arc32\1.0.5\variants\arduino_101\libarc32drv_arduino101.a(cfw_platform.o)
                              (--whole-archive)
C:\Users\kehood\AppData\Local\arduino15\packages\Intel\hardware\arc32\1.0.5\variants\arduino_101\libarc32drv_arduino101.a(nordic_interface.o)
                              (--whole-archive)
C:\Users\kehood\AppData\Local\arduino15\packages\Intel\hardware\arc32\1.0.5\variants\arduino_101\libarc32drv_arduino101.a(ble_service_gap_api.o)
                              (--whole-archive)
C:\Users\kehood\AppData\Local\arduino15\packages\Intel\hardware\arc32\1.0.5\variants\arduino_101\libarc32drv_arduino101.a(ble_service_gatts_api.o)
                              (--whole-archive)
C:\Users\kehood\AppData\Local\arduino15\packages\Intel\hardware\arc32\1.0.5\variants\arduino_101\libarc32drv_arduino101.a(ble_service_utils.o)
                              (--whole-archive)
C:\Users\kehood\AppData\Local\arduino15\packages\Intel\hardware\arc32\1.0.5\variants\arduino_101\libarc32drv_arduino101.a(cfw_debug.o)
                              (--whole-archive)
C:\Users\kehood\AppData\Local\arduino15\packages\Intel\hardware\arc32\1.0.5\variants\arduino_101\libarc32drv_arduino101.a(client_api.o)
                              (--whole-archive)
C:\Users\kehood\AppData\Local\arduino15\packages\Intel\hardware\arc32\1.0.5\variants\arduino_101\libarc32drv_arduino101.a(service_api.o)
                              (--whole-archive)
C:\Users\kehood\AppData\Local\arduino15\packages\Intel\hardware\arc32\1.0.5\variants\arduino_101\libarc32drv_arduino101.a(service_manager.o)
                              (--whole-archive)
C:\Users\kehood\AppData\Local\arduino15\packages\Intel\hardware\arc32\1.0.5\variants\arduino_101\libarc32drv_arduino101.a(factory_data.o)
                              (--whole-archive)
C:\Users\kehood\AppData\Local\arduino15\packages\Intel\hardware\arc32\1.0.5\variants\arduino_101\libarc32drv_arduino101.a(ipc.o)
                              (--whole-archive)
C:\Users\kehood\AppData\Local\arduino15\packages\Intel\hardware\arc32\1.0.5\variants\arduino_101\libarc32drv_arduino101.a(ipc_callback.o)
                              (--whole-archive)
C:\Users\kehood\AppData\Local\arduino15\packages\Intel\hardware\arc32\1.0.5\variants\arduino_101\libarc32drv_arduino101.a(log.o)
                              (--whole-archive)
C:\Users\kehood\AppData\Local\arduino15\packages\Intel\hardware\arc32\1.0.5\variants\arduino_101\libarc32drv_arduino101.a(log_impl_printk.o)
                              (--whole-archive)
C:\Users\kehood\AppData\Local\arduino15\packages\Intel\hardware\arc32\1.0.5\variants\arduino_101\libarc32drv_arduino101.a(port.o)
                              (--whole-archive)
C:\Users\kehood\AppData\Local\arduino15\packages\Intel\hardware\arc32\1.0.5\variants\arduino_101\libarc32drv_arduino101.a(uptime.o)
                              (--whole-archive)
C:\Users\kehood\AppData\Local\arduino15\packages\Intel\hardware\arc32\1.0.5\variants\arduino_101\libarc32drv_arduino101.a(list.o)
[...]
Memory Configuration

Name             Origin             Length             Attributes
FLASH            0x40034000         0x00026000         xr
SRAM             0xa800e000         0x00006000         xw
DCCM             0x80000000         0x00002000         xw
*default*        0x00000000         0xffffffff

Linker script and memory map

LOAD C:\Users\kehood\AppData\Local\arduino15\packages\Intel\hardware\arc32\1.0.5\variants\arduino_101\libarc32drv_arduino101.a
START GROUP
LOAD C:\Users\kehood\AppData\Local\arduino15\packages\Intel\hardware\arc32\1.0.5\variants\arduino_101\libarc32drv_arduino101.a
LOAD c:/users/kehood/appdata/local/arduino15/packages/intel/tools/arc-elf32/1.6.4+1.0/bin/../lib/gcc/arc-elf32/4.8.3/../../../../arc-elf32/lib\libc.a
LOAD c:/users/kehood/appdata/local/arduino15/packages/intel/tools/arc-elf32/1.6.4+1.0/bin/../lib/gcc/arc-elf32/4.8.3/../../../../arc-elf32/lib\libm.a
LOAD c:/users/kehood/appdata/local/arduino15/packages/intel/tools/arc-elf32/1.6.4+1.0/bin/../lib/gcc/arc-elf32/4.8.3\libgcc.a
LOAD C:\Users\kehood\AppData\Local\Temp\VMicroBuilds\GyroAccelPrinter\Intel_intel_arc32_arduino_101\GyroAccelPrinter.cpp.o
LOAD C:\Users\kehood\AppData\Local\Temp\VMicroBuilds\GyroAccelPrinter\Intel_intel_arc32_arduino_101\CurieIMU\BMI160.cpp.o
LOAD C:\Users\kehood\AppData\Local\Temp\VMicroBuilds\GyroAccelPrinter\Intel_intel_arc32_arduino_101\CurieIMU\CurieIMU.cpp.o
LOAD C:\Users\kehood\AppData\Local\Temp\VMicroBuilds\GyroAccelPrinter\Intel_intel_arc32_arduino_101\CurieIMU\internal\ss_spi.c.o
LOAD C:\Users\kehood\AppData\Local\Temp\VMicroBuilds\GyroAccelPrinter\Intel_intel_arc32_arduino_101\CurieBLE\BLEAttribute.cpp.o
LOAD C:\Users\kehood\AppData\Local\Temp\VMicroBuilds\GyroAccelPrinter\Intel_intel_arc32_arduino_101\CurieBLE\BLECentral.cpp.o
LOAD C:\Users\kehood\AppData\Local\Temp\VMicroBuilds\GyroAccelPrinter\Intel_intel_arc32_arduino_101\CurieBLE\BLECharacteristic.cpp.o
LOAD C:\Users\kehood\AppData\Local\Temp\VMicroBuilds\GyroAccelPrinter\Intel_intel_arc32_arduino_101\CurieBLE\BLEDescriptor.cpp.o
LOAD C:\Users\kehood\AppData\Local\Temp\VMicroBuilds\GyroAccelPrinter\Intel_intel_arc32_arduino_101\CurieBLE\BLEPeripheral.cpp.o
LOAD C:\Users\kehood\AppData\Local\Temp\VMicroBuilds\GyroAccelPrinter\Intel_intel_arc32_arduino_101\CurieBLE\BLEService.cpp.o
LOAD C:\Users\kehood\AppData\Local\Temp\VMicroBuilds\GyroAccelPrinter\Intel_intel_arc32_arduino_101\CurieBLE\BLETypedCharacteristics.cpp.o
LOAD C:\Users\kehood\AppData\Local\Temp\VMicroBuilds\GyroAccelPrinter\Intel_intel_arc32_arduino_101\CurieBLE\BLEUuid.cpp.o
LOAD C:\Users\kehood\AppData\Local\Temp\VMicroBuilds\GyroAccelPrinter\Intel_intel_arc32_arduino_101\CurieBLE\internal\ble_client.c.o
LOAD C:\Users\kehood\AppData\Local\Temp\VMicroBuilds\GyroAccelPrinter\Intel_intel_arc32_arduino_101\VM_DBG\VM_DBG.cpp.o
LOAD C:\Users\kehood\AppData\Local\Temp\VMicroBuilds\GyroAccelPrinter\Intel_intel_arc32_arduino_101/core.a
                0x00000800                __stack_size = 0x800
                0x00000200                __firq_stack_size = 0x200
                0x00002000                __HEAP_SIZE_MIN = 0x2000
                0x00001000                __PAGE_SIZE = 0x1000

text            0x40034000     0xb120
                0x40034000                __text_start = .
 *(.int_vector_table)
 .int_vector_table
                0x40034000      0x110 C:\Users\kehood\AppData\Local\arduino15\packages\Intel\hardware\arc32\1.0.5\variants\arduino_101\libarc32drv_arduino101.a(init.o)
 *(.int_vector_table.*)
 *(.version_header)
 .version_header
                0x40034110       0x30 C:\Users\kehood\AppData\Local\arduino15\packages\Intel\hardware\arc32\1.0.5\variants\arduino_101\libarc32drv_arduino101.a(version.o)
                0x40034110                version_header
 *(.version_header*)
 *(.text)
 .text          0x40034140       0x70 C:\Users\kehood\AppData\Local\arduino15\packages\Intel\hardware\arc32\1.0.5\variants\arduino_101\libarc32drv_arduino101.a(init.o)
                0x40034168                _do_fault
                0x40034184                _do_isr
 .text          0x400341b0       0x5c c:/users/kehood/appdata/local/arduino15/packages/intel/tools/arc-elf32/1.6.4+1.0/bin/../lib/gcc/arc-elf32/4.8.3/../../../../arc-elf32/lib\libc.a(lib_a-malloc.o)
                0x400341b0                malloc
                0x400341e0                free
 .text          0x4003420c      0xbdc c:/users/kehood/appdata/local/arduino15/packages/intel/tools/arc-elf32/1.6.4+1.0/bin/../lib/gcc/arc-elf32/4.8.3/../../../../arc-elf32/lib\libc.a(lib_a-mallocr.o)
                0x40034508                _malloc_r
 .text          0x40034de8       0x80 c:/users/kehood/appdata/local/arduino15/packages/intel/tools/arc-elf32/1.6.4+1.0/bin/../lib/gcc/arc-elf32/4.8.3/../../../../arc-elf32/lib\libc.a(lib_a-memcpy-700.o)
                0x40034de8                memcpy
 .text          0x40034e68       0x6c c:/users/kehood/appdata/local/arduino15/packages/intel/tools/arc-elf32/1.6.4+1.0/bin/../lib/gcc/arc-elf32/4.8.3/../../../../arc-elf32/lib\libc.a(lib_a-memset.o)
                0x40034e68                memset
                0x40034ebc                __strncpy_bzero
 .text          0x40034ed4       0x28 c:/users/kehood/appdata/local/arduino15/packages/intel/tools/arc-elf32/1.6.4+1.0/bin/../lib/gcc/arc-elf32/4.8.3/../../../../arc-elf32/lib\libc.a(lib_a-mlock.o)
                0x40034ed4                __malloc_lock
                0x40034ee8                __malloc_unlock
 .text          0x40034efc       0x94 c:/users/kehood/appdata/local/arduino15/packages/intel/tools/arc-elf32/1.6.4+1.0/bin/../lib/gcc/arc-elf32/4.8.3/../../../../arc-elf32/lib\libc.a(lib_a-sbrk.o)
                0x40034efc                _sbrk_r
 .text          0x40034f90       0xb4 c:/users/kehood/appdata/local/arduino15/packages/intel/tools/arc-elf32/1.6.4+1.0/bin/../lib/gcc/arc-elf32/4.8.3/../../../../arc-elf32/lib\libc.a(lib_a-strcpy-600.o)
                0x40034f90                strcpy
 .text          0x40035044       0x88 c:/users/kehood/appdata/local/arduino15/packages/intel/tools/arc-elf32/1.6.4+1.0/bin/../lib/gcc/arc-elf32/4.8.3/../../../../arc-elf32/lib\libc.a(lib_a-strlen.o)
                0x40035044                strlen
 .text          0x400350cc      0x5ac c:/users/kehood/appdata/local/arduino15/packages/intel/tools/arc-elf32/1.6.4+1.0/bin/../lib/gcc/arc-elf32/4.8.3/../../../../arc-elf32/lib\libc.a(lib_a-freer.o)
                0x400350cc                _free_r
                0x40035508                _malloc_trim_r
 .text          0x40035678        0x4 c:/users/kehood/appdata/local/arduino15/packages/intel/tools/arc-elf32/1.6.4+1.0/bin/../lib/gcc/arc-elf32/4.8.3\libgcc.a(_udivsi3.o)
                0x40035678                __udivsi3
 .text          0x4003567c       0x10 c:/users/kehood/appdata/local/arduino15/packages/intel/tools/arc-elf32/1.6.4+1.0/bin/../lib/gcc/arc-elf32/4.8.3\libgcc.a(_umodsi3.o)
                0x4003567c                __umodsi3
 .text          0x4003568c       0x70 c:/users/kehood/appdata/local/arduino15/packages/intel/tools/arc-elf32/1.6.4+1.0/bin/../lib/gcc/arc-elf32/4.8.3\libgcc.a(_divmod_tools.o)
                0x4003568c                __udivmodsi4
 .text          0x400356fc       0x30 c:/users/kehood/appdata/local/arduino15/packages/intel/tools/arc-elf32/1.6.4+1.0/bin/../lib/gcc/arc-elf32/4.8.3\libgcc.a(_millicodethunk_st.o)
                0x400356fc                __st_r13_to_r25
                0x40035700                __st_r13_to_r24
                0x40035704                __st_r13_to_r23
                0x40035708                __st_r13_to_r22
                0x4003570c                __st_r13_to_r21
                0x40035710                __st_r13_to_r20
                0x40035714                __st_r13_to_r19
                0x40035718                __st_r13_to_r18
                0x4003571c                __st_r13_to_r17
                0x40035720                __st_r13_to_r16
                0x40035724                __st_r13_to_r15
 .text          0x4003572c       0x30 c:/users/kehood/appdata/local/arduino15/packages/intel/tools/arc-elf32/1.6.4+1.0/bin/../lib/gcc/arc-elf32/4.8.3\libgcc.a(_millicodethunk_ld.o)
                0x4003572c                __ld_r13_to_r25
                0x40035730                __ld_r13_to_r24
                0x40035734                __ld_r13_to_r23
                0x40035738                __ld_r13_to_r22
                0x4003573c                __ld_r13_to_r21
                0x40035740                __ld_r13_to_r20
                0x40035744                __ld_r13_to_r19
                0x40035748                __ld_r13_to_r18
                0x4003574c                __ld_r13_to_r17
                0x40035750                __ld_r13_to_r16
                0x40035754                __ld_r13_to_r15
 .text          0x4003575c       0x3c c:/users/kehood/appdata/local/arduino15/packages/intel/tools/arc-elf32/1.6.4+1.0/bin/../lib/gcc/arc-elf32/4.8.3\libgcc.a(_millicodethunk_ret.o)
                0x4003575c                __ld_r13_to_r25_ret
                0x40035760                __ld_r13_to_r24_ret
                0x40035764                __ld_r13_to_r23_ret
                0x40035768                __ld_r13_to_r22_ret
                0x4003576c                __ld_r13_to_r21_ret
                0x40035770                __ld_r13_to_r20_ret
                0x40035774                __ld_r13_to_r19_ret
                0x40035778                __ld_r13_to_r18_ret
                0x4003577c                __ld_r13_to_r17_ret
                0x40035780                __ld_r13_to_r16_ret
                0x40035784                __ld_r13_to_r15_ret
                0x40035788                __ld_r13_to_r14_ret
 .text          0x40035798       0x38 c:/users/kehood/appdata/local/arduino15/packages/intel/tools/arc-elf32/1.6.4+1.0/bin/../lib/gcc/arc-elf32/4.8.3/../../../../arc-elf32/lib\libc.a(lib_a-cxa_atexit.o)
                0x40035798                __cxa_atexit
 .text          0x400357d0       0xf8 c:/users/kehood/appdata/local/arduino15/packages/intel/tools/arc-elf32/1.6.4+1.0/bin/../lib/gcc/arc-elf32/4.8.3/../../../../arc-elf32/lib\libc.a(lib_a-memcmp.o)
                0x400357d0                memcmp
 .text          0x400358c8      0x1c0 c:/users/kehood/appdata/local/arduino15/packages/intel/tools/arc-elf32/1.6.4+1.0/bin/../lib/gcc/arc-elf32/4.8.3/../../../../arc-elf32/lib\libc.a(lib_a-memmove.o)
                0x400358c8                memmove
 .text          0x40035a88       0x38 c:/users/kehood/appdata/local/arduino15/packages/intel/tools/arc-elf32/1.6.4+1.0/bin/../lib/gcc/arc-elf32/4.8.3/../../../../arc-elf32/lib\libc.a(lib_a-realloc.o)
                0x40035a88                realloc
 .text          0x40035ac0      0x9e8 c:/users/kehood/appdata/local/arduino15/packages/intel/tools/arc-elf32/1.6.4+1.0/bin/../lib/gcc/arc-elf32/4.8.3/../../../../arc-elf32/lib\libc.a(lib_a-reallocr.o)
                0x40035ac0                _realloc_r
 .text          0x400364a8       0x90 c:/users/kehood/appdata/local/arduino15/packages/intel/tools/arc-elf32/1.6.4+1.0/bin/../lib/gcc/arc-elf32/4.8.3/../../../../arc-elf32/lib\libc.a(lib_a-strcmp.o)
                0x400364a8                strcmp
 .text          0x40036538      0x12c c:/users/kehood/appdata/local/arduino15/packages/intel/tools/arc-elf32/1.6.4+1.0/bin/../lib/gcc/arc-elf32/4.8.3/../../../../arc-elf32/lib\libc.a(lib_a-strncmp.o)
                0x40036538                strncmp
 .text          0x40036664       0xfc c:/users/kehood/appdata/local/arduino15/packages/intel/tools/arc-elf32/1.6.4+1.0/bin/../lib/gcc/arc-elf32/4.8.3/../../../../arc-elf32/lib\libc.a(lib_a-strncpy.o)
                0x40036664                strncpy
 .text          0x40036760      0x214 c:/users/kehood/appdata/local/arduino15/packages/intel/tools/arc-elf32/1.6.4+1.0/bin/../lib/gcc/arc-elf32/4.8.3/../../../../arc-elf32/lib\libc.a(lib_a-strtoul.o)
                0x40036760                _strtoul_r
                0x40036934                strtoul
 .text          0x40036974      0x134 c:/users/kehood/appdata/local/arduino15/packages/intel/tools/arc-elf32/1.6.4+1.0/bin/../lib/gcc/arc-elf32/4.8.3/../../../../arc-elf32/lib\libc.a(lib_a-__atexit.o)
                0x40036974                __register_exitproc
 .text          0x40036aa8       0x1c c:/users/kehood/appdata/local/arduino15/packages/intel/tools/arc-elf32/1.6.4+1.0/bin/../lib/gcc/arc-elf32/4.8.3\libgcc.a(_divsi3.o)
                0x40036aa8                __divsi3
 .text          0x40036ac4      0x4a0 c:/users/kehood/appdata/local/arduino15/packages/intel/tools/arc-elf32/1.6.4+1.0/bin/../lib/gcc/arc-elf32/4.8.3\libgcc.a(_udivdi3.o)
                0x40036ac4                __udivdi3
 .text          0x40036f64      0xa0c c:/users/kehood/appdata/local/arduino15/packages/intel/tools/arc-elf32/1.6.4+1.0/bin/../lib/gcc/arc-elf32/4.8.3\libgcc.a(fp-bit.o)
                0x40037100                __pack_f
                0x400371f4                __unpack_f
                0x40037274                __addsf3
                0x400372a8                __subsf3
                0x400372e4                __mulsf3
                0x4003741c                __divsf3
                0x40037510                __fpcmp_parts_f
                0x400375a8                __cmpsf2
                0x400375d4                __eqsf2
                0x40037614                __nesf2
                0x40037654                __gtsf2
                0x40037694                __gesf2
                0x400376d4                __ltsf2
                0x40037714                __lesf2
                0x40037754                __unordsf2
                0x40037790                __floatsisf
                0x40037814                __floatunsisf
                0x40037894                __fixsfsi
                0x400378f8                __negsf2
                0x40037924                __make_fp
                0x40037940                __extendsfdf2
 .text          0x40037970      0xef0 c:/users/kehood/appdata/local/arduino15/packages/intel/tools/arc-elf32/1.6.4+1.0/bin/../lib/gcc/arc-elf32/4.8.3\libgcc.a(dp-bit.o)
                0x40037c8c                __pack_d
                0x40037e28                __unpack_d
                0x40037ed8                __adddf3
                0x40037f0c                __subdf3
                0x40037f48                __muldf3
                0x40038164                __divdf3
                0x400382d4                __fpcmp_parts_d
                0x40038388                __cmpdf2
                0x400383b4                __eqdf2
                0x400383f4                __nedf2
                0x40038434                __gtdf2
                0x40038474                __gedf2
                0x400384b4                __ltdf2
                0x400384f4                __ledf2
                0x40038534                __unorddf2
                0x40038570                __floatsidf
                0x4003861c                __floatunsidf
                0x400386d8                __fixdfsi
                0x40038760                __fixunsdfsi
                0x400387d4                __negdf2
                0x40038800                __make_dp
                0x40038820                __truncdfsf2
 .text          0x40038860       0x30 c:/users/kehood/appdata/local/arduino15/packages/intel/tools/arc-elf32/1.6.4+1.0/bin/../lib/gcc/arc-elf32/4.8.3\libgcc.a(_clzsi2.o)
                0x40038860                __clzsi2
 .text          0x40038890       0x28 c:/users/kehood/appdata/local/arduino15/packages/intel/tools/arc-elf32/1.6.4+1.0/bin/../lib/gcc/arc-elf32/4.8.3\libgcc.a(_lshrdi3.o)
                0x40038890                __lshrdi3
 .text          0x400388b8       0x28 c:/users/kehood/appdata/local/arduino15/packages/intel/tools/arc-elf32/1.6.4+1.0/bin/../lib/gcc/arc-elf32/4.8.3\libgcc.a(_ashldi3.o)
                0x400388b8                __ashldi3
 *(.text.*)
 .text._main    0x400388e0       0x70 C:\Users\kehood\AppData\Local\arduino15\packages\Intel\hardware\arc32\1.0.5\variants\arduino_101\libarc32drv_arduino101.a(c_init.o)
                0x400388e0                _main
 .text.interrupt_connect
                0x40038950       0x20 C:\Users\kehood\AppData\Local\arduino15\packages\Intel\hardware\arc32\1.0.5\variants\arduino_101\libarc32drv_arduino101.a(interrupt.o)
                0x40038950                interrupt_connect
 .text.interrupt_enable
                0x40038970       0x28 C:\Users\kehood\AppData\Local\arduino15\packages\Intel\hardware\arc32\1.0.5\variants\arduino_101\libarc32drv_arduino101.a(interrupt.o)
                0x40038970                interrupt_enable
 .text.interrupt_unit_device_init
                0x40038998       0x50 C:\Users\kehood\AppData\Local\arduino15\packages\Intel\hardware\arc32\1.0.5\variants\arduino_101\libarc32drv_arduino101.a(interrupt.o)
                0x40038998                interrupt_unit_device_init
 .text._arcv2_timer0_int_handler
                0x400389e8       0x20 C:\Users\kehood\AppData\Local\arduino15\packages\Intel\hardware\arc32\1.0.5\variants\arduino_101\libarc32drv_arduino101.a(arcv2_timer0.o)
                0x400389e8                _arcv2_timer0_int_handler
 .text.timer0_driver_init
                0x40038a08       0x40 C:\Users\kehood\AppData\Local\arduino15\packages\Intel\hardware\arc32\1.0.5\variants\arduino_101\libarc32drv_arduino101.a(arcv2_timer0.o)
                0x40038a08                timer0_driver_init
 .text.uart_ipc_close_channel
                0x40038a48       0x20 C:\Users\kehood\AppData\Local\arduino15\packages\Intel\hardware\arc32\1.0.5\variants\arduino_101\libarc32drv_arduino101.a(ipc_uart_ns16550.o)
                0x40038a48                uart_ipc_close_channel
 .text.uart_ipc_init
                0x40038a68       0x80 C:\Users\kehood\AppData\Local\arduino15\packages\Intel\hardware\arc32\1.0.5\variants\arduino_101\libarc32drv_arduino101.a(ipc_uart_ns16550.o)
                0x40038a68                uart_ipc_init
 .text.uart_ipc_set_channel
                0x40038ae8       0x14 C:\Users\kehood\AppData\Local\arduino15\packages\Intel\hardware\arc32\1.0.5\variants\arduino_101\libarc32drv_arduino101.a(ipc_uart_ns16550.o)
                0x40038ae8                uart_ipc_set_channel
 .text.uart_ipc_get_channel
                0x40038afc       0x14 C:\Users\kehood\AppData\Local\arduino15\packages\Intel\hardware\arc32\1.0.5\variants\arduino_101\libarc32drv_arduino101.a(ipc_uart_ns16550.o)
                0x40038afc                uart_ipc_get_channel
 .text.uart_ipc_push_frame
                0x40038b10       0xa0 C:\Users\kehood\AppData\Local\arduino15\packages\Intel\hardware\arc32\1.0.5\variants\arduino_101\libarc32drv_arduino101.a(ipc_uart_ns16550.o)
                0x40038b10                uart_ipc_push_frame
 .text.uart_ipc_isr
                0x40038bb0      0x1c8 C:\Users\kehood\AppData\Local\arduino15\packages\Intel\hardware\arc32\1.0.5\variants\arduino_101\libarc32drv_arduino101.a(ipc_uart_ns16550.o)
                0x40038bb0                uart_ipc_isr
 .text.uart_ipc_channel_open
                0x40038d78       0x28 C:\Users\kehood\AppData\Local\arduino15\packages\Intel\hardware\arc32\1.0.5\variants\arduino_101\libarc32drv_arduino101.a(ipc_uart_ns16550.o)
                0x40038d78                uart_ipc_channel_open
 .text.uart_ipc_send_message
                0x40038da0       0x8c C:\Users\kehood\AppData\Local\arduino15\packages\Intel\hardware\arc32\1.0.5\variants\arduino_101\libarc32drv_arduino101.a(ipc_uart_ns16550.o)
                0x40038da0                uart_ipc_send_message
 .text.uart_ipc_send_sync_resp
                0x40038e2c       0xbc C:\Users\kehood\AppData\Local\arduino15\packages\Intel\hardware\arc32\1.0.5\variants\arduino_101\libarc32drv_arduino101.a(ipc_uart_ns16550.o)
                0x40038e2c                uart_ipc_send_sync_resp
 .text.uart_init
                0x40038ee8       0x98 C:\Users\kehood\AppData\Local\arduino15\packages\Intel\hardware\arc32\1.0.5\variants\arduino_101\libarc32drv_arduino101.a(ns16550.o)
                0x40038ee8                uart_init
 .text.uart_poll_in
                0x40038f80       0x28 C:\Users\kehood\AppData\Local\arduino15\packages\Intel\hardware\arc32\1.0.5\variants\arduino_101\libarc32drv_arduino101.a(ns16550.o)
                0x40038f80                uart_poll_in
 .text.uart_poll_out
                0x40038fa8       0x28 C:\Users\kehood\AppData\Local\arduino15\packages\Intel\hardware\arc32\1.0.5\variants\arduino_101\libarc32drv_arduino101.a(ns16550.o)
                0x40038fa8                uart_poll_out
 .text.uart_fifo_fill
                0x40038fd0       0x4c C:\Users\kehood\AppData\Local\arduino15\packages\Intel\hardware\arc32\1.0.5\variants\arduino_101\libarc32drv_arduino101.a(ns16550.o)
                0x40038fd0                uart_fifo_fill
 .text.uart_fifo_read
                0x4003901c       0x4c C:\Users\kehood\AppData\Local\arduino15\packages\Intel\hardware\arc32\1.0.5\variants\arduino_101\libarc32drv_arduino101.a(ns16550.o)
                0x4003901c                uart_fifo_read
 .text.uart_irq_tx_enable
                0x40039068       0x20 C:\Users\kehood\AppData\Local\arduino15\packages\Intel\hardware\arc32\1.0.5\variants\arduino_101\libarc32drv_arduino101.a(ns16550.o)
                0x40039068                uart_irq_tx_enable
 .text.uart_irq_tx_disable
                0x40039088       0x20 C:\Users\kehood\AppData\Local\arduino15\packages\Intel\hardware\arc32\1.0.5\variants\arduino_101\libarc32drv_arduino101.a(ns16550.o)
                0x40039088                uart_irq_tx_disable
 .text.uart_irq_tx_ready
                0x400390a8       0x20 C:\Users\kehood\AppData\Local\arduino15\packages\Intel\hardware\arc32\1.0.5\variants\arduino_101\libarc32drv_arduino101.a(ns16550.o)
                0x400390a8                uart_irq_tx_ready
 .text.uart_irq_rx_enable
                0x400390c8       0x20 C:\Users\kehood\AppData\Local\arduino15\packages\Intel\hardware\arc32\1.0.5\variants\arduino_101\libarc32drv_arduino101.a(ns16550.o)
                0x400390c8                uart_irq_rx_enable
 .text.uart_irq_rx_disable
                0x400390e8       0x20 C:\Users\kehood\AppData\Local\arduino15\packages\Intel\hardware\arc32\1.0.5\variants\arduino_101\libarc32drv_arduino101.a(ns16550.o)
                0x400390e8                uart_irq_rx_disable
 .text.uart_irq_rx_ready
                0x40039108       0x20 C:\Users\kehood\AppData\Local\arduino15\packages\Intel\hardware\arc32\1.0.5\variants\arduino_101\libarc32drv_arduino101.a(ns16550.o)
                0x40039108                uart_irq_rx_ready
 .text.uart_irq_err_detected
                0x40039128       0x20 C:\Users\kehood\AppData\Local\arduino15\packages\Intel\hardware\arc32\1.0.5\variants\arduino_101\libarc32drv_arduino101.a(ns16550.o)
                0x40039128                uart_irq_err_detected
 .text.uart_line_status
                0x40039148       0x1c C:\Users\kehood\AppData\Local\arduino15\packages\Intel\hardware\arc32\1.0.5\variants\arduino_101\libarc32drv_arduino101.a(ns16550.o)
                0x40039148                uart_line_status
 .text.uart_break_check
                0x40039164       0x1c C:\Users\kehood\AppData\Local\arduino15\packages\Intel\hardware\arc32\1.0.5\variants\arduino_101\libarc32drv_arduino101.a(ns16550.o)
                0x40039164                uart_break_check
 .text.uart_irq_is_pending
                0x40039180       0x20 C:\Users\kehood\AppData\Local\arduino15\packages\Intel\hardware\arc32\1.0.5\variants\arduino_101\libarc32drv_arduino101.a(ns16550.o)
                0x40039180                uart_irq_is_pending
 .text.uart_irq_update
                0x400391a0       0x28 C:\Users\kehood\AppData\Local\arduino15\packages\Intel\hardware\arc32\1.0.5\variants\arduino_101\libarc32drv_arduino101.a(ns16550.o)
                0x400391a0                uart_irq_update
 .text.uart_int_connect
                0x400391c8       0x4c C:\Users\kehood\AppData\Local\arduino15\packages\Intel\hardware\arc32\1.0.5\variants\arduino_101\libarc32drv_arduino101.a(ns16550.o)
                0x400391c8                uart_int_connect
 .text.soc_gpio_ISR_proc
                0x40039214       0x58 C:\Users\kehood\AppData\Local\arduino15\packages\Intel\hardware\arc32\1.0.5\variants\arduino_101\libarc32drv_arduino101.a(soc_gpio.o)
 .text.gpio_isr
                0x4003926c       0x10 C:\Users\kehood\AppData\Local\arduino15\packages\Intel\hardware\arc32\1.0.5\variants\arduino_101\libarc32drv_arduino101.a(soc_gpio.o)
                0x4003926c                gpio_isr
 .text.gpio_aon_isr
                0x4003927c       0x10 C:\Users\kehood\AppData\Local\arduino15\packages\Intel\hardware\arc32\1.0.5\variants\arduino_101\libarc32drv_arduino101.a(soc_gpio.o)
                0x4003927c                gpio_aon_isr
 .text.soc_gpio_enable
                0x4003928c       0x88 C:\Users\kehood\AppData\Local\arduino15\packages\Intel\hardware\arc32\1.0.5\variants\arduino_101\libarc32drv_arduino101.a(soc_gpio.o)
                0x4003928c                soc_gpio_enable
 .text.soc_gpio_set_config
                0x40039314      0x13c C:\Users\kehood\AppData\Local\arduino15\packages\Intel\hardware\arc32\1.0.5\variants\arduino_101\libarc32drv_arduino101.a(soc_gpio.o)
                0x40039314                soc_gpio_set_config
 .text.soc_gpio_write
                0x40039450       0x58 C:\Users\kehood\AppData\Local\arduino15\packages\Intel\hardware\arc32\1.0.5\variants\arduino_101\libarc32drv_arduino101.a(soc_gpio.o)
                0x40039450                soc_gpio_write
 .text.soc_gpio_mask_interrupt
                0x400394a8       0x2c C:\Users\kehood\AppData\Local\arduino15\packages\Intel\hardware\arc32\1.0.5\variants\arduino_101\libarc32drv_arduino101.a(soc_gpio.o)
                0x400394a8                soc_gpio_mask_interrupt
 .text.soc_gpio_unmask_interrupt
                0x400394d4       0x34 C:\Users\kehood\AppData\Local\arduino15\packages\Intel\hardware\arc32\1.0.5\variants\arduino_101\libarc32drv_arduino101.a(soc_gpio.o)
                0x400394d4                soc_gpio_unmask_interrupt
 .text.free_message_ipc
                0x40039508       0x18 C:\Users\kehood\AppData\Local\arduino15\packages\Intel\hardware\arc32\1.0.5\variants\arduino_101\libarc32drv_arduino101.a(cfw_platform.o)
 .text.send_message_ipc
                0x40039520       0x18 C:\Users\kehood\AppData\Local\arduino15\packages\Intel\hardware\arc32\1.0.5\variants\arduino_101\libarc32drv_arduino101.a(cfw_platform.o)
 .text.ipc_mbx_isr
                0x40039538       0x30 C:\Users\kehood\AppData\Local\arduino15\packages\Intel\hardware\arc32\1.0.5\variants\arduino_101\libarc32drv_arduino101.a(cfw_platform.o)
 .text.cfw_platform_nordic_init
                0x40039568       0x68 C:\Users\kehood\AppData\Local\arduino15\packages\Intel\hardware\arc32\1.0.5\variants\arduino_101\libarc32drv_arduino101.a(cfw_platform.o)
                0x40039568                cfw_platform_nordic_init
 .text.cfw_platform_init
                0x400395d0       0xb0 C:\Users\kehood\AppData\Local\arduino15\packages\Intel\hardware\arc32\1.0.5\variants\arduino_101\libarc32drv_arduino101.a(cfw_platform.o)
                0x400395d0                cfw_platform_init
 .text.cfw_get_service_queue
                0x40039680       0x14 C:\Users\kehood\AppData\Local\arduino15\packages\Intel\hardware\arc32\1.0.5\variants\arduino_101\libarc32drv_arduino101.a(cfw_platform.o)
                0x40039680                cfw_get_service_queue
 .text.nordic_wake_assert
                0x40039694       0x48 C:\Users\kehood\AppData\Local\arduino15\packages\Intel\hardware\arc32\1.0.5\variants\arduino_101\libarc32drv_arduino101.a(nordic_interface.o)
 .text.send_message_ipc_uart
                0x400396dc       0x34 C:\Users\kehood\AppData\Local\arduino15\packages\Intel\hardware\arc32\1.0.5\variants\arduino_101\libarc32drv_arduino101.a(nordic_interface.o)
                0x400396dc                send_message_ipc_uart
 .text.free_message_ipc_uart
                0x40039710       0x10 C:\Users\kehood\AppData\Local\arduino15\packages\Intel\hardware\arc32\1.0.5\variants\arduino_101\libarc32drv_arduino101.a(nordic_interface.o)
                0x40039710                free_message_ipc_uart
 .text.uart_ipc_message_cback
                0x40039720      0x12c C:\Users\kehood\AppData\Local\arduino15\packages\Intel\hardware\arc32\1.0.5\variants\arduino_101\libarc32drv_arduino101.a(nordic_interface.o)
                0x40039720                uart_ipc_message_cback
 .text.nordic_interface_init
                0x4003984c       0xa0 C:\Users\kehood\AppData\Local\arduino15\packages\Intel\hardware\arc32\1.0.5\variants\arduino_101\libarc32drv_arduino101.a(nordic_interface.o)
                0x4003984c                nordic_interface_init
 .text.ble_gap_set_enable_config
                0x400398ec       0xc4 C:\Users\kehood\AppData\Local\arduino15\packages\Intel\hardware\arc32\1.0.5\variants\arduino_101\libarc32drv_arduino101.a(ble_service_gap_api.o)
                0x400398ec                ble_gap_set_enable_config
 .text.ble_gap_wr_adv_data
                0x400399b0       0x9c C:\Users\kehood\AppData\Local\arduino15\packages\Intel\hardware\arc32\1.0.5\variants\arduino_101\libarc32drv_arduino101.a(ble_service_gap_api.o)
                0x400399b0                ble_gap_wr_adv_data
 .text.ble_gap_start_advertise
                0x40039a4c       0x88 C:\Users\kehood\AppData\Local\arduino15\packages\Intel\hardware\arc32\1.0.5\variants\arduino_101\libarc32drv_arduino101.a(ble_service_gap_api.o)
                0x40039a4c                ble_gap_start_advertise
 .text.ble_gap_sm_config
                0x40039ad4       0x40 C:\Users\kehood\AppData\Local\arduino15\packages\Intel\hardware\arc32\1.0.5\variants\arduino_101\libarc32drv_arduino101.a(ble_service_gap_api.o)
                0x40039ad4                ble_gap_sm_config
 .text.ble_gatts_add_service
                0x40039b14       0x58 C:\Users\kehood\AppData\Local\arduino15\packages\Intel\hardware\arc32\1.0.5\variants\arduino_101\libarc32drv_arduino101.a(ble_service_gatts_api.o)
                0x40039b14                ble_gatts_add_service
 .text.ble_gatts_add_characteristic
                0x40039b6c       0xe8 C:\Users\kehood\AppData\Local\arduino15\packages\Intel\hardware\arc32\1.0.5\variants\arduino_101\libarc32drv_arduino101.a(ble_service_gatts_api.o)
                0x40039b6c                ble_gatts_add_characteristic
 .text.ble_gatts_add_descriptor
                0x40039c54       0x90 C:\Users\kehood\AppData\Local\arduino15\packages\Intel\hardware\arc32\1.0.5\variants\arduino_101\libarc32drv_arduino101.a(ble_service_gatts_api.o)
                0x40039c54                ble_gatts_add_descriptor
 .text.ble_gatts_set_attribute_value
                0x40039ce4       0x64 C:\Users\kehood\AppData\Local\arduino15\packages\Intel\hardware\arc32\1.0.5\variants\arduino_101\libarc32drv_arduino101.a(ble_service_gatts_api.o)
                0x40039ce4                ble_gatts_set_attribute_value
 .text.ble_gatts_send_notif
                0x40039d48       0x60 C:\Users\kehood\AppData\Local\arduino15\packages\Intel\hardware\arc32\1.0.5\variants\arduino_101\libarc32drv_arduino101.a(ble_service_gatts_api.o)
                0x40039d48                ble_gatts_send_notif
 .text.ble_gatts_send_ind
                0x40039da8       0x60 C:\Users\kehood\AppData\Local\arduino15\packages\Intel\hardware\arc32\1.0.5\variants\arduino_101\libarc32drv_arduino101.a(ble_service_gatts_api.o)
                0x40039da8                ble_gatts_send_ind
 .text.ble_sizeof_bt_uuid
                0x40039e08       0x14 C:\Users\kehood\AppData\Local\arduino15\packages\Intel\hardware\arc32\1.0.5\variants\arduino_101\libarc32drv_arduino101.a(ble_service_utils.o)
                0x40039e08                ble_sizeof_bt_uuid
 .text.ble_encode_bt_uuid
                0x40039e1c       0x68 C:\Users\kehood\AppData\Local\arduino15\packages\Intel\hardware\arc32\1.0.5\variants\arduino_101\libarc32drv_arduino101.a(ble_service_utils.o)
                0x40039e1c                ble_encode_bt_uuid
 .text.cfw_open_service
                0x40039e84       0x7c C:\Users\kehood\AppData\Local\arduino15\packages\Intel\hardware\arc32\1.0.5\variants\arduino_101\libarc32drv_arduino101.a(client_api.o)
                0x40039e84                cfw_open_service
 .text.cfw_register_svc_available
                0x40039f00       0x58 C:\Users\kehood\AppData\Local\arduino15\packages\Intel\hardware\arc32\1.0.5\variants\arduino_101\libarc32drv_arduino101.a(client_api.o)
                0x40039f00                cfw_register_svc_available
 .text.cfw_alloc_message_for_service
                0x40039f58       0x4c C:\Users\kehood\AppData\Local\arduino15\packages\Intel\hardware\arc32\1.0.5\variants\arduino_101\libarc32drv_arduino101.a(client_api.o)
                0x40039f58                cfw_alloc_message_for_service
 .text.cfw_alloc_message
                0x40039fa4       0x10 C:\Users\kehood\AppData\Local\arduino15\packages\Intel\hardware\arc32\1.0.5\variants\arduino_101\libarc32drv_arduino101.a(client_api.o)
                0x40039fa4                cfw_alloc_message
 .text.client_handle_message
                0x40039fb4       0x50 C:\Users\kehood\AppData\Local\arduino15\packages\Intel\hardware\arc32\1.0.5\variants\arduino_101\libarc32drv_arduino101.a(service_api.o)
                0x40039fb4                client_handle_message
 .text.cfw_alloc_rsp_msg
                0x4003a004       0x54 C:\Users\kehood\AppData\Local\arduino15\packages\Intel\hardware\arc32\1.0.5\variants\arduino_101\libarc32drv_arduino101.a(service_api.o)
                0x4003a004                cfw_alloc_rsp_msg
 .text.cfw_init
                0x4003a058       0x44 C:\Users\kehood\AppData\Local\arduino15\packages\Intel\hardware\arc32\1.0.5\variants\arduino_101\libarc32drv_arduino101.a(service_api.o)
                0x4003a058                cfw_init
 .text._cfw_send_message
                0x4003a09c       0x10 C:\Users\kehood\AppData\Local\arduino15\packages\Intel\hardware\arc32\1.0.5\variants\arduino_101\libarc32drv_arduino101.a(service_api.o)
                0x4003a09c                _cfw_send_message
 .text.cfw_msg_free
                0x4003a0ac       0x10 C:\Users\kehood\AppData\Local\arduino15\packages\Intel\hardware\arc32\1.0.5\variants\arduino_101\libarc32drv_arduino101.a(service_api.o)
                0x4003a0ac                cfw_msg_free
 .text.send_service_avail_evt
                0x4003a0bc       0x54 C:\Users\kehood\AppData\Local\arduino15\packages\Intel\hardware\arc32\1.0.5\variants\arduino_101\libarc32drv_arduino101.a(service_manager.o)
 .text.notify_service_avail_cb
                0x4003a110       0x38 C:\Users\kehood\AppData\Local\arduino15\packages\Intel\hardware\arc32\1.0.5\variants\arduino_101\libarc32drv_arduino101.a(service_manager.o)
                0x4003a110                notify_service_avail_cb
 .text.add_service_avail_listener
                0x4003a148       0x3c C:\Users\kehood\AppData\Local\arduino15\packages\Intel\hardware\arc32\1.0.5\variants\arduino_101\libarc32drv_arduino101.a(service_manager.o)
                0x4003a148                add_service_avail_listener
 .text.notify_service_avail
                0x4003a184       0x2c C:\Users\kehood\AppData\Local\arduino15\packages\Intel\hardware\arc32\1.0.5\variants\arduino_101\libarc32drv_arduino101.a(service_manager.o)
                0x4003a184                notify_service_avail
 .text.get_event_registered_list
                0x4003a1b0       0x28 C:\Users\kehood\AppData\Local\arduino15\packages\Intel\hardware\arc32\1.0.5\variants\arduino_101\libarc32drv_arduino101.a(service_manager.o)
                0x4003a1b0                get_event_registered_list
 .text._cfw_register_event
                0x4003a1d8       0x5c C:\Users\kehood\AppData\Local\arduino15\packages\Intel\hardware\arc32\1.0.5\variants\arduino_101\libarc32drv_arduino101.a(service_manager.o)
                0x4003a1d8                _cfw_register_event
 .text._find_service
                0x4003a234       0x30 C:\Users\kehood\AppData\Local\arduino15\packages\Intel\hardware\arc32\1.0.5\variants\arduino_101\libarc32drv_arduino101.a(service_manager.o)
                0x4003a234                _find_service
 .text.cfw_get_service
                0x4003a264       0x28 C:\Users\kehood\AppData\Local\arduino15\packages\Intel\hardware\arc32\1.0.5\variants\arduino_101\libarc32drv_arduino101.a(service_manager.o)
                0x4003a264                cfw_get_service
 .text.internal_handle_message
                0x4003a28c      0x20c C:\Users\kehood\AppData\Local\arduino15\packages\Intel\hardware\arc32\1.0.5\variants\arduino_101\libarc32drv_arduino101.a(service_manager.o)
                0x4003a28c                internal_handle_message
 .text.cfw_get_service_mgr_port_id
                0x4003a498       0x14 C:\Users\kehood\AppData\Local\arduino15\packages\Intel\hardware\arc32\1.0.5\variants\arduino_101\libarc32drv_arduino101.a(service_manager.o)
                0x4003a498                cfw_get_service_mgr_port_id
 .text._cfw_init
                0x4003a4ac       0x34 C:\Users\kehood\AppData\Local\arduino15\packages\Intel\hardware\arc32\1.0.5\variants\arduino_101\libarc32drv_arduino101.a(service_manager.o)
                0x4003a4ac                _cfw_init
 .text._add_service
                0x4003a4e0       0x48 C:\Users\kehood\AppData\Local\arduino15\packages\Intel\hardware\arc32\1.0.5\variants\arduino_101\libarc32drv_arduino101.a(service_manager.o)
                0x4003a4e0                _add_service
 .text._cfw_register_service
                0x4003a528       0x64 C:\Users\kehood\AppData\Local\arduino15\packages\Intel\hardware\arc32\1.0.5\variants\arduino_101\libarc32drv_arduino101.a(service_manager.o)
                0x4003a528                _cfw_register_service
 .text.handle_ipc_sync_request
                0x4003a58c       0x58 C:\Users\kehood\AppData\Local\arduino15\packages\Intel\hardware\arc32\1.0.5\variants\arduino_101\libarc32drv_arduino101.a(service_manager.o)
                0x4003a58c                handle_ipc_sync_request
 .text.ipc_init
                0x4003a5e4       0x48 C:\Users\kehood\AppData\Local\arduino15\packages\Intel\hardware\arc32\1.0.5\variants\arduino_101\libarc32drv_arduino101.a(ipc.o)
                0x4003a5e4                ipc_init
 .text.ipc_handle_message
                0x4003a62c       0xa4 C:\Users\kehood\AppData\Local\arduino15\packages\Intel\hardware\arc32\1.0.5\variants\arduino_101\libarc32drv_arduino101.a(ipc.o)
                0x4003a62c                ipc_handle_message
 .text.ipc_request_sync_int
                0x4003a6d0      0x15c C:\Users\kehood\AppData\Local\arduino15\packages\Intel\hardware\arc32\1.0.5\variants\arduino_101\libarc32drv_arduino101.a(ipc.o)
                0x4003a6d0                ipc_request_sync_int
 .text.ipc_sync_callback
                0x4003a82c       0x54 C:\Users\kehood\AppData\Local\arduino15\packages\Intel\hardware\arc32\1.0.5\variants\arduino_101\libarc32drv_arduino101.a(ipc_callback.o)
                0x4003a82c                ipc_sync_callback
 .text.log_vprintk
                0x4003a880       0x48 C:\Users\kehood\AppData\Local\arduino15\packages\Intel\hardware\arc32\1.0.5\variants\arduino_101\libarc32drv_arduino101.a(log.o)
                0x4003a880                log_vprintk
 .text.log_printk
                0x4003a8c8       0x38 C:\Users\kehood\AppData\Local\arduino15\packages\Intel\hardware\arc32\1.0.5\variants\arduino_101\libarc32drv_arduino101.a(log.o)
                0x4003a8c8                log_printk
 .text.log_write_msg
                0x4003a900       0x10 C:\Users\kehood\AppData\Local\arduino15\packages\Intel\hardware\arc32\1.0.5\variants\arduino_101\libarc32drv_arduino101.a(log_impl_printk.o)
                0x4003a900                log_write_msg
 .text.get_port
                0x4003a910       0x40 C:\Users\kehood\AppData\Local\arduino15\packages\Intel\hardware\arc32\1.0.5\variants\arduino_101\libarc32drv_arduino101.a(port.o)
 .text.get_cpu_id
                0x4003a950       0x14 C:\Users\kehood\AppData\Local\arduino15\packages\Intel\hardware\arc32\1.0.5\variants\arduino_101\libarc32drv_arduino101.a(port.o)
                0x4003a950                get_cpu_id
 .text.port_get_port_table
                0x4003a964       0x14 C:\Users\kehood\AppData\Local\arduino15\packages\Intel\hardware\arc32\1.0.5\variants\arduino_101\libarc32drv_arduino101.a(port.o)
                0x4003a964                port_get_port_table
 .text.port_alloc
                0x4003a978       0x60 C:\Users\kehood\AppData\Local\arduino15\packages\Intel\hardware\arc32\1.0.5\variants\arduino_101\libarc32drv_arduino101.a(port.o)
                0x4003a978                port_alloc
 .text.port_set_handler
                0x4003a9d8       0x28 C:\Users\kehood\AppData\Local\arduino15\packages\Intel\hardware\arc32\1.0.5\variants\arduino_101\libarc32drv_arduino101.a(port.o)
                0x4003a9d8                port_set_handler
 .text.message_alloc
                0x4003aa00       0x38 C:\Users\kehood\AppData\Local\arduino15\packages\Intel\hardware\arc32\1.0.5\variants\arduino_101\libarc32drv_arduino101.a(port.o)
                0x4003aa00                message_alloc
 .text.port_process_message
                0x4003aa38       0x3c C:\Users\kehood\AppData\Local\arduino15\packages\Intel\hardware\arc32\1.0.5\variants\arduino_101\libarc32drv_arduino101.a(port.o)
                0x4003aa38                port_process_message
 .text.port_set_cpu_id
                0x4003aa74       0x24 C:\Users\kehood\AppData\Local\arduino15\packages\Intel\hardware\arc32\1.0.5\variants\arduino_101\libarc32drv_arduino101.a(port.o)
                0x4003aa74                port_set_cpu_id
 .text.port_get_cpu_id
                0x4003aa98       0x18 C:\Users\kehood\AppData\Local\arduino15\packages\Intel\hardware\arc32\1.0.5\variants\arduino_101\libarc32drv_arduino101.a(port.o)
                0x4003aa98                port_get_cpu_id
 .text.set_cpu_id
                0x4003aab0       0x14 C:\Users\kehood\AppData\Local\arduino15\packages\Intel\hardware\arc32\1.0.5\variants\arduino_101\libarc32drv_arduino101.a(port.o)
                0x4003aab0                set_cpu_id
 .text.set_cpu_message_sender
                0x4003aac4       0x18 C:\Users\kehood\AppData\Local\arduino15\packages\Intel\hardware\arc32\1.0.5\variants\arduino_101\libarc32drv_arduino101.a(port.o)
                0x4003aac4                set_cpu_message_sender
 .text.set_cpu_free_handler
                0x4003aadc       0x18 C:\Users\kehood\AppData\Local\arduino15\packages\Intel\hardware\arc32\1.0.5\variants\arduino_101\libarc32drv_arduino101.a(port.o)
                0x4003aadc                set_cpu_free_handler
 .text.port_send_message
                0x4003aaf4       0x94 C:\Users\kehood\AppData\Local\arduino15\packages\Intel\hardware\arc32\1.0.5\variants\arduino_101\libarc32drv_arduino101.a(port.o)
                0x4003aaf4                port_send_message
 .text.message_free
                0x4003ab88       0x4c C:\Users\kehood\AppData\Local\arduino15\packages\Intel\hardware\arc32\1.0.5\variants\arduino_101\libarc32drv_arduino101.a(port.o)
                0x4003ab88                message_free
 .text.queue_process_message
                0x4003abd4       0x48 C:\Users\kehood\AppData\Local\arduino15\packages\Intel\hardware\arc32\1.0.5\variants\arduino_101\libarc32drv_arduino101.a(port.o)
                0x4003abd4                queue_process_message
 .text.get_uptime_32k
                0x4003ac1c       0x14 C:\Users\kehood\AppData\Local\arduino15\packages\Intel\hardware\arc32\1.0.5\variants\arduino_101\libarc32drv_arduino101.a(uptime.o)
                0x4003ac1c                get_uptime_32k
 .text.get_uptime_ms
                0x4003ac30       0x28 C:\Users\kehood\AppData\Local\arduino15\packages\Intel\hardware\arc32\1.0.5\variants\arduino_101\libarc32drv_arduino101.a(uptime.o)
                0x4003ac30                get_uptime_ms
 .text.list_init
                0x4003ac58       0x14 C:\Users\kehood\AppData\Local\arduino15\packages\Intel\hardware\arc32\1.0.5\variants\arduino_101\libarc32drv_arduino101.a(list.o)
                0x4003ac58                list_init
 .text.list_add
                0x4003ac6c       0x28 C:\Users\kehood\AppData\Local\arduino15\packages\Intel\hardware\arc32\1.0.5\variants\arduino_101\libarc32drv_arduino101.a(list.o)
                0x4003ac6c                list_add
 .text.list_foreach_del
                0x4003ac94       0x60 C:\Users\kehood\AppData\Local\arduino15\packages\Intel\hardware\arc32\1.0.5\variants\arduino_101\libarc32drv_arduino101.a(list.o)
                0x4003ac94                list_foreach_del
 .text.list_get
                0x4003acf4       0x24 C:\Users\kehood\AppData\Local\arduino15\packages\Intel\hardware\arc32\1.0.5\variants\arduino_101\libarc32drv_arduino101.a(list.o)
                0x4003acf4                list_get
 .text.cfw_alloc
                0x4003ad18       0x2c C:\Users\kehood\AppData\Local\arduino15\packages\Intel\hardware\arc32\1.0.5\variants\arduino_101\libarc32drv_arduino101.a(os.o)
                0x4003ad18                cfw_alloc
 .text.cfw_free
                0x4003ad44       0x28 C:\Users\kehood\AppData\Local\arduino15\packages\Intel\hardware\arc32\1.0.5\variants\arduino_101\libarc32drv_arduino101.a(os.o)
                0x4003ad44                cfw_free
 .text.balloc   0x4003ad6c       0x10 C:\Users\kehood\AppData\Local\arduino15\packages\Intel\hardware\arc32\1.0.5\variants\arduino_101\libarc32drv_arduino101.a(os.o)
                0x4003ad6c                balloc
 .text.bfree    0x4003ad7c       0x18 C:\Users\kehood\AppData\Local\arduino15\packages\Intel\hardware\arc32\1.0.5\variants\arduino_101\libarc32drv_arduino101.a(os.o)
                0x4003ad7c                bfree
 .text.queue_get_message
                0x4003ad94       0x28 C:\Users\kehood\AppData\Local\arduino15\packages\Intel\hardware\arc32\1.0.5\variants\arduino_101\libarc32drv_arduino101.a(os.o)
                0x4003ad94                queue_get_message
 .text.queue_send_message
                0x4003adbc       0x24 C:\Users\kehood\AppData\Local\arduino15\packages\Intel\hardware\arc32\1.0.5\variants\arduino_101\libarc32drv_arduino101.a(os.o)
                0x4003adbc                queue_send_message
 .text.queue_create
                0x4003ade0       0x54 C:\Users\kehood\AppData\Local\arduino15\packages\Intel\hardware\arc32\1.0.5\variants\arduino_101\libarc32drv_arduino101.a(os.o)
                0x4003ade0                queue_create
 .text.mutex_create
                0x4003ae34       0x10 C:\Users\kehood\AppData\Local\arduino15\packages\Intel\hardware\arc32\1.0.5\variants\arduino_101\libarc32drv_arduino101.a(os.o)
                0x4003ae34                mutex_create
 .text.mutex_unlock
                0x4003ae44        0xc C:\Users\kehood\AppData\Local\arduino15\packages\Intel\hardware\arc32\1.0.5\variants\arduino_101\libarc32drv_arduino101.a(os.o)
                0x4003ae44                mutex_unlock
 .text.mutex_lock
                0x4003ae50       0x10 C:\Users\kehood\AppData\Local\arduino15\packages\Intel\hardware\arc32\1.0.5\variants\arduino_101\libarc32drv_arduino101.a(os.o)
                0x4003ae50                mutex_lock
 .text._ZN13SerialMessageD2Ev
                0x4003ae60       0x18 C:\Users\kehood\AppData\Local\Temp\VMicroBuilds\GyroAccelPrinter\Intel_intel_arc32_arduino_101\GyroAccelPrinter.cpp.o
                0x4003ae60                SerialMessage::~SerialMessage()
                0x4003ae60                SerialMessage::~SerialMessage()
 .text._ZL13eventCallbackv
                0x4003ae78       0x34 C:\Users\kehood\AppData\Local\Temp\VMicroBuilds\GyroAccelPrinter\Intel_intel_arc32_arduino_101\GyroAccelPrinter.cpp.o
 .text._ZN13SerialMessageC2Es
                0x4003aeac       0x28 C:\Users\kehood\AppData\Local\Temp\VMicroBuilds\GyroAccelPrinter\Intel_intel_arc32_arduino_101\GyroAccelPrinter.cpp.o
                0x4003aeac                SerialMessage::SerialMessage(short)
                0x4003aeac                SerialMessage::SerialMessage(short)
 .text._ZN13SerialMessageaSERKS_
                0x4003aed4       0x34 C:\Users\kehood\AppData\Local\Temp\VMicroBuilds\GyroAccelPrinter\Intel_intel_arc32_arduino_101\GyroAccelPrinter.cpp.o
                0x4003aed4                SerialMessage::operator=(SerialMessage const&)
 .text._ZN13SerialMessage9setOpcodeEs
                0x4003af08       0x1c C:\Users\kehood\AppData\Local\Temp\VMicroBuilds\GyroAccelPrinter\Intel_intel_arc32_arduino_101\GyroAccelPrinter.cpp.o
                0x4003af08                SerialMessage::setOpcode(short)
 .text._ZN13SerialMessage12setTimestampEy
                0x4003af24       0x44 C:\Users\kehood\AppData\Local\Temp\VMicroBuilds\GyroAccelPrinter\Intel_intel_arc32_arduino_101\GyroAccelPrinter.cpp.o
                0x4003af24                SerialMessage::setTimestamp(unsigned long long)
 .text._ZN13SerialMessage6setAccEsss
                0x4003af68       0x38 C:\Users\kehood\AppData\Local\Temp\VMicroBuilds\GyroAccelPrinter\Intel_intel_arc32_arduino_101\GyroAccelPrinter.cpp.o
                0x4003af68                SerialMessage::setAcc(short, short, short)
 .text._ZN13SerialMessage7setGyroEsss
                0x4003afa0       0x38 C:\Users\kehood\AppData\Local\Temp\VMicroBuilds\GyroAccelPrinter\Intel_intel_arc32_arduino_101\GyroAccelPrinter.cpp.o
                0x4003afa0                SerialMessage::setGyro(short, short, short)
 .text._ZN13SerialMessage9getOpcodeEv
                0x4003afd8       0x1c C:\Users\kehood\AppData\Local\Temp\VMicroBuilds\GyroAccelPrinter\Intel_intel_arc32_arduino_101\GyroAccelPrinter.cpp.o
                0x4003afd8                SerialMessage::getOpcode()
 .text._GLOBAL__sub_I_characteristicSize
                0x4003aff4      0x144 C:\Users\kehood\AppData\Local\Temp\VMicroBuilds\GyroAccelPrinter\Intel_intel_arc32_arduino_101\GyroAccelPrinter.cpp.o
 .text.setup    0x4003b138      0x280 C:\Users\kehood\AppData\Local\Temp\VMicroBuilds\GyroAccelPrinter\Intel_intel_arc32_arduino_101\GyroAccelPrinter.cpp.o
                0x4003b138                setup
 .text._ZN13SerialMessage4sendEv
                0x4003b3b8       0x38 C:\Users\kehood\AppData\Local\Temp\VMicroBuilds\GyroAccelPrinter\Intel_intel_arc32_arduino_101\GyroAccelPrinter.cpp.o
                0x4003b3b8                SerialMessage::send()
 .text._Z12updateValuess
                0x4003b3f0      0x24c C:\Users\kehood\AppData\Local\Temp\VMicroBuilds\GyroAccelPrinter\Intel_intel_arc32_arduino_101\GyroAccelPrinter.cpp.o
                0x4003b3f0                updateValues(short)
 .text._Z9calibratev
                0x4003b63c       0xc0 C:\Users\kehood\AppData\Local\Temp\VMicroBuilds\GyroAccelPrinter\Intel_intel_arc32_arduino_101\GyroAccelPrinter.cpp.o
                0x4003b63c                calibrate()
 .text.loop     0x4003b6fc      0x280 C:\Users\kehood\AppData\Local\Temp\VMicroBuilds\GyroAccelPrinter\Intel_intel_arc32_arduino_101\GyroAccelPrinter.cpp.o
                0x4003b6fc                loop
 .text._ZN11BMI160Class8reg_readEh
                0x4003b97c       0x2c C:\Users\kehood\AppData\Local\Temp\VMicroBuilds\GyroAccelPrinter\Intel_intel_arc32_arduino_101\CurieIMU\BMI160.cpp.o
                0x4003b97c                BMI160Class::reg_read(unsigned char)
 .text._ZN11BMI160Class9reg_writeEhh
                0x4003b9a8       0x2c C:\Users\kehood\AppData\Local\Temp\VMicroBuilds\GyroAccelPrinter\Intel_intel_arc32_arduino_101\CurieIMU\BMI160.cpp.o
                0x4003b9a8                BMI160Class::reg_write(unsigned char, unsigned char)
 .text._ZN11BMI160Class14reg_write_bitsEhhjj
                0x4003b9d4       0x58 C:\Users\kehood\AppData\Local\Temp\VMicroBuilds\GyroAccelPrinter\Intel_intel_arc32_arduino_101\CurieIMU\BMI160.cpp.o
                0x4003b9d4                BMI160Class::reg_write_bits(unsigned char, unsigned char, unsigned int, unsigned int)
 .text._ZN11BMI160Class11getDeviceIDEv
                0x4003ba2c       0x10 C:\Users\kehood\AppData\Local\Temp\VMicroBuilds\GyroAccelPrinter\Intel_intel_arc32_arduino_101\CurieIMU\BMI160.cpp.o
                0x4003ba2c                BMI160Class::getDeviceID()
 .text._ZN11BMI160Class11setGyroRateEh
                0x4003ba3c       0x18 C:\Users\kehood\AppData\Local\Temp\VMicroBuilds\GyroAccelPrinter\Intel_intel_arc32_arduino_101\CurieIMU\BMI160.cpp.o
                0x4003ba3c                BMI160Class::setGyroRate(unsigned char)
 .text._ZN11BMI160Class12getAccelRateEv
                0x4003ba54       0x18 C:\Users\kehood\AppData\Local\Temp\VMicroBuilds\GyroAccelPrinter\Intel_intel_arc32_arduino_101\CurieIMU\BMI160.cpp.o
                0x4003ba54                BMI160Class::getAccelRate()
 .text._ZN11BMI160Class12setAccelRateEh
                0x4003ba6c       0x18 C:\Users\kehood\AppData\Local\Temp\VMicroBuilds\GyroAccelPrinter\Intel_intel_arc32_arduino_101\CurieIMU\BMI160.cpp.o
                0x4003ba6c                BMI160Class::setAccelRate(unsigned char)
 .text._ZN11BMI160Class15setGyroDLPFModeEh
                0x4003ba84       0x18 C:\Users\kehood\AppData\Local\Temp\VMicroBuilds\GyroAccelPrinter\Intel_intel_arc32_arduino_101\CurieIMU\BMI160.cpp.o
                0x4003ba84                BMI160Class::setGyroDLPFMode(unsigned char)
 .text._ZN11BMI160Class16setAccelDLPFModeEh
                0x4003ba9c       0x18 C:\Users\kehood\AppData\Local\Temp\VMicroBuilds\GyroAccelPrinter\Intel_intel_arc32_arduino_101\CurieIMU\BMI160.cpp.o
                0x4003ba9c                BMI160Class::setAccelDLPFMode(unsigned char)
 .text._ZN11BMI160Class21setFullScaleGyroRangeEh
                0x4003bab4       0x18 C:\Users\kehood\AppData\Local\Temp\VMicroBuilds\GyroAccelPrinter\Intel_intel_arc32_arduino_101\CurieIMU\BMI160.cpp.o
                0x4003bab4                BMI160Class::setFullScaleGyroRange(unsigned char)
 .text._ZN11BMI160Class22getFullScaleAccelRangeEv
                0x4003bacc       0x18 C:\Users\kehood\AppData\Local\Temp\VMicroBuilds\GyroAccelPrinter\Intel_intel_arc32_arduino_101\CurieIMU\BMI160.cpp.o
                0x4003bacc                BMI160Class::getFullScaleAccelRange()
 .text._ZN11BMI160Class22setFullScaleAccelRangeEh
                0x4003bae4       0x18 C:\Users\kehood\AppData\Local\Temp\VMicroBuilds\GyroAccelPrinter\Intel_intel_arc32_arduino_101\CurieIMU\BMI160.cpp.o
                0x4003bae4                BMI160Class::setFullScaleAccelRange(unsigned char)
 .text._ZN11BMI160Class10initializeEv
                0x4003bafc       0xa4 C:\Users\kehood\AppData\Local\Temp\VMicroBuilds\GyroAccelPrinter\Intel_intel_arc32_arduino_101\CurieIMU\BMI160.cpp.o
                0x4003bafc                BMI160Class::initialize()
 .text._ZN11BMI160Class25autoCalibrateXAccelOffsetEi
                0x4003bba0       0x60 C:\Users\kehood\AppData\Local\Temp\VMicroBuilds\GyroAccelPrinter\Intel_intel_arc32_arduino_101\CurieIMU\BMI160.cpp.o
                0x4003bba0                BMI160Class::autoCalibrateXAccelOffset(int)
 .text._ZN11BMI160Class25autoCalibrateYAccelOffsetEi
                0x4003bc00       0x60 C:\Users\kehood\AppData\Local\Temp\VMicroBuilds\GyroAccelPrinter\Intel_intel_arc32_arduino_101\CurieIMU\BMI160.cpp.o
                0x4003bc00                BMI160Class::autoCalibrateYAccelOffset(int)
 .text._ZN11BMI160Class25autoCalibrateZAccelOffsetEi
                0x4003bc60       0x60 C:\Users\kehood\AppData\Local\Temp\VMicroBuilds\GyroAccelPrinter\Intel_intel_arc32_arduino_101\CurieIMU\BMI160.cpp.o
                0x4003bc60                BMI160Class::autoCalibrateZAccelOffset(int)
 .text._ZN11BMI160Class20setGyroOffsetEnabledEb
                0x4003bcc0       0x18 C:\Users\kehood\AppData\Local\Temp\VMicroBuilds\GyroAccelPrinter\Intel_intel_arc32_arduino_101\CurieIMU\BMI160.cpp.o
                0x4003bcc0                BMI160Class::setGyroOffsetEnabled(bool)
 .text._ZN11BMI160Class23autoCalibrateGyroOffsetEv
                0x4003bcd8       0x44 C:\Users\kehood\AppData\Local\Temp\VMicroBuilds\GyroAccelPrinter\Intel_intel_arc32_arduino_101\CurieIMU\BMI160.cpp.o
                0x4003bcd8                BMI160Class::autoCalibrateGyroOffset()
 .text._ZN11BMI160Class29setFreefallDetectionThresholdEh
                0x4003bd1c       0x14 C:\Users\kehood\AppData\Local\Temp\VMicroBuilds\GyroAccelPrinter\Intel_intel_arc32_arduino_101\CurieIMU\BMI160.cpp.o
                0x4003bd1c                BMI160Class::setFreefallDetectionThreshold(unsigned char)
 .text._ZN11BMI160Class28setFreefallDetectionDurationEh
                0x4003bd30       0x14 C:\Users\kehood\AppData\Local\Temp\VMicroBuilds\GyroAccelPrinter\Intel_intel_arc32_arduino_101\CurieIMU\BMI160.cpp.o
                0x4003bd30                BMI160Class::setFreefallDetectionDuration(unsigned char)
 .text._ZN11BMI160Class26setShockDetectionThresholdEh
                0x4003bd44       0x14 C:\Users\kehood\AppData\Local\Temp\VMicroBuilds\GyroAccelPrinter\Intel_intel_arc32_arduino_101\CurieIMU\BMI160.cpp.o
                0x4003bd44                BMI160Class::setShockDetectionThreshold(unsigned char)
 .text._ZN11BMI160Class25setShockDetectionDurationEh
                0x4003bd58       0x14 C:\Users\kehood\AppData\Local\Temp\VMicroBuilds\GyroAccelPrinter\Intel_intel_arc32_arduino_101\CurieIMU\BMI160.cpp.o
                0x4003bd58                BMI160Class::setShockDetectionDuration(unsigned char)
 .text._ZN11BMI160Class27setMotionDetectionThresholdEh
                0x4003bd6c       0x14 C:\Users\kehood\AppData\Local\Temp\VMicroBuilds\GyroAccelPrinter\Intel_intel_arc32_arduino_101\CurieIMU\BMI160.cpp.o
                0x4003bd6c                BMI160Class::setMotionDetectionThreshold(unsigned char)
 .text._ZN11BMI160Class26setMotionDetectionDurationEh
                0x4003bd80       0x1c C:\Users\kehood\AppData\Local\Temp\VMicroBuilds\GyroAccelPrinter\Intel_intel_arc32_arduino_101\CurieIMU\BMI160.cpp.o
                0x4003bd80                BMI160Class::setMotionDetectionDuration(unsigned char)
 .text._ZN11BMI160Class31setZeroMotionDetectionThresholdEh
                0x4003bd9c       0x14 C:\Users\kehood\AppData\Local\Temp\VMicroBuilds\GyroAccelPrinter\Intel_intel_arc32_arduino_101\CurieIMU\BMI160.cpp.o
                0x4003bd9c                BMI160Class::setZeroMotionDetectionThreshold(unsigned char)
 .text._ZN11BMI160Class24setTapDetectionThresholdEh
                0x4003bdb0       0x18 C:\Users\kehood\AppData\Local\Temp\VMicroBuilds\GyroAccelPrinter\Intel_intel_arc32_arduino_101\CurieIMU\BMI160.cpp.o
                0x4003bdb0                BMI160Class::setTapDetectionThreshold(unsigned char)
 .text._ZN11BMI160Class19setTapShockDurationEb
                0x4003bdc8       0x18 C:\Users\kehood\AppData\Local\Temp\VMicroBuilds\GyroAccelPrinter\Intel_intel_arc32_arduino_101\CurieIMU\BMI160.cpp.o
                0x4003bdc8                BMI160Class::setTapShockDuration(bool)
 .text._ZN11BMI160Class19setTapQuietDurationEb
                0x4003bde0       0x18 C:\Users\kehood\AppData\Local\Temp\VMicroBuilds\GyroAccelPrinter\Intel_intel_arc32_arduino_101\CurieIMU\BMI160.cpp.o
                0x4003bde0                BMI160Class::setTapQuietDuration(bool)
 .text._ZN11BMI160Class29setDoubleTapDetectionDurationEh
                0x4003bdf8       0x18 C:\Users\kehood\AppData\Local\Temp\VMicroBuilds\GyroAccelPrinter\Intel_intel_arc32_arduino_101\CurieIMU\BMI160.cpp.o
                0x4003bdf8                BMI160Class::setDoubleTapDetectionDuration(unsigned char)
 .text._ZN11BMI160Class21setIntFreefallEnabledEb
                0x4003be10       0x18 C:\Users\kehood\AppData\Local\Temp\VMicroBuilds\GyroAccelPrinter\Intel_intel_arc32_arduino_101\CurieIMU\BMI160.cpp.o
                0x4003be10                BMI160Class::setIntFreefallEnabled(bool)
 .text._ZN11BMI160Class18setIntShockEnabledEb
                0x4003be28       0x20 C:\Users\kehood\AppData\Local\Temp\VMicroBuilds\GyroAccelPrinter\Intel_intel_arc32_arduino_101\CurieIMU\BMI160.cpp.o
                0x4003be28                BMI160Class::setIntShockEnabled(bool)
 .text._ZN11BMI160Class17setIntStepEnabledEb
                0x4003be48       0x18 C:\Users\kehood\AppData\Local\Temp\VMicroBuilds\GyroAccelPrinter\Intel_intel_arc32_arduino_101\CurieIMU\BMI160.cpp.o
                0x4003be48                BMI160Class::setIntStepEnabled(bool)
 .text._ZN11BMI160Class19setIntMotionEnabledEb
                0x4003be60       0x20 C:\Users\kehood\AppData\Local\Temp\VMicroBuilds\GyroAccelPrinter\Intel_intel_arc32_arduino_101\CurieIMU\BMI160.cpp.o
                0x4003be60                BMI160Class::setIntMotionEnabled(bool)
 .text._ZN11BMI160Class23setIntZeroMotionEnabledEb
                0x4003be80       0x40 C:\Users\kehood\AppData\Local\Temp\VMicroBuilds\GyroAccelPrinter\Intel_intel_arc32_arduino_101\CurieIMU\BMI160.cpp.o
                0x4003be80                BMI160Class::setIntZeroMotionEnabled(bool)
 .text._ZN11BMI160Class16setIntTapEnabledEb
                0x4003bec0       0x18 C:\Users\kehood\AppData\Local\Temp\VMicroBuilds\GyroAccelPrinter\Intel_intel_arc32_arduino_101\CurieIMU\BMI160.cpp.o
                0x4003bec0                BMI160Class::setIntTapEnabled(bool)
 .text._ZN11BMI160Class22setIntDoubleTapEnabledEb
                0x4003bed8       0x18 C:\Users\kehood\AppData\Local\Temp\VMicroBuilds\GyroAccelPrinter\Intel_intel_arc32_arduino_101\CurieIMU\BMI160.cpp.o
                0x4003bed8                BMI160Class::setIntDoubleTapEnabled(bool)
 .text._ZN11BMI160Class27setIntFIFOBufferFullEnabledEb
                0x4003bef0       0x18 C:\Users\kehood\AppData\Local\Temp\VMicroBuilds\GyroAccelPrinter\Intel_intel_arc32_arduino_101\CurieIMU\BMI160.cpp.o
                0x4003bef0                BMI160Class::setIntFIFOBufferFullEnabled(bool)
 .text._ZN11BMI160Class22setIntDataReadyEnabledEb
                0x4003bf08       0x18 C:\Users\kehood\AppData\Local\Temp\VMicroBuilds\GyroAccelPrinter\Intel_intel_arc32_arduino_101\CurieIMU\BMI160.cpp.o
                0x4003bf08                BMI160Class::setIntDataReadyEnabled(bool)
 .text._ZN11BMI160Class20getIntFreefallStatusEv
                0x4003bf20       0x1c C:\Users\kehood\AppData\Local\Temp\VMicroBuilds\GyroAccelPrinter\Intel_intel_arc32_arduino_101\CurieIMU\BMI160.cpp.o
                0x4003bf20                BMI160Class::getIntFreefallStatus()
 .text._ZN11BMI160Class15getIntTapStatusEv
                0x4003bf3c       0x1c C:\Users\kehood\AppData\Local\Temp\VMicroBuilds\GyroAccelPrinter\Intel_intel_arc32_arduino_101\CurieIMU\BMI160.cpp.o
                0x4003bf3c                BMI160Class::getIntTapStatus()
 .text._ZN11BMI160Class21getIntDoubleTapStatusEv
                0x4003bf58       0x1c C:\Users\kehood\AppData\Local\Temp\VMicroBuilds\GyroAccelPrinter\Intel_intel_arc32_arduino_101\CurieIMU\BMI160.cpp.o
                0x4003bf58                BMI160Class::getIntDoubleTapStatus()
 .text._ZN11BMI160Class17getIntShockStatusEv
                0x4003bf74       0x1c C:\Users\kehood\AppData\Local\Temp\VMicroBuilds\GyroAccelPrinter\Intel_intel_arc32_arduino_101\CurieIMU\BMI160.cpp.o
                0x4003bf74                BMI160Class::getIntShockStatus()
 .text._ZN11BMI160Class16getIntStepStatusEv
                0x4003bf90       0x18 C:\Users\kehood\AppData\Local\Temp\VMicroBuilds\GyroAccelPrinter\Intel_intel_arc32_arduino_101\CurieIMU\BMI160.cpp.o
                0x4003bf90                BMI160Class::getIntStepStatus()
 .text._ZN11BMI160Class18getIntMotionStatusEv
                0x4003bfa8       0x1c C:\Users\kehood\AppData\Local\Temp\VMicroBuilds\GyroAccelPrinter\Intel_intel_arc32_arduino_101\CurieIMU\BMI160.cpp.o
                0x4003bfa8                BMI160Class::getIntMotionStatus()
 .text._ZN11BMI160Class22getIntZeroMotionStatusEv
                0x4003bfc4       0x1c C:\Users\kehood\AppData\Local\Temp\VMicroBuilds\GyroAccelPrinter\Intel_intel_arc32_arduino_101\CurieIMU\BMI160.cpp.o
                0x4003bfc4                BMI160Class::getIntZeroMotionStatus()
 .text._ZN11BMI160Class26getIntFIFOBufferFullStatusEv
                0x4003bfe0       0x1c C:\Users\kehood\AppData\Local\Temp\VMicroBuilds\GyroAccelPrinter\Intel_intel_arc32_arduino_101\CurieIMU\BMI160.cpp.o
                0x4003bfe0                BMI160Class::getIntFIFOBufferFullStatus()
 .text._ZN11BMI160Class21getIntDataReadyStatusEv
                0x4003bffc       0x1c C:\Users\kehood\AppData\Local\Temp\VMicroBuilds\GyroAccelPrinter\Intel_intel_arc32_arduino_101\CurieIMU\BMI160.cpp.o
                0x4003bffc                BMI160Class::getIntDataReadyStatus()
 .text._ZN11BMI160Class16setInterruptModeEb
                0x4003c018       0x1c C:\Users\kehood\AppData\Local\Temp\VMicroBuilds\GyroAccelPrinter\Intel_intel_arc32_arduino_101\CurieIMU\BMI160.cpp.o
                0x4003c018                BMI160Class::setInterruptMode(bool)
 .text._ZN11BMI160Class17setInterruptDriveEb
                0x4003c034       0x18 C:\Users\kehood\AppData\Local\Temp\VMicroBuilds\GyroAccelPrinter\Intel_intel_arc32_arduino_101\CurieIMU\BMI160.cpp.o
                0x4003c034                BMI160Class::setInterruptDrive(bool)
 .text._ZN11BMI160Class17setInterruptLatchEh
                0x4003c04c       0x18 C:\Users\kehood\AppData\Local\Temp\VMicroBuilds\GyroAccelPrinter\Intel_intel_arc32_arduino_101\CurieIMU\BMI160.cpp.o
                0x4003c04c                BMI160Class::setInterruptLatch(unsigned char)
 .text._ZN11BMI160Class13setIntEnabledEb
                0x4003c064       0x18 C:\Users\kehood\AppData\Local\Temp\VMicroBuilds\GyroAccelPrinter\Intel_intel_arc32_arduino_101\CurieIMU\BMI160.cpp.o
                0x4003c064                BMI160Class::setIntEnabled(bool)
 .text._ZN11BMI160Class10getMotion6EPsS0_S0_S0_S0_S0_
                0x4003c07c       0x9c C:\Users\kehood\AppData\Local\Temp\VMicroBuilds\GyroAccelPrinter\Intel_intel_arc32_arduino_101\CurieIMU\BMI160.cpp.o
                0x4003c07c                BMI160Class::getMotion6(short*, short*, short*, short*, short*, short*)
 .text._ZN13CurieIMUClass22serial_buffer_transferEPhjj
                0x4003c118       0x38 C:\Users\kehood\AppData\Local\Temp\VMicroBuilds\GyroAccelPrinter\Intel_intel_arc32_arduino_101\CurieIMU\CurieIMU.cpp.o
                0x4003c118                CurieIMUClass::serial_buffer_transfer(unsigned char*, unsigned int, unsigned int)
 .text._Z15bmi160_pin1_isrv
                0x4003c150       0x2c C:\Users\kehood\AppData\Local\Temp\VMicroBuilds\GyroAccelPrinter\Intel_intel_arc32_arduino_101\CurieIMU\CurieIMU.cpp.o
                0x4003c150                bmi160_pin1_isr()
 .text._ZN13CurieIMUClass5beginEv
                0x4003c17c       0x7c C:\Users\kehood\AppData\Local\Temp\VMicroBuilds\GyroAccelPrinter\Intel_intel_arc32_arduino_101\CurieIMU\CurieIMU.cpp.o
                0x4003c17c                CurieIMUClass::begin()
 .text._ZN13CurieIMUClass11setGyroRateEi
                0x4003c1f8       0x50 C:\Users\kehood\AppData\Local\Temp\VMicroBuilds\GyroAccelPrinter\Intel_intel_arc32_arduino_101\CurieIMU\CurieIMU.cpp.o
                0x4003c1f8                CurieIMUClass::setGyroRate(int)
 .text._ZN13CurieIMUClass20getAccelerometerRateEv
                0x4003c248       0x30 C:\Users\kehood\AppData\Local\Temp\VMicroBuilds\GyroAccelPrinter\Intel_intel_arc32_arduino_101\CurieIMU\CurieIMU.cpp.o
                0x4003c248                CurieIMUClass::getAccelerometerRate()
 .text._ZN13CurieIMUClass20setAccelerometerRateEf
                0x4003c278       0xc8 C:\Users\kehood\AppData\Local\Temp\VMicroBuilds\GyroAccelPrinter\Intel_intel_arc32_arduino_101\CurieIMU\CurieIMU.cpp.o
                0x4003c278                CurieIMUClass::setAccelerometerRate(float)
 .text._ZN13CurieIMUClass12setGyroRangeEi
                0x4003c340       0x38 C:\Users\kehood\AppData\Local\Temp\VMicroBuilds\GyroAccelPrinter\Intel_intel_arc32_arduino_101\CurieIMU\CurieIMU.cpp.o
                0x4003c340                CurieIMUClass::setGyroRange(int)
 .text._ZN13CurieIMUClass21getAccelerometerRangeEv
                0x4003c378       0x2c C:\Users\kehood\AppData\Local\Temp\VMicroBuilds\GyroAccelPrinter\Intel_intel_arc32_arduino_101\CurieIMU\CurieIMU.cpp.o
                0x4003c378                CurieIMUClass::getAccelerometerRange()
 .text._ZN13CurieIMUClass21setAccelerometerRangeEi
                0x4003c3a4       0x28 C:\Users\kehood\AppData\Local\Temp\VMicroBuilds\GyroAccelPrinter\Intel_intel_arc32_arduino_101\CurieIMU\CurieIMU.cpp.o
                0x4003c3a4                CurieIMUClass::setAccelerometerRange(int)
 .text._ZN13CurieIMUClass23autoCalibrateGyroOffsetEv
                0x4003c3cc       0x28 C:\Users\kehood\AppData\Local\Temp\VMicroBuilds\GyroAccelPrinter\Intel_intel_arc32_arduino_101\CurieIMU\CurieIMU.cpp.o
                0x4003c3cc                CurieIMUClass::autoCalibrateGyroOffset()
 .text._ZN13CurieIMUClass29setFreefallDetectionThresholdEf
                0x4003c3f4       0x58 C:\Users\kehood\AppData\Local\Temp\VMicroBuilds\GyroAccelPrinter\Intel_intel_arc32_arduino_101\CurieIMU\CurieIMU.cpp.o
                0x4003c3f4                CurieIMUClass::setFreefallDetectionThreshold(float)
 .text._ZN13CurieIMUClass26setShockDetectionThresholdEf
                0x4003c44c       0xcc C:\Users\kehood\AppData\Local\Temp\VMicroBuilds\GyroAccelPrinter\Intel_intel_arc32_arduino_101\CurieIMU\CurieIMU.cpp.o
                0x4003c44c                CurieIMUClass::setShockDetectionThreshold(float)
 .text._ZN13CurieIMUClass27setMotionDetectionThresholdEf
                0x4003c518       0x94 C:\Users\kehood\AppData\Local\Temp\VMicroBuilds\GyroAccelPrinter\Intel_intel_arc32_arduino_101\CurieIMU\CurieIMU.cpp.o
                0x4003c518                CurieIMUClass::setMotionDetectionThreshold(float)
 .text._ZN13CurieIMUClass31setZeroMotionDetectionThresholdEf
                0x4003c5ac       0x94 C:\Users\kehood\AppData\Local\Temp\VMicroBuilds\GyroAccelPrinter\Intel_intel_arc32_arduino_101\CurieIMU\CurieIMU.cpp.o
                0x4003c5ac                CurieIMUClass::setZeroMotionDetectionThreshold(float)
 .text._ZN13CurieIMUClass24setTapDetectionThresholdEf
                0x4003c640       0xb8 C:\Users\kehood\AppData\Local\Temp\VMicroBuilds\GyroAccelPrinter\Intel_intel_arc32_arduino_101\CurieIMU\CurieIMU.cpp.o
                0x4003c640                CurieIMUClass::setTapDetectionThreshold(float)
 .text._ZN13CurieIMUClass21setDetectionThresholdEif
                0x4003c6f8       0x54 C:\Users\kehood\AppData\Local\Temp\VMicroBuilds\GyroAccelPrinter\Intel_intel_arc32_arduino_101\CurieIMU\CurieIMU.cpp.o
                0x4003c6f8                CurieIMUClass::setDetectionThreshold(int, float)
 .text._ZN13CurieIMUClass28setFreefallDetectionDurationEf
                0x4003c74c       0x50 C:\Users\kehood\AppData\Local\Temp\VMicroBuilds\GyroAccelPrinter\Intel_intel_arc32_arduino_101\CurieIMU\CurieIMU.cpp.o
                0x4003c74c                CurieIMUClass::setFreefallDetectionDuration(float)
 .text._ZN13CurieIMUClass25setShockDetectionDurationEi
                0x4003c79c       0x18 C:\Users\kehood\AppData\Local\Temp\VMicroBuilds\GyroAccelPrinter\Intel_intel_arc32_arduino_101\CurieIMU\CurieIMU.cpp.o
                0x4003c79c                CurieIMUClass::setShockDetectionDuration(int)
 .text._ZN13CurieIMUClass26setMotionDetectionDurationEf
                0x4003c7b4       0x40 C:\Users\kehood\AppData\Local\Temp\VMicroBuilds\GyroAccelPrinter\Intel_intel_arc32_arduino_101\CurieIMU\CurieIMU.cpp.o
                0x4003c7b4                CurieIMUClass::setMotionDetectionDuration(float)
 .text._ZN13CurieIMUClass19setTapShockDurationEi
                0x4003c7f4       0x18 C:\Users\kehood\AppData\Local\Temp\VMicroBuilds\GyroAccelPrinter\Intel_intel_arc32_arduino_101\CurieIMU\CurieIMU.cpp.o
                0x4003c7f4                CurieIMUClass::setTapShockDuration(int)
 .text._ZN13CurieIMUClass19setTapQuietDurationEi
                0x4003c80c       0x18 C:\Users\kehood\AppData\Local\Temp\VMicroBuilds\GyroAccelPrinter\Intel_intel_arc32_arduino_101\CurieIMU\CurieIMU.cpp.o
                0x4003c80c                CurieIMUClass::setTapQuietDuration(int)
 .text._ZN13CurieIMUClass29setDoubleTapDetectionDurationEi
                0x4003c824       0x54 C:\Users\kehood\AppData\Local\Temp\VMicroBuilds\GyroAccelPrinter\Intel_intel_arc32_arduino_101\CurieIMU\CurieIMU.cpp.o
                0x4003c824                CurieIMUClass::setDoubleTapDetectionDuration(int)
 .text._ZN13CurieIMUClass20setDetectionDurationEif
                0x4003c878       0xe0 C:\Users\kehood\AppData\Local\Temp\VMicroBuilds\GyroAccelPrinter\Intel_intel_arc32_arduino_101\CurieIMU\CurieIMU.cpp.o
                0x4003c878                CurieIMUClass::setDetectionDuration(int, float)
 .text._ZN13CurieIMUClass15enableInterruptEib
                0x4003c958       0x78 C:\Users\kehood\AppData\Local\Temp\VMicroBuilds\GyroAccelPrinter\Intel_intel_arc32_arduino_101\CurieIMU\CurieIMU.cpp.o
                0x4003c958                CurieIMUClass::enableInterrupt(int, bool)
 .text._ZN13CurieIMUClass10interruptsEi
                0x4003c9d0       0x10 C:\Users\kehood\AppData\Local\Temp\VMicroBuilds\GyroAccelPrinter\Intel_intel_arc32_arduino_101\CurieIMU\CurieIMU.cpp.o
                0x4003c9d0                CurieIMUClass::interrupts(int)
 .text._ZN13CurieIMUClass18getInterruptStatusEi
                0x4003c9e0       0x68 C:\Users\kehood\AppData\Local\Temp\VMicroBuilds\GyroAccelPrinter\Intel_intel_arc32_arduino_101\CurieIMU\CurieIMU.cpp.o
                0x4003c9e0                CurieIMUClass::getInterruptStatus(int)
 .text._ZN13CurieIMUClass16readMotionSensorERiS0_S0_S0_S0_S0_
                0x4003ca48       0x70 C:\Users\kehood\AppData\Local\Temp\VMicroBuilds\GyroAccelPrinter\Intel_intel_arc32_arduino_101\CurieIMU\CurieIMU.cpp.o
                0x4003ca48                CurieIMUClass::readMotionSensor(int&, int&, int&, int&, int&, int&)
 .text._ZN13CurieIMUClass15attachInterruptEPFvvE
                0x4003cab8       0x7c C:\Users\kehood\AppData\Local\Temp\VMicroBuilds\GyroAccelPrinter\Intel_intel_arc32_arduino_101\CurieIMU\CurieIMU.cpp.o
                0x4003cab8                CurieIMUClass::attachInterrupt(void (*)())
 .text._GLOBAL__sub_I__ZN13CurieIMUClass5beginEv
                0x4003cb34       0x1c C:\Users\kehood\AppData\Local\Temp\VMicroBuilds\GyroAccelPrinter\Intel_intel_arc32_arduino_101\CurieIMU\CurieIMU.cpp.o
 .text.ss_spi_init
                0x4003cb50       0x68 C:\Users\kehood\AppData\Local\Temp\VMicroBuilds\GyroAccelPrinter\Intel_intel_arc32_arduino_101\CurieIMU\internal\ss_spi.c.o
                0x4003cb50                ss_spi_init
 .text.ss_spi_xfer
                0x4003cbb8       0xec C:\Users\kehood\AppData\Local\Temp\VMicroBuilds\GyroAccelPrinter\Intel_intel_arc32_arduino_101\CurieIMU\internal\ss_spi.c.o
                0x4003cbb8                ss_spi_xfer
 .text._ZN12BLEAttributeC2EPKc16BLEAttributeType
                0x4003cca4       0x20 C:\Users\kehood\AppData\Local\Temp\VMicroBuilds\GyroAccelPrinter\Intel_intel_arc32_arduino_101\CurieBLE\BLEAttribute.cpp.o
                0x4003cca4                BLEAttribute::BLEAttribute(char const*, BLEAttributeType)
                0x4003cca4                BLEAttribute::BLEAttribute(char const*, BLEAttributeType)
 .text._ZNK12BLEAttribute4uuidEv
                0x4003ccc4       0x10 C:\Users\kehood\AppData\Local\Temp\VMicroBuilds\GyroAccelPrinter\Intel_intel_arc32_arduino_101\CurieBLE\BLEAttribute.cpp.o
                0x4003ccc4                BLEAttribute::uuid() const
 .text._ZNK12BLEAttribute4typeEv
                0x4003ccd4       0x10 C:\Users\kehood\AppData\Local\Temp\VMicroBuilds\GyroAccelPrinter\Intel_intel_arc32_arduino_101\CurieBLE\BLEAttribute.cpp.o
                0x4003ccd4                BLEAttribute::type() const
 .text._ZN12BLEAttribute6handleEv
                0x4003cce4       0x10 C:\Users\kehood\AppData\Local\Temp\VMicroBuilds\GyroAccelPrinter\Intel_intel_arc32_arduino_101\CurieBLE\BLEAttribute.cpp.o
                0x4003cce4                BLEAttribute::handle()
 .text._ZN12BLEAttribute9setHandleEt
                0x4003ccf4       0x10 C:\Users\kehood\AppData\Local\Temp\VMicroBuilds\GyroAccelPrinter\Intel_intel_arc32_arduino_101\CurieBLE\BLEAttribute.cpp.o
                0x4003ccf4                BLEAttribute::setHandle(unsigned short)
 .text._ZNK12BLEAttribute6btUuidEv
                0x4003cd04       0x38 C:\Users\kehood\AppData\Local\Temp\VMicroBuilds\GyroAccelPrinter\Intel_intel_arc32_arduino_101\CurieBLE\BLEAttribute.cpp.o
                0x4003cd04                BLEAttribute::btUuid() const
 .text._ZN12BLEAttribute13numAttributesEv
                0x4003cd3c       0x14 C:\Users\kehood\AppData\Local\Temp\VMicroBuilds\GyroAccelPrinter\Intel_intel_arc32_arduino_101\CurieBLE\BLEAttribute.cpp.o
                0x4003cd3c                BLEAttribute::numAttributes()
 .text._ZNK10BLECentralcvbEv
                0x4003cd50       0x40 C:\Users\kehood\AppData\Local\Temp\VMicroBuilds\GyroAccelPrinter\Intel_intel_arc32_arduino_101\CurieBLE\BLECentral.cpp.o
                0x4003cd50                BLECentral::operator bool() const
 .text._ZN10BLECentral10setAddressE10ble_addr_t
                0x4003cd90       0x28 C:\Users\kehood\AppData\Local\Temp\VMicroBuilds\GyroAccelPrinter\Intel_intel_arc32_arduino_101\CurieBLE\BLECentral.cpp.o
                0x4003cd90                BLECentral::setAddress(ble_addr_t)
 .text._ZN10BLECentral12clearAddressEv
                0x4003cdb8       0x14 C:\Users\kehood\AppData\Local\Temp\VMicroBuilds\GyroAccelPrinter\Intel_intel_arc32_arduino_101\CurieBLE\BLECentral.cpp.o
                0x4003cdb8                BLECentral::clearAddress()
 .text._ZN10BLECentralC2EP13BLEPeripheral
                0x4003cdcc       0x10 C:\Users\kehood\AppData\Local\Temp\VMicroBuilds\GyroAccelPrinter\Intel_intel_arc32_arduino_101\CurieBLE\BLECentral.cpp.o
                0x4003cdcc                BLECentral::BLECentral(BLEPeripheral*)
                0x4003cdcc                BLECentral::BLECentral(BLEPeripheral*)
 .text._ZN17BLECharacteristicD2Ev
                0x4003cddc       0x30 C:\Users\kehood\AppData\Local\Temp\VMicroBuilds\GyroAccelPrinter\Intel_intel_arc32_arduino_101\CurieBLE\BLECharacteristic.cpp.o
                0x4003cddc                BLECharacteristic::~BLECharacteristic()
                0x4003cddc                BLECharacteristic::~BLECharacteristic()
 .text._ZN17BLECharacteristicD0Ev
                0x4003ce0c       0x24 C:\Users\kehood\AppData\Local\Temp\VMicroBuilds\GyroAccelPrinter\Intel_intel_arc32_arduino_101\CurieBLE\BLECharacteristic.cpp.o
                0x4003ce0c                BLECharacteristic::~BLECharacteristic()
 .text._ZN17BLECharacteristicC2EPKcht
                0x4003ce30       0x68 C:\Users\kehood\AppData\Local\Temp\VMicroBuilds\GyroAccelPrinter\Intel_intel_arc32_arduino_101\CurieBLE\BLECharacteristic.cpp.o
                0x4003ce30                BLECharacteristic::BLECharacteristic(char const*, unsigned char, unsigned short)
                0x4003ce30                BLECharacteristic::BLECharacteristic(char const*, unsigned char, unsigned short)
 .text._ZN17BLECharacteristic7writtenEv
                0x4003ce98       0x14 C:\Users\kehood\AppData\Local\Temp\VMicroBuilds\GyroAccelPrinter\Intel_intel_arc32_arduino_101\CurieBLE\BLECharacteristic.cpp.o
                0x4003ce98                BLECharacteristic::written()
 .text._ZN17BLECharacteristic3addEt
                0x4003ceac       0xf8 C:\Users\kehood\AppData\Local\Temp\VMicroBuilds\GyroAccelPrinter\Intel_intel_arc32_arduino_101\CurieBLE\BLECharacteristic.cpp.o
                0x4003ceac                BLECharacteristic::add(unsigned short)
 .text._ZN17BLECharacteristic11valueHandleEv
                0x4003cfa4       0x10 C:\Users\kehood\AppData\Local\Temp\VMicroBuilds\GyroAccelPrinter\Intel_intel_arc32_arduino_101\CurieBLE\BLECharacteristic.cpp.o
                0x4003cfa4                BLECharacteristic::valueHandle()
 .text._ZN17BLECharacteristic10cccdHandleEv
                0x4003cfb4       0x10 C:\Users\kehood\AppData\Local\Temp\VMicroBuilds\GyroAccelPrinter\Intel_intel_arc32_arduino_101\CurieBLE\BLECharacteristic.cpp.o
                0x4003cfb4                BLECharacteristic::cccdHandle()
 .text._ZN17BLECharacteristic12setCccdValueER10BLECentralt
                0x4003cfc4       0x30 C:\Users\kehood\AppData\Local\Temp\VMicroBuilds\GyroAccelPrinter\Intel_intel_arc32_arduino_101\CurieBLE\BLECharacteristic.cpp.o
                0x4003cfc4                BLECharacteristic::setCccdValue(BLECentral&, unsigned short)
 .text._ZN17BLECharacteristic18setUserDescriptionEP13BLEDescriptor
                0x4003cff4       0x10 C:\Users\kehood\AppData\Local\Temp\VMicroBuilds\GyroAccelPrinter\Intel_intel_arc32_arduino_101\CurieBLE\BLECharacteristic.cpp.o
                0x4003cff4                BLECharacteristic::setUserDescription(BLEDescriptor*)
 .text._ZN17BLECharacteristic21setPresentationFormatEP13BLEDescriptor
                0x4003d004       0x10 C:\Users\kehood\AppData\Local\Temp\VMicroBuilds\GyroAccelPrinter\Intel_intel_arc32_arduino_101\CurieBLE\BLECharacteristic.cpp.o
                0x4003d004                BLECharacteristic::setPresentationFormat(BLEDescriptor*)
 .text._ZN17BLECharacteristic9_setValueEPKht
                0x4003d014       0x30 C:\Users\kehood\AppData\Local\Temp\VMicroBuilds\GyroAccelPrinter\Intel_intel_arc32_arduino_101\CurieBLE\BLECharacteristic.cpp.o
                0x4003d014                BLECharacteristic::_setValue(unsigned char const*, unsigned short)
 .text._ZN17BLECharacteristic8setValueEPKht
                0x4003d044       0x68 C:\Users\kehood\AppData\Local\Temp\VMicroBuilds\GyroAccelPrinter\Intel_intel_arc32_arduino_101\CurieBLE\BLECharacteristic.cpp.o
                0x4003d044                BLECharacteristic::setValue(unsigned char const*, unsigned short)
 .text._ZN17BLECharacteristic8setValueER10BLECentralPKht
                0x4003d0ac       0x40 C:\Users\kehood\AppData\Local\Temp\VMicroBuilds\GyroAccelPrinter\Intel_intel_arc32_arduino_101\CurieBLE\BLECharacteristic.cpp.o
                0x4003d0ac                BLECharacteristic::setValue(BLECentral&, unsigned char const*, unsigned short)
 .text._ZNK13BLEDescriptor5valueEv
                0x4003d0ec       0x10 C:\Users\kehood\AppData\Local\Temp\VMicroBuilds\GyroAccelPrinter\Intel_intel_arc32_arduino_101\CurieBLE\BLEDescriptor.cpp.o
                0x4003d0ec                BLEDescriptor::value() const
 .text._ZNK13BLEDescriptor11valueLengthEv
                0x4003d0fc       0x10 C:\Users\kehood\AppData\Local\Temp\VMicroBuilds\GyroAccelPrinter\Intel_intel_arc32_arduino_101\CurieBLE\BLEDescriptor.cpp.o
                0x4003d0fc                BLEDescriptor::valueLength() const
 .text._ZN13BLEDescriptor3addEt
                0x4003d10c       0x70 C:\Users\kehood\AppData\Local\Temp\VMicroBuilds\GyroAccelPrinter\Intel_intel_arc32_arduino_101\CurieBLE\BLEDescriptor.cpp.o
                0x4003d10c                BLEDescriptor::add(unsigned short)
 .text._ZN13BLEPeripheralD2Ev
                0x4003d17c       0x24 C:\Users\kehood\AppData\Local\Temp\VMicroBuilds\GyroAccelPrinter\Intel_intel_arc32_arduino_101\CurieBLE\BLEPeripheral.cpp.o
                0x4003d17c                BLEPeripheral::~BLEPeripheral()
                0x4003d17c                BLEPeripheral::~BLEPeripheral()
 .text._ZN13BLEPeripheralD0Ev
                0x4003d1a0       0x24 C:\Users\kehood\AppData\Local\Temp\VMicroBuilds\GyroAccelPrinter\Intel_intel_arc32_arduino_101\CurieBLE\BLEPeripheral.cpp.o
                0x4003d1a0                BLEPeripheral::~BLEPeripheral()
 .text._ZN13BLEPeripheralC2Ev
                0x4003d1c4       0x5c C:\Users\kehood\AppData\Local\Temp\VMicroBuilds\GyroAccelPrinter\Intel_intel_arc32_arduino_101\CurieBLE\BLEPeripheral.cpp.o
                0x4003d1c4                BLEPeripheral::BLEPeripheral()
                0x4003d1c4                BLEPeripheral::BLEPeripheral()
 .text._ZN13BLEPeripheral24setAdvertisedServiceUuidEPKc
                0x4003d220       0x10 C:\Users\kehood\AppData\Local\Temp\VMicroBuilds\GyroAccelPrinter\Intel_intel_arc32_arduino_101\CurieBLE\BLEPeripheral.cpp.o
                0x4003d220                BLEPeripheral::setAdvertisedServiceUuid(char const*)
 .text._ZN13BLEPeripheral12setLocalNameEPKc
                0x4003d230       0x10 C:\Users\kehood\AppData\Local\Temp\VMicroBuilds\GyroAccelPrinter\Intel_intel_arc32_arduino_101\CurieBLE\BLEPeripheral.cpp.o
                0x4003d230                BLEPeripheral::setLocalName(char const*)
 .text._ZN13BLEPeripheral12addAttributeER12BLEAttribute
                0x4003d240       0xb8 C:\Users\kehood\AppData\Local\Temp\VMicroBuilds\GyroAccelPrinter\Intel_intel_arc32_arduino_101\CurieBLE\BLEPeripheral.cpp.o
                0x4003d240                BLEPeripheral::addAttribute(BLEAttribute&)
 .text._ZN13BLEPeripheral7centralEv
                0x4003d2f8       0x30 C:\Users\kehood\AppData\Local\Temp\VMicroBuilds\GyroAccelPrinter\Intel_intel_arc32_arduino_101\CurieBLE\BLEPeripheral.cpp.o
                0x4003d2f8                BLEPeripheral::central()
 .text._ZN13BLEPeripheral5_initEv
                0x4003d328       0x58 C:\Users\kehood\AppData\Local\Temp\VMicroBuilds\GyroAccelPrinter\Intel_intel_arc32_arduino_101\CurieBLE\BLEPeripheral.cpp.o
                0x4003d328                BLEPeripheral::_init()
 .text._ZN13BLEPeripheral12_advDataInitEv
                0x4003d380      0x11c C:\Users\kehood\AppData\Local\Temp\VMicroBuilds\GyroAccelPrinter\Intel_intel_arc32_arduino_101\CurieBLE\BLEPeripheral.cpp.o
                0x4003d380                BLEPeripheral::_advDataInit()
 .text._ZN13BLEPeripheral17_startAdvertisingEv
                0x4003d49c       0x34 C:\Users\kehood\AppData\Local\Temp\VMicroBuilds\GyroAccelPrinter\Intel_intel_arc32_arduino_101\CurieBLE\BLEPeripheral.cpp.o
                0x4003d49c                BLEPeripheral::_startAdvertising()
 .text._ZN13BLEPeripheral5beginEv
                0x4003d4d0      0x104 C:\Users\kehood\AppData\Local\Temp\VMicroBuilds\GyroAccelPrinter\Intel_intel_arc32_arduino_101\CurieBLE\BLEPeripheral.cpp.o
                0x4003d4d0                BLEPeripheral::begin()
 .text._ZN13BLEPeripheral14handleGapEventE22ble_client_gap_event_tP13ble_gap_event
                0x4003d5d4       0xec C:\Users\kehood\AppData\Local\Temp\VMicroBuilds\GyroAccelPrinter\Intel_intel_arc32_arduino_101\CurieBLE\BLEPeripheral.cpp.o
                0x4003d5d4                BLEPeripheral::handleGapEvent(ble_client_gap_event_t, ble_gap_event*)
 .text._Z28blePeripheralGapEventHandler22ble_client_gap_event_tP13ble_gap_eventPv
                0x4003d6c0       0x18 C:\Users\kehood\AppData\Local\Temp\VMicroBuilds\GyroAccelPrinter\Intel_intel_arc32_arduino_101\CurieBLE\BLEPeripheral.cpp.o
                0x4003d6c0                blePeripheralGapEventHandler(ble_client_gap_event_t, ble_gap_event*, void*)
 .text._ZN13BLEPeripheral16handleGattsEventE24ble_client_gatts_event_tP17ble_gatts_evt_msg
                0x4003d6d8       0xa8 C:\Users\kehood\AppData\Local\Temp\VMicroBuilds\GyroAccelPrinter\Intel_intel_arc32_arduino_101\CurieBLE\BLEPeripheral.cpp.o
                0x4003d6d8                BLEPeripheral::handleGattsEvent(ble_client_gatts_event_t, ble_gatts_evt_msg*)
 .text._Z30blePeripheralGattsEventHandler24ble_client_gatts_event_tP17ble_gatts_evt_msgPv
                0x4003d780       0x18 C:\Users\kehood\AppData\Local\Temp\VMicroBuilds\GyroAccelPrinter\Intel_intel_arc32_arduino_101\CurieBLE\BLEPeripheral.cpp.o
                0x4003d780                blePeripheralGattsEventHandler(ble_client_gatts_event_t, ble_gatts_evt_msg*, void*)
 .text._ZN10BLEServiceC2EPKc
                0x4003d798       0x14 C:\Users\kehood\AppData\Local\Temp\VMicroBuilds\GyroAccelPrinter\Intel_intel_arc32_arduino_101\CurieBLE\BLEService.cpp.o
                0x4003d798                BLEService::BLEService(char const*)
                0x4003d798                BLEService::BLEService(char const*)
 .text._ZN10BLEService3addEv
                0x4003d7ac       0x50 C:\Users\kehood\AppData\Local\Temp\VMicroBuilds\GyroAccelPrinter\Intel_intel_arc32_arduino_101\CurieBLE\BLEService.cpp.o
                0x4003d7ac                BLEService::add()
 .text._ZN7BLEUuidC2EPKc
                0x4003d7fc       0x8c C:\Users\kehood\AppData\Local\Temp\VMicroBuilds\GyroAccelPrinter\Intel_intel_arc32_arduino_101\CurieBLE\BLEUuid.cpp.o
                0x4003d7fc                BLEUuid::BLEUuid(char const*)
                0x4003d7fc                BLEUuid::BLEUuid(char const*)
 .text._ZNK7BLEUuid4uuidEv
                0x4003d888       0x18 C:\Users\kehood\AppData\Local\Temp\VMicroBuilds\GyroAccelPrinter\Intel_intel_arc32_arduino_101\CurieBLE\BLEUuid.cpp.o
                0x4003d888                BLEUuid::uuid() const
 .text.ble_core_client_handle_message
                0x4003d8a0      0x244 C:\Users\kehood\AppData\Local\Temp\VMicroBuilds\GyroAccelPrinter\Intel_intel_arc32_arduino_101\CurieBLE\internal\ble_client.c.o
 .text.ble_client_get_factory_config
                0x4003dae4      0x128 C:\Users\kehood\AppData\Local\Temp\VMicroBuilds\GyroAccelPrinter\Intel_intel_arc32_arduino_101\CurieBLE\internal\ble_client.c.o
                0x4003dae4                ble_client_get_factory_config
 .text.ble_client_init
                0x4003dc0c       0xec C:\Users\kehood\AppData\Local\Temp\VMicroBuilds\GyroAccelPrinter\Intel_intel_arc32_arduino_101\CurieBLE\internal\ble_client.c.o
                0x4003dc0c                ble_client_init
 .text.ble_client_gap_set_enable_config
                0x4003dcf8      0x11c C:\Users\kehood\AppData\Local\Temp\VMicroBuilds\GyroAccelPrinter\Intel_intel_arc32_arduino_101\CurieBLE\internal\ble_client.c.o
                0x4003dcf8                ble_client_gap_set_enable_config
 .text.ble_client_gap_wr_adv_data
                0x4003de14       0x78 C:\Users\kehood\AppData\Local\Temp\VMicroBuilds\GyroAccelPrinter\Intel_intel_arc32_arduino_101\CurieBLE\internal\ble_client.c.o
                0x4003de14                ble_client_gap_wr_adv_data
 .text.ble_client_gap_start_advertise
                0x4003de8c       0x4c C:\Users\kehood\AppData\Local\Temp\VMicroBuilds\GyroAccelPrinter\Intel_intel_arc32_arduino_101\CurieBLE\internal\ble_client.c.o
                0x4003de8c                ble_client_gap_start_advertise
 .text.ble_client_gatts_add_service
                0x4003ded8       0x78 C:\Users\kehood\AppData\Local\Temp\VMicroBuilds\GyroAccelPrinter\Intel_intel_arc32_arduino_101\CurieBLE\internal\ble_client.c.o
                0x4003ded8                ble_client_gatts_add_service
 .text.ble_client_gatts_add_characteristic
                0x4003df50       0x78 C:\Users\kehood\AppData\Local\Temp\VMicroBuilds\GyroAccelPrinter\Intel_intel_arc32_arduino_101\CurieBLE\internal\ble_client.c.o
                0x4003df50                ble_client_gatts_add_characteristic
 .text.ble_client_gatts_add_descriptor
                0x4003dfc8       0x70 C:\Users\kehood\AppData\Local\Temp\VMicroBuilds\GyroAccelPrinter\Intel_intel_arc32_arduino_101\CurieBLE\internal\ble_client.c.o
                0x4003dfc8                ble_client_gatts_add_descriptor
 .text.ble_client_gatts_set_attribute_value
                0x4003e038       0x78 C:\Users\kehood\AppData\Local\Temp\VMicroBuilds\GyroAccelPrinter\Intel_intel_arc32_arduino_101\CurieBLE\internal\ble_client.c.o
                0x4003e038                ble_client_gatts_set_attribute_value
 .text.ble_client_gatts_send_notif_ind
                0x4003e0b0       0x9c C:\Users\kehood\AppData\Local\Temp\VMicroBuilds\GyroAccelPrinter\Intel_intel_arc32_arduino_101\CurieBLE\internal\ble_client.c.o
                0x4003e0b0                ble_client_gatts_send_notif_ind
 .text._ZN16VisualMicroDebug14outPacketStartEb
                0x4003e14c       0x3c C:\Users\kehood\AppData\Local\Temp\VMicroBuilds\GyroAccelPrinter\Intel_intel_arc32_arduino_101\VM_DBG\VM_DBG.cpp.o
                0x4003e14c                VisualMicroDebug::outPacketStart(bool)
 .text._ZN16VisualMicroDebug14outPacketStartEv
                0x4003e188       0x10 C:\Users\kehood\AppData\Local\Temp\VMicroBuilds\GyroAccelPrinter\Intel_intel_arc32_arduino_101\VM_DBG\VM_DBG.cpp.o
                0x4003e188                VisualMicroDebug::outPacketStart()
 .text._ZN16VisualMicroDebug4initEm
                0x4003e198       0x20 C:\Users\kehood\AppData\Local\Temp\VMicroBuilds\GyroAccelPrinter\Intel_intel_arc32_arduino_101\VM_DBG\VM_DBG.cpp.o
                0x4003e198                VisualMicroDebug::init(unsigned long)
 .text._ZN16VisualMicroDebug5beginEP14CDCSerialClassm
                0x4003e1b8       0x48 C:\Users\kehood\AppData\Local\Temp\VMicroBuilds\GyroAccelPrinter\Intel_intel_arc32_arduino_101\VM_DBG\VM_DBG.cpp.o
                0x4003e1b8                VisualMicroDebug::begin(CDCSerialClass*, unsigned long)
 .text._ZN16VisualMicroDebug16sendContinuedACKEh
                0x4003e200       0x48 C:\Users\kehood\AppData\Local\Temp\VMicroBuilds\GyroAccelPrinter\Intel_intel_arc32_arduino_101\VM_DBG\VM_DBG.cpp.o
                0x4003e200                VisualMicroDebug::sendContinuedACK(unsigned char)
 .text._ZN16VisualMicroDebug9breakWaitEh
                0x4003e248       0x6c C:\Users\kehood\AppData\Local\Temp\VMicroBuilds\GyroAccelPrinter\Intel_intel_arc32_arduino_101\VM_DBG\VM_DBG.cpp.o
                0x4003e248                VisualMicroDebug::breakWait(unsigned char)
 .text._ZN16VisualMicroDebug5startEbb
                0x4003e2b4       0x2c C:\Users\kehood\AppData\Local\Temp\VMicroBuilds\GyroAccelPrinter\Intel_intel_arc32_arduino_101\VM_DBG\VM_DBG.cpp.o
                0x4003e2b4                VisualMicroDebug::start(bool, bool)
 .text.delay    0x4003e2e0       0xc4 C:\Users\kehood\AppData\Local\Temp\VMicroBuilds\GyroAccelPrinter\Intel_intel_arc32_arduino_101/core.a(wiring.c.o)
                0x4003e2e0                delay
 .text.millis   0x4003e3a4       0x40 C:\Users\kehood\AppData\Local\Temp\VMicroBuilds\GyroAccelPrinter\Intel_intel_arc32_arduino_101/core.a(wiring.c.o)
                0x4003e3a4                millis
 .text.micros   0x4003e3e4       0x3c C:\Users\kehood\AppData\Local\Temp\VMicroBuilds\GyroAccelPrinter\Intel_intel_arc32_arduino_101/core.a(wiring.c.o)