Archive member included because of file (symbol)

C:\Users\kehood\AppData\Local\arduino15\packages\Intel\hardware\arc32\1.0.5\variants\arduino_101\libarc32drv_arduino101.a(c_init.o)
                              (--whole-archive)
C:\Users\kehood\AppData\Local\arduino15\packages\Intel\hardware\arc32\1.0.5\variants\arduino_101\libarc32drv_arduino101.a(interrupt.o)
                              (--whole-archive)
C:\Users\kehood\AppData\Local\arduino15\packages\Intel\hardware\arc32\1.0.5\variants\arduino_101\libarc32drv_arduino101.a(version.o)
                              (--whole-archive)
C:\Users\kehood\AppData\Local\arduino15\packages\Intel\hardware\arc32\1.0.5\variants\arduino_101\libarc32drv_arduino101.a(arcv2_timer0.o)
                              (--whole-archive)
C:\Users\kehood\AppData\Local\arduino15\packages\Intel\hardware\arc32\1.0.5\variants\arduino_101\libarc32drv_arduino101.a(ipc_uart_ns16550.o)
                              (--whole-archive)
C:\Users\kehood\AppData\Local\arduino15\packages\Intel\hardware\arc32\1.0.5\variants\arduino_101\libarc32drv_arduino101.a(ns16550.o)
                              (--whole-archive)
C:\Users\kehood\AppData\Local\arduino15\packages\Intel\hardware\arc32\1.0.5\variants\arduino_101\libarc32drv_arduino101.a(soc_gpio.o)
                              (--whole-archive)
C:\Users\kehood\AppData\Local\arduino15\packages\Intel\hardware\arc32\1.0.5\variants\arduino_101\libarc32drv_arduino101.a(ss_dw_i2c.o)
                              (--whole-archive)
C:\Users\kehood\AppData\Local\arduino15\packages\Intel\hardware\arc32\1.0.5\variants\arduino_101\libarc32drv_arduino101.a(ss_gpio_iface.o)
                              (--whole-archive)
C:\Users\kehood\AppData\Local\arduino15\packages\Intel\hardware\arc32\1.0.5\variants\arduino_101\libarc32drv_arduino101.a(ss_i2c_iface.o)
                              (--whole-archive)
C:\Users\kehood\AppData\Local\arduino15\packages\Intel\hardware\arc32\1.0.5\variants\arduino_101\libarc32drv_arduino101.a(cfw_platform.o)
                              (--whole-archive)
C:\Users\kehood\AppData\Local\arduino15\packages\Intel\hardware\arc32\1.0.5\variants\arduino_101\libarc32drv_arduino101.a(nordic_interface.o)
                              (--whole-archive)
C:\Users\kehood\AppData\Local\arduino15\packages\Intel\hardware\arc32\1.0.5\variants\arduino_101\libarc32drv_arduino101.a(ble_service_gap_api.o)
                              (--whole-archive)
C:\Users\kehood\AppData\Local\arduino15\packages\Intel\hardware\arc32\1.0.5\variants\arduino_101\libarc32drv_arduino101.a(ble_service_gatts_api.o)
                              (--whole-archive)
C:\Users\kehood\AppData\Local\arduino15\packages\Intel\hardware\arc32\1.0.5\variants\arduino_101\libarc32drv_arduino101.a(ble_service_utils.o)
                              (--whole-archive)
C:\Users\kehood\AppData\Local\arduino15\packages\Intel\hardware\arc32\1.0.5\variants\arduino_101\libarc32drv_arduino101.a(cfw_debug.o)
                              (--whole-archive)
C:\Users\kehood\AppData\Local\arduino15\packages\Intel\hardware\arc32\1.0.5\variants\arduino_101\libarc32drv_arduino101.a(client_api.o)
                              (--whole-archive)
C:\Users\kehood\AppData\Local\arduino15\packages\Intel\hardware\arc32\1.0.5\variants\arduino_101\libarc32drv_arduino101.a(service_api.o)
                              (--whole-archive)
C:\Users\kehood\AppData\Local\arduino15\packages\Intel\hardware\arc32\1.0.5\variants\arduino_101\libarc32drv_arduino101.a(service_manager.o)
                              (--whole-archive)
C:\Users\kehood\AppData\Local\arduino15\packages\Intel\hardware\arc32\1.0.5\variants\arduino_101\libarc32drv_arduino101.a(factory_data.o)
                              (--whole-archive)
C:\Users\kehood\AppData\Local\arduino15\packages\Intel\hardware\arc32\1.0.5\variants\arduino_101\libarc32drv_arduino101.a(ipc.o)
                              (--whole-archive)
C:\Users\kehood\AppData\Local\arduino15\packages\Intel\hardware\arc32\1.0.5\variants\arduino_101\libarc32drv_arduino101.a(ipc_callback.o)
                              (--whole-archive)
C:\Users\kehood\AppData\Local\arduino15\packages\Intel\hardware\arc32\1.0.5\variants\arduino_101\libarc32drv_arduino101.a(log.o)
                              (--whole-archive)
C:\Users\kehood\AppData\Local\arduino15\packages\Intel\hardware\arc32\1.0.5\variants\arduino_101\libarc32drv_arduino101.a(log_impl_printk.o)
                              (--whole-archive)
C:\Users\kehood\AppData\Local\arduino15\packages\Intel\hardware\arc32\1.0.5\variants\arduino_101\libarc32drv_arduino101.a(port.o)
                              (--whole-archive)
C:\Users\kehood\AppData\Local\arduino15\packages\Intel\hardware\arc32\1.0.5\variants\arduino_101\libarc32drv_arduino101.a(uptime.o)
                              (--whole-archive)
C:\Users\kehood\AppData\Local\arduino15\packages\Intel\hardware\arc32\1.0.5\variants\arduino_101\libarc32drv_arduino101.a(list.o)
[...]
Memory Configuration

Name             Origin             Length             Attributes
FLASH            0x40034000         0x00026000         xr
SRAM             0xa800e000         0x00006000         xw
DCCM             0x80000000         0x00002000         xw
*default*        0x00000000         0xffffffff

Linker script and memory map

LOAD C:\Users\kehood\AppData\Local\arduino15\packages\Intel\hardware\arc32\1.0.5\variants\arduino_101\libarc32drv_arduino101.a
START GROUP
LOAD C:\Users\kehood\AppData\Local\arduino15\packages\Intel\hardware\arc32\1.0.5\variants\arduino_101\libarc32drv_arduino101.a
LOAD c:/users/kehood/appdata/local/arduino15/packages/intel/tools/arc-elf32/1.6.4+1.0/bin/../lib/gcc/arc-elf32/4.8.3/../../../../arc-elf32/lib\libc.a
LOAD c:/users/kehood/appdata/local/arduino15/packages/intel/tools/arc-elf32/1.6.4+1.0/bin/../lib/gcc/arc-elf32/4.8.3/../../../../arc-elf32/lib\libm.a
LOAD c:/users/kehood/appdata/local/arduino15/packages/intel/tools/arc-elf32/1.6.4+1.0/bin/../lib/gcc/arc-elf32/4.8.3\libgcc.a
LOAD C:\Users\kehood\AppData\Local\Temp\VMicroBuilds\GyroAccelPrinter\Intel_intel_arc32_arduino_101\GyroAccelPrinter.cpp.o
LOAD C:\Users\kehood\AppData\Local\Temp\VMicroBuilds\GyroAccelPrinter\Intel_intel_arc32_arduino_101\CurieIMU\BMI160.cpp.o
LOAD C:\Users\kehood\AppData\Local\Temp\VMicroBuilds\GyroAccelPrinter\Intel_intel_arc32_arduino_101\CurieIMU\CurieIMU.cpp.o
LOAD C:\Users\kehood\AppData\Local\Temp\VMicroBuilds\GyroAccelPrinter\Intel_intel_arc32_arduino_101\CurieIMU\internal\ss_spi.c.o
LOAD C:\Users\kehood\AppData\Local\Temp\VMicroBuilds\GyroAccelPrinter\Intel_intel_arc32_arduino_101\Kalman\Kalman.cpp.o
LOAD C:\Users\kehood\AppData\Local\Temp\VMicroBuilds\GyroAccelPrinter\Intel_intel_arc32_arduino_101\VM_DBG\VM_DBG.cpp.o
LOAD C:\Users\kehood\AppData\Local\Temp\VMicroBuilds\GyroAccelPrinter\Intel_intel_arc32_arduino_101/core.a
                0x00000800                __stack_size = 0x800
                0x00000200                __firq_stack_size = 0x200
                0x00002000                __HEAP_SIZE_MIN = 0x2000
                0x00001000                __PAGE_SIZE = 0x1000

text            0x40034000     0xbf98
                0x40034000                __text_start = .
 *(.int_vector_table)
 .int_vector_table
                0x40034000      0x110 C:\Users\kehood\AppData\Local\arduino15\packages\Intel\hardware\arc32\1.0.5\variants\arduino_101\libarc32drv_arduino101.a(init.o)
 *(.int_vector_table.*)
 *(.version_header)
 .version_header
                0x40034110       0x30 C:\Users\kehood\AppData\Local\arduino15\packages\Intel\hardware\arc32\1.0.5\variants\arduino_101\libarc32drv_arduino101.a(version.o)
                0x40034110                version_header
 *(.version_header*)
 *(.text)
 .text          0x40034140       0x70 C:\Users\kehood\AppData\Local\arduino15\packages\Intel\hardware\arc32\1.0.5\variants\arduino_101\libarc32drv_arduino101.a(init.o)
                0x40034168                _do_fault
                0x40034184                _do_isr
 .text          0x400341b0       0x5c c:/users/kehood/appdata/local/arduino15/packages/intel/tools/arc-elf32/1.6.4+1.0/bin/../lib/gcc/arc-elf32/4.8.3/../../../../arc-elf32/lib\libc.a(lib_a-malloc.o)
                0x400341b0                malloc
                0x400341e0                free
 .text          0x4003420c      0xbdc c:/users/kehood/appdata/local/arduino15/packages/intel/tools/arc-elf32/1.6.4+1.0/bin/../lib/gcc/arc-elf32/4.8.3/../../../../arc-elf32/lib\libc.a(lib_a-mallocr.o)
                0x40034508                _malloc_r
 .text          0x40034de8       0x80 c:/users/kehood/appdata/local/arduino15/packages/intel/tools/arc-elf32/1.6.4+1.0/bin/../lib/gcc/arc-elf32/4.8.3/../../../../arc-elf32/lib\libc.a(lib_a-memcpy-700.o)
                0x40034de8                memcpy
 .text          0x40034e68       0x6c c:/users/kehood/appdata/local/arduino15/packages/intel/tools/arc-elf32/1.6.4+1.0/bin/../lib/gcc/arc-elf32/4.8.3/../../../../arc-elf32/lib\libc.a(lib_a-memset.o)
                0x40034e68                memset
                0x40034ebc                __strncpy_bzero
 .text          0x40034ed4       0x28 c:/users/kehood/appdata/local/arduino15/packages/intel/tools/arc-elf32/1.6.4+1.0/bin/../lib/gcc/arc-elf32/4.8.3/../../../../arc-elf32/lib\libc.a(lib_a-mlock.o)
                0x40034ed4                __malloc_lock
                0x40034ee8                __malloc_unlock
 .text          0x40034efc       0x94 c:/users/kehood/appdata/local/arduino15/packages/intel/tools/arc-elf32/1.6.4+1.0/bin/../lib/gcc/arc-elf32/4.8.3/../../../../arc-elf32/lib\libc.a(lib_a-sbrk.o)
                0x40034efc                _sbrk_r
 .text          0x40034f90       0xb4 c:/users/kehood/appdata/local/arduino15/packages/intel/tools/arc-elf32/1.6.4+1.0/bin/../lib/gcc/arc-elf32/4.8.3/../../../../arc-elf32/lib\libc.a(lib_a-strcpy-600.o)
                0x40034f90                strcpy
 .text          0x40035044       0x88 c:/users/kehood/appdata/local/arduino15/packages/intel/tools/arc-elf32/1.6.4+1.0/bin/../lib/gcc/arc-elf32/4.8.3/../../../../arc-elf32/lib\libc.a(lib_a-strlen.o)
                0x40035044                strlen
 .text          0x400350cc      0x5ac c:/users/kehood/appdata/local/arduino15/packages/intel/tools/arc-elf32/1.6.4+1.0/bin/../lib/gcc/arc-elf32/4.8.3/../../../../arc-elf32/lib\libc.a(lib_a-freer.o)
                0x400350cc                _free_r
                0x40035508                _malloc_trim_r
 .text          0x40035678        0x4 c:/users/kehood/appdata/local/arduino15/packages/intel/tools/arc-elf32/1.6.4+1.0/bin/../lib/gcc/arc-elf32/4.8.3\libgcc.a(_udivsi3.o)
                0x40035678                __udivsi3
 .text          0x4003567c       0x10 c:/users/kehood/appdata/local/arduino15/packages/intel/tools/arc-elf32/1.6.4+1.0/bin/../lib/gcc/arc-elf32/4.8.3\libgcc.a(_umodsi3.o)
                0x4003567c                __umodsi3
 .text          0x4003568c       0x70 c:/users/kehood/appdata/local/arduino15/packages/intel/tools/arc-elf32/1.6.4+1.0/bin/../lib/gcc/arc-elf32/4.8.3\libgcc.a(_divmod_tools.o)
                0x4003568c                __udivmodsi4
 .text          0x400356fc       0x30 c:/users/kehood/appdata/local/arduino15/packages/intel/tools/arc-elf32/1.6.4+1.0/bin/../lib/gcc/arc-elf32/4.8.3\libgcc.a(_millicodethunk_st.o)
                0x400356fc                __st_r13_to_r25
                0x40035700                __st_r13_to_r24
                0x40035704                __st_r13_to_r23
                0x40035708                __st_r13_to_r22
                0x4003570c                __st_r13_to_r21
                0x40035710                __st_r13_to_r20
                0x40035714                __st_r13_to_r19
                0x40035718                __st_r13_to_r18
                0x4003571c                __st_r13_to_r17
                0x40035720                __st_r13_to_r16
                0x40035724                __st_r13_to_r15
 .text          0x4003572c       0x30 c:/users/kehood/appdata/local/arduino15/packages/intel/tools/arc-elf32/1.6.4+1.0/bin/../lib/gcc/arc-elf32/4.8.3\libgcc.a(_millicodethunk_ld.o)
                0x4003572c                __ld_r13_to_r25
                0x40035730                __ld_r13_to_r24
                0x40035734                __ld_r13_to_r23
                0x40035738                __ld_r13_to_r22
                0x4003573c                __ld_r13_to_r21
                0x40035740                __ld_r13_to_r20
                0x40035744                __ld_r13_to_r19
                0x40035748                __ld_r13_to_r18
                0x4003574c                __ld_r13_to_r17
                0x40035750                __ld_r13_to_r16
                0x40035754                __ld_r13_to_r15
 .text          0x4003575c       0x3c c:/users/kehood/appdata/local/arduino15/packages/intel/tools/arc-elf32/1.6.4+1.0/bin/../lib/gcc/arc-elf32/4.8.3\libgcc.a(_millicodethunk_ret.o)
                0x4003575c                __ld_r13_to_r25_ret
                0x40035760                __ld_r13_to_r24_ret
                0x40035764                __ld_r13_to_r23_ret
                0x40035768                __ld_r13_to_r22_ret
                0x4003576c                __ld_r13_to_r21_ret
                0x40035770                __ld_r13_to_r20_ret
                0x40035774                __ld_r13_to_r19_ret
                0x40035778                __ld_r13_to_r18_ret
                0x4003577c                __ld_r13_to_r17_ret
                0x40035780                __ld_r13_to_r16_ret
                0x40035784                __ld_r13_to_r15_ret
                0x40035788                __ld_r13_to_r14_ret
 .text          0x40035798      0x1c0 c:/users/kehood/appdata/local/arduino15/packages/intel/tools/arc-elf32/1.6.4+1.0/bin/../lib/gcc/arc-elf32/4.8.3/../../../../arc-elf32/lib\libc.a(lib_a-memmove.o)
                0x40035798                memmove
 .text          0x40035958       0x38 c:/users/kehood/appdata/local/arduino15/packages/intel/tools/arc-elf32/1.6.4+1.0/bin/../lib/gcc/arc-elf32/4.8.3/../../../../arc-elf32/lib\libc.a(lib_a-realloc.o)
                0x40035958                realloc
 .text          0x40035990      0x9e8 c:/users/kehood/appdata/local/arduino15/packages/intel/tools/arc-elf32/1.6.4+1.0/bin/../lib/gcc/arc-elf32/4.8.3/../../../../arc-elf32/lib\libc.a(lib_a-reallocr.o)
                0x40035990                _realloc_r
 .text          0x40036378       0xe8 c:/users/kehood/appdata/local/arduino15/packages/intel/tools/arc-elf32/1.6.4+1.0/bin/../lib/gcc/arc-elf32/4.8.3/../../../../arc-elf32/lib\libc.a(lib_a-s_fpclassify.o)
                0x40036378                __fpclassifyd
 .text          0x40036460      0x6ac c:/users/kehood/appdata/local/arduino15/packages/intel/tools/arc-elf32/1.6.4+1.0/bin/../lib/gcc/arc-elf32/4.8.3/../../../../arc-elf32/lib\libm.a(lib_a-s_atan.o)
                0x40036460                atan
 .text          0x40036b0c       0x68 c:/users/kehood/appdata/local/arduino15/packages/intel/tools/arc-elf32/1.6.4+1.0/bin/../lib/gcc/arc-elf32/4.8.3/../../../../arc-elf32/lib\libm.a(lib_a-s_fabs.o)
                0x40036b0c                fabs
 .text          0x40036b74       0xf4 c:/users/kehood/appdata/local/arduino15/packages/intel/tools/arc-elf32/1.6.4+1.0/bin/../lib/gcc/arc-elf32/4.8.3/../../../../arc-elf32/lib\libm.a(lib_a-sf_cos.o)
                0x40036b74                cosf
 .text          0x40036c68       0xfc c:/users/kehood/appdata/local/arduino15/packages/intel/tools/arc-elf32/1.6.4+1.0/bin/../lib/gcc/arc-elf32/4.8.3/../../../../arc-elf32/lib\libm.a(lib_a-sf_sin.o)
                0x40036c68                sinf
 .text          0x40036d64       0x40 c:/users/kehood/appdata/local/arduino15/packages/intel/tools/arc-elf32/1.6.4+1.0/bin/../lib/gcc/arc-elf32/4.8.3/../../../../arc-elf32/lib\libm.a(lib_a-w_atan2.o)
                0x40036d64                atan2
 .text          0x40036da4      0x138 c:/users/kehood/appdata/local/arduino15/packages/intel/tools/arc-elf32/1.6.4+1.0/bin/../lib/gcc/arc-elf32/4.8.3/../../../../arc-elf32/lib\libm.a(lib_a-w_sqrt.o)
                0x40036da4                sqrt
 .text          0x40036edc      0x63c c:/users/kehood/appdata/local/arduino15/packages/intel/tools/arc-elf32/1.6.4+1.0/bin/../lib/gcc/arc-elf32/4.8.3/../../../../arc-elf32/lib\libm.a(lib_a-e_atan2.o)
                0x40036edc                __ieee754_atan2
 .text          0x40037518      0x554 c:/users/kehood/appdata/local/arduino15/packages/intel/tools/arc-elf32/1.6.4+1.0/bin/../lib/gcc/arc-elf32/4.8.3/../../../../arc-elf32/lib\libm.a(lib_a-e_sqrt.o)
                0x40037518                __ieee754_sqrt
 .text          0x40037a6c      0x68c c:/users/kehood/appdata/local/arduino15/packages/intel/tools/arc-elf32/1.6.4+1.0/bin/../lib/gcc/arc-elf32/4.8.3/../../../../arc-elf32/lib\libm.a(lib_a-ef_rem_pio2.o)
                0x40037a6c                __ieee754_rem_pio2f
 .text          0x400380f8      0x244 c:/users/kehood/appdata/local/arduino15/packages/intel/tools/arc-elf32/1.6.4+1.0/bin/../lib/gcc/arc-elf32/4.8.3/../../../../arc-elf32/lib\libm.a(lib_a-kf_cos.o)
                0x400380f8                __kernel_cosf
 .text          0x4003833c      0xbd8 c:/users/kehood/appdata/local/arduino15/packages/intel/tools/arc-elf32/1.6.4+1.0/bin/../lib/gcc/arc-elf32/4.8.3/../../../../arc-elf32/lib\libm.a(lib_a-kf_rem_pio2.o)
                0x4003833c                __kernel_rem_pio2f
 .text          0x40038f14      0x1c4 c:/users/kehood/appdata/local/arduino15/packages/intel/tools/arc-elf32/1.6.4+1.0/bin/../lib/gcc/arc-elf32/4.8.3/../../../../arc-elf32/lib\libm.a(lib_a-kf_sin.o)
                0x40038f14                __kernel_sinf
 .text          0x400390d8       0x50 c:/users/kehood/appdata/local/arduino15/packages/intel/tools/arc-elf32/1.6.4+1.0/bin/../lib/gcc/arc-elf32/4.8.3/../../../../arc-elf32/lib\libm.a(lib_a-s_matherr.o)
                0x400390d8                matherr
 .text          0x40039128       0x3c c:/users/kehood/appdata/local/arduino15/packages/intel/tools/arc-elf32/1.6.4+1.0/bin/../lib/gcc/arc-elf32/4.8.3/../../../../arc-elf32/lib\libm.a(lib_a-sf_fabs.o)
                0x40039128                fabsf
 .text          0x40039164      0x15c c:/users/kehood/appdata/local/arduino15/packages/intel/tools/arc-elf32/1.6.4+1.0/bin/../lib/gcc/arc-elf32/4.8.3/../../../../arc-elf32/lib\libm.a(lib_a-sf_floor.o)
                0x40039164                floorf
 .text          0x400392c0      0x1f4 c:/users/kehood/appdata/local/arduino15/packages/intel/tools/arc-elf32/1.6.4+1.0/bin/../lib/gcc/arc-elf32/4.8.3/../../../../arc-elf32/lib\libm.a(lib_a-sf_scalbn.o)
                0x400392c0                scalbnf
 .text          0x400394b4       0x5c c:/users/kehood/appdata/local/arduino15/packages/intel/tools/arc-elf32/1.6.4+1.0/bin/../lib/gcc/arc-elf32/4.8.3/../../../../arc-elf32/lib\libm.a(lib_a-sf_copysign.o)
                0x400394b4                copysignf
 .text          0x40039510       0x1c c:/users/kehood/appdata/local/arduino15/packages/intel/tools/arc-elf32/1.6.4+1.0/bin/../lib/gcc/arc-elf32/4.8.3\libgcc.a(_divsi3.o)
                0x40039510                __divsi3
 .text          0x4003952c      0x4a0 c:/users/kehood/appdata/local/arduino15/packages/intel/tools/arc-elf32/1.6.4+1.0/bin/../lib/gcc/arc-elf32/4.8.3\libgcc.a(_udivdi3.o)
                0x4003952c                __udivdi3
 .text          0x400399cc      0xa0c c:/users/kehood/appdata/local/arduino15/packages/intel/tools/arc-elf32/1.6.4+1.0/bin/../lib/gcc/arc-elf32/4.8.3\libgcc.a(fp-bit.o)
                0x40039b68                __pack_f
                0x40039c5c                __unpack_f
                0x40039cdc                __addsf3
                0x40039d10                __subsf3
                0x40039d4c                __mulsf3
                0x40039e84                __divsf3
                0x40039f78                __fpcmp_parts_f
                0x4003a010                __cmpsf2
                0x4003a03c                __eqsf2
                0x4003a07c                __nesf2
                0x4003a0bc                __gtsf2
                0x4003a0fc                __gesf2
                0x4003a13c                __ltsf2
                0x4003a17c                __lesf2
                0x4003a1bc                __unordsf2
                0x4003a1f8                __floatsisf
                0x4003a27c                __floatunsisf
                0x4003a2fc                __fixsfsi
                0x4003a360                __negsf2
                0x4003a38c                __make_fp
                0x4003a3a8                __extendsfdf2
 .text          0x4003a3d8      0xef0 c:/users/kehood/appdata/local/arduino15/packages/intel/tools/arc-elf32/1.6.4+1.0/bin/../lib/gcc/arc-elf32/4.8.3\libgcc.a(dp-bit.o)
                0x4003a6f4                __pack_d
                0x4003a890                __unpack_d
                0x4003a940                __adddf3
                0x4003a974                __subdf3
                0x4003a9b0                __muldf3
                0x4003abcc                __divdf3
                0x4003ad3c                __fpcmp_parts_d
                0x4003adf0                __cmpdf2
                0x4003ae1c                __eqdf2
                0x4003ae5c                __nedf2
                0x4003ae9c                __gtdf2
                0x4003aedc                __gedf2
                0x4003af1c                __ltdf2
                0x4003af5c                __ledf2
                0x4003af9c                __unorddf2
                0x4003afd8                __floatsidf
                0x4003b084                __floatunsidf
                0x4003b140                __fixdfsi
                0x4003b1c8                __fixunsdfsi
                0x4003b23c                __negdf2
                0x4003b268                __make_dp
                0x4003b288                __truncdfsf2
 .text          0x4003b2c8       0x30 c:/users/kehood/appdata/local/arduino15/packages/intel/tools/arc-elf32/1.6.4+1.0/bin/../lib/gcc/arc-elf32/4.8.3\libgcc.a(_clzsi2.o)
                0x4003b2c8                __clzsi2
 .text          0x4003b2f8       0x28 c:/users/kehood/appdata/local/arduino15/packages/intel/tools/arc-elf32/1.6.4+1.0/bin/../lib/gcc/arc-elf32/4.8.3\libgcc.a(_lshrdi3.o)
                0x4003b2f8                __lshrdi3
 .text          0x4003b320       0x28 c:/users/kehood/appdata/local/arduino15/packages/intel/tools/arc-elf32/1.6.4+1.0/bin/../lib/gcc/arc-elf32/4.8.3\libgcc.a(_ashldi3.o)
                0x4003b320                __ashldi3
 .text          0x4003b348       0x18 c:/users/kehood/appdata/local/arduino15/packages/intel/tools/arc-elf32/1.6.4+1.0/bin/../lib/gcc/arc-elf32/4.8.3/../../../../arc-elf32/lib\libc.a(lib_a-errno.o)
                0x4003b348                __errno
 *(.text.*)
 .text._main    0x4003b360       0x70 C:\Users\kehood\AppData\Local\arduino15\packages\Intel\hardware\arc32\1.0.5\variants\arduino_101\libarc32drv_arduino101.a(c_init.o)
                0x4003b360                _main
 .text.interrupt_connect
                0x4003b3d0       0x20 C:\Users\kehood\AppData\Local\arduino15\packages\Intel\hardware\arc32\1.0.5\variants\arduino_101\libarc32drv_arduino101.a(interrupt.o)
                0x4003b3d0                interrupt_connect
 .text.interrupt_enable
                0x4003b3f0       0x28 C:\Users\kehood\AppData\Local\arduino15\packages\Intel\hardware\arc32\1.0.5\variants\arduino_101\libarc32drv_arduino101.a(interrupt.o)
                0x4003b3f0                interrupt_enable
 .text.interrupt_unit_device_init
                0x4003b418       0x50 C:\Users\kehood\AppData\Local\arduino15\packages\Intel\hardware\arc32\1.0.5\variants\arduino_101\libarc32drv_arduino101.a(interrupt.o)
                0x4003b418                interrupt_unit_device_init
 .text._arcv2_timer0_int_handler
                0x4003b468       0x20 C:\Users\kehood\AppData\Local\arduino15\packages\Intel\hardware\arc32\1.0.5\variants\arduino_101\libarc32drv_arduino101.a(arcv2_timer0.o)
                0x4003b468                _arcv2_timer0_int_handler
 .text.timer0_driver_init
                0x4003b488       0x40 C:\Users\kehood\AppData\Local\arduino15\packages\Intel\hardware\arc32\1.0.5\variants\arduino_101\libarc32drv_arduino101.a(arcv2_timer0.o)
                0x4003b488                timer0_driver_init
 .text.uart_ipc_get_channel
                0x4003b4c8       0x14 C:\Users\kehood\AppData\Local\arduino15\packages\Intel\hardware\arc32\1.0.5\variants\arduino_101\libarc32drv_arduino101.a(ipc_uart_ns16550.o)
                0x4003b4c8                uart_ipc_get_channel
 .text.uart_ipc_send_message
                0x4003b4dc       0x8c C:\Users\kehood\AppData\Local\arduino15\packages\Intel\hardware\arc32\1.0.5\variants\arduino_101\libarc32drv_arduino101.a(ipc_uart_ns16550.o)
                0x4003b4dc                uart_ipc_send_message
 .text.uart_init
                0x4003b568       0x98 C:\Users\kehood\AppData\Local\arduino15\packages\Intel\hardware\arc32\1.0.5\variants\arduino_101\libarc32drv_arduino101.a(ns16550.o)
                0x4003b568                uart_init
 .text.uart_poll_in
                0x4003b600       0x28 C:\Users\kehood\AppData\Local\arduino15\packages\Intel\hardware\arc32\1.0.5\variants\arduino_101\libarc32drv_arduino101.a(ns16550.o)
                0x4003b600                uart_poll_in
 .text.uart_poll_out
                0x4003b628       0x28 C:\Users\kehood\AppData\Local\arduino15\packages\Intel\hardware\arc32\1.0.5\variants\arduino_101\libarc32drv_arduino101.a(ns16550.o)
                0x4003b628                uart_poll_out
 .text.uart_fifo_read
                0x4003b650       0x4c C:\Users\kehood\AppData\Local\arduino15\packages\Intel\hardware\arc32\1.0.5\variants\arduino_101\libarc32drv_arduino101.a(ns16550.o)
                0x4003b650                uart_fifo_read
 .text.uart_irq_tx_enable
                0x4003b69c       0x20 C:\Users\kehood\AppData\Local\arduino15\packages\Intel\hardware\arc32\1.0.5\variants\arduino_101\libarc32drv_arduino101.a(ns16550.o)
                0x4003b69c                uart_irq_tx_enable
 .text.uart_irq_tx_disable
                0x4003b6bc       0x20 C:\Users\kehood\AppData\Local\arduino15\packages\Intel\hardware\arc32\1.0.5\variants\arduino_101\libarc32drv_arduino101.a(ns16550.o)
                0x4003b6bc                uart_irq_tx_disable
 .text.uart_irq_tx_ready
                0x4003b6dc       0x20 C:\Users\kehood\AppData\Local\arduino15\packages\Intel\hardware\arc32\1.0.5\variants\arduino_101\libarc32drv_arduino101.a(ns16550.o)
                0x4003b6dc                uart_irq_tx_ready
 .text.uart_irq_rx_enable
                0x4003b6fc       0x20 C:\Users\kehood\AppData\Local\arduino15\packages\Intel\hardware\arc32\1.0.5\variants\arduino_101\libarc32drv_arduino101.a(ns16550.o)
                0x4003b6fc                uart_irq_rx_enable
 .text.uart_irq_rx_disable
                0x4003b71c       0x20 C:\Users\kehood\AppData\Local\arduino15\packages\Intel\hardware\arc32\1.0.5\variants\arduino_101\libarc32drv_arduino101.a(ns16550.o)
                0x4003b71c                uart_irq_rx_disable
 .text.uart_irq_rx_ready
                0x4003b73c       0x20 C:\Users\kehood\AppData\Local\arduino15\packages\Intel\hardware\arc32\1.0.5\variants\arduino_101\libarc32drv_arduino101.a(ns16550.o)
                0x4003b73c                uart_irq_rx_ready
 .text.uart_int_connect
                0x4003b75c       0x4c C:\Users\kehood\AppData\Local\arduino15\packages\Intel\hardware\arc32\1.0.5\variants\arduino_101\libarc32drv_arduino101.a(ns16550.o)
                0x4003b75c                uart_int_connect
 .text.soc_gpio_ISR_proc
                0x4003b7a8       0x58 C:\Users\kehood\AppData\Local\arduino15\packages\Intel\hardware\arc32\1.0.5\variants\arduino_101\libarc32drv_arduino101.a(soc_gpio.o)
 .text.gpio_isr
                0x4003b800       0x10 C:\Users\kehood\AppData\Local\arduino15\packages\Intel\hardware\arc32\1.0.5\variants\arduino_101\libarc32drv_arduino101.a(soc_gpio.o)
                0x4003b800                gpio_isr
 .text.gpio_aon_isr
                0x4003b810       0x10 C:\Users\kehood\AppData\Local\arduino15\packages\Intel\hardware\arc32\1.0.5\variants\arduino_101\libarc32drv_arduino101.a(soc_gpio.o)
                0x4003b810                gpio_aon_isr
 .text.soc_gpio_enable
                0x4003b820       0x88 C:\Users\kehood\AppData\Local\arduino15\packages\Intel\hardware\arc32\1.0.5\variants\arduino_101\libarc32drv_arduino101.a(soc_gpio.o)
                0x4003b820                soc_gpio_enable
 .text.soc_gpio_set_config
                0x4003b8a8      0x13c C:\Users\kehood\AppData\Local\arduino15\packages\Intel\hardware\arc32\1.0.5\variants\arduino_101\libarc32drv_arduino101.a(soc_gpio.o)
                0x4003b8a8                soc_gpio_set_config
 .text.soc_gpio_mask_interrupt
                0x4003b9e4       0x2c C:\Users\kehood\AppData\Local\arduino15\packages\Intel\hardware\arc32\1.0.5\variants\arduino_101\libarc32drv_arduino101.a(soc_gpio.o)
                0x4003b9e4                soc_gpio_mask_interrupt
 .text.soc_gpio_unmask_interrupt
                0x4003ba10       0x34 C:\Users\kehood\AppData\Local\arduino15\packages\Intel\hardware\arc32\1.0.5\variants\arduino_101\libarc32drv_arduino101.a(soc_gpio.o)
                0x4003ba10                soc_gpio_unmask_interrupt
 .text.free_message_ipc
                0x4003ba44       0x18 C:\Users\kehood\AppData\Local\arduino15\packages\Intel\hardware\arc32\1.0.5\variants\arduino_101\libarc32drv_arduino101.a(cfw_platform.o)
 .text.send_message_ipc
                0x4003ba5c       0x18 C:\Users\kehood\AppData\Local\arduino15\packages\Intel\hardware\arc32\1.0.5\variants\arduino_101\libarc32drv_arduino101.a(cfw_platform.o)
 .text.ipc_mbx_isr
                0x4003ba74       0x30 C:\Users\kehood\AppData\Local\arduino15\packages\Intel\hardware\arc32\1.0.5\variants\arduino_101\libarc32drv_arduino101.a(cfw_platform.o)
 .text.cfw_platform_init
                0x4003baa4       0xb0 C:\Users\kehood\AppData\Local\arduino15\packages\Intel\hardware\arc32\1.0.5\variants\arduino_101\libarc32drv_arduino101.a(cfw_platform.o)
                0x4003baa4                cfw_platform_init
 .text.send_message_ipc_uart
                0x4003bb54       0x34 C:\Users\kehood\AppData\Local\arduino15\packages\Intel\hardware\arc32\1.0.5\variants\arduino_101\libarc32drv_arduino101.a(nordic_interface.o)
                0x4003bb54                send_message_ipc_uart
 .text.free_message_ipc_uart
                0x4003bb88       0x10 C:\Users\kehood\AppData\Local\arduino15\packages\Intel\hardware\arc32\1.0.5\variants\arduino_101\libarc32drv_arduino101.a(nordic_interface.o)
                0x4003bb88                free_message_ipc_uart
 .text.cfw_alloc_message
                0x4003bb98       0x10 C:\Users\kehood\AppData\Local\arduino15\packages\Intel\hardware\arc32\1.0.5\variants\arduino_101\libarc32drv_arduino101.a(client_api.o)
                0x4003bb98                cfw_alloc_message
 .text.cfw_alloc_rsp_msg
                0x4003bba8       0x54 C:\Users\kehood\AppData\Local\arduino15\packages\Intel\hardware\arc32\1.0.5\variants\arduino_101\libarc32drv_arduino101.a(service_api.o)
                0x4003bba8                cfw_alloc_rsp_msg
 .text._cfw_send_message
                0x4003bbfc       0x10 C:\Users\kehood\AppData\Local\arduino15\packages\Intel\hardware\arc32\1.0.5\variants\arduino_101\libarc32drv_arduino101.a(service_api.o)
                0x4003bbfc                _cfw_send_message
 .text.cfw_msg_free
                0x4003bc0c       0x10 C:\Users\kehood\AppData\Local\arduino15\packages\Intel\hardware\arc32\1.0.5\variants\arduino_101\libarc32drv_arduino101.a(service_api.o)
                0x4003bc0c                cfw_msg_free
 .text.send_service_avail_evt
                0x4003bc1c       0x54 C:\Users\kehood\AppData\Local\arduino15\packages\Intel\hardware\arc32\1.0.5\variants\arduino_101\libarc32drv_arduino101.a(service_manager.o)
 .text.notify_service_avail_cb
                0x4003bc70       0x38 C:\Users\kehood\AppData\Local\arduino15\packages\Intel\hardware\arc32\1.0.5\variants\arduino_101\libarc32drv_arduino101.a(service_manager.o)
                0x4003bc70                notify_service_avail_cb
 .text.add_service_avail_listener
                0x4003bca8       0x3c C:\Users\kehood\AppData\Local\arduino15\packages\Intel\hardware\arc32\1.0.5\variants\arduino_101\libarc32drv_arduino101.a(service_manager.o)
                0x4003bca8                add_service_avail_listener
 .text.notify_service_avail
                0x4003bce4       0x2c C:\Users\kehood\AppData\Local\arduino15\packages\Intel\hardware\arc32\1.0.5\variants\arduino_101\libarc32drv_arduino101.a(service_manager.o)
                0x4003bce4                notify_service_avail
 .text.get_event_registered_list
                0x4003bd10       0x28 C:\Users\kehood\AppData\Local\arduino15\packages\Intel\hardware\arc32\1.0.5\variants\arduino_101\libarc32drv_arduino101.a(service_manager.o)
                0x4003bd10                get_event_registered_list
 .text._cfw_register_event
                0x4003bd38       0x5c C:\Users\kehood\AppData\Local\arduino15\packages\Intel\hardware\arc32\1.0.5\variants\arduino_101\libarc32drv_arduino101.a(service_manager.o)
                0x4003bd38                _cfw_register_event
 .text._find_service
                0x4003bd94       0x30 C:\Users\kehood\AppData\Local\arduino15\packages\Intel\hardware\arc32\1.0.5\variants\arduino_101\libarc32drv_arduino101.a(service_manager.o)
                0x4003bd94                _find_service
 .text.cfw_get_service
                0x4003bdc4       0x28 C:\Users\kehood\AppData\Local\arduino15\packages\Intel\hardware\arc32\1.0.5\variants\arduino_101\libarc32drv_arduino101.a(service_manager.o)
                0x4003bdc4                cfw_get_service
 .text.internal_handle_message
                0x4003bdec      0x20c C:\Users\kehood\AppData\Local\arduino15\packages\Intel\hardware\arc32\1.0.5\variants\arduino_101\libarc32drv_arduino101.a(service_manager.o)
                0x4003bdec                internal_handle_message
 .text.cfw_get_service_mgr_port_id
                0x4003bff8       0x14 C:\Users\kehood\AppData\Local\arduino15\packages\Intel\hardware\arc32\1.0.5\variants\arduino_101\libarc32drv_arduino101.a(service_manager.o)
                0x4003bff8                cfw_get_service_mgr_port_id
 .text._cfw_init
                0x4003c00c       0x34 C:\Users\kehood\AppData\Local\arduino15\packages\Intel\hardware\arc32\1.0.5\variants\arduino_101\libarc32drv_arduino101.a(service_manager.o)
                0x4003c00c                _cfw_init
 .text._add_service
                0x4003c040       0x48 C:\Users\kehood\AppData\Local\arduino15\packages\Intel\hardware\arc32\1.0.5\variants\arduino_101\libarc32drv_arduino101.a(service_manager.o)
                0x4003c040                _add_service
 .text._cfw_register_service
                0x4003c088       0x64 C:\Users\kehood\AppData\Local\arduino15\packages\Intel\hardware\arc32\1.0.5\variants\arduino_101\libarc32drv_arduino101.a(service_manager.o)
                0x4003c088                _cfw_register_service
 .text.handle_ipc_sync_request
                0x4003c0ec       0x58 C:\Users\kehood\AppData\Local\arduino15\packages\Intel\hardware\arc32\1.0.5\variants\arduino_101\libarc32drv_arduino101.a(service_manager.o)
                0x4003c0ec                handle_ipc_sync_request
 .text.ipc_init
                0x4003c144       0x48 C:\Users\kehood\AppData\Local\arduino15\packages\Intel\hardware\arc32\1.0.5\variants\arduino_101\libarc32drv_arduino101.a(ipc.o)
                0x4003c144                ipc_init
 .text.ipc_handle_message
                0x4003c18c       0xa4 C:\Users\kehood\AppData\Local\arduino15\packages\Intel\hardware\arc32\1.0.5\variants\arduino_101\libarc32drv_arduino101.a(ipc.o)
                0x4003c18c                ipc_handle_message
 .text.ipc_request_sync_int
                0x4003c230      0x15c C:\Users\kehood\AppData\Local\arduino15\packages\Intel\hardware\arc32\1.0.5\variants\arduino_101\libarc32drv_arduino101.a(ipc.o)
                0x4003c230                ipc_request_sync_int
 .text.ipc_sync_callback
                0x4003c38c       0x54 C:\Users\kehood\AppData\Local\arduino15\packages\Intel\hardware\arc32\1.0.5\variants\arduino_101\libarc32drv_arduino101.a(ipc_callback.o)
                0x4003c38c                ipc_sync_callback
 .text.log_vprintk
                0x4003c3e0       0x48 C:\Users\kehood\AppData\Local\arduino15\packages\Intel\hardware\arc32\1.0.5\variants\arduino_101\libarc32drv_arduino101.a(log.o)
                0x4003c3e0                log_vprintk
 .text.log_printk
                0x4003c428       0x38 C:\Users\kehood\AppData\Local\arduino15\packages\Intel\hardware\arc32\1.0.5\variants\arduino_101\libarc32drv_arduino101.a(log.o)
                0x4003c428                log_printk
 .text.log_write_msg
                0x4003c460       0x10 C:\Users\kehood\AppData\Local\arduino15\packages\Intel\hardware\arc32\1.0.5\variants\arduino_101\libarc32drv_arduino101.a(log_impl_printk.o)
                0x4003c460                log_write_msg
 .text.get_port
                0x4003c470       0x40 C:\Users\kehood\AppData\Local\arduino15\packages\Intel\hardware\arc32\1.0.5\variants\arduino_101\libarc32drv_arduino101.a(port.o)
 .text.get_cpu_id
                0x4003c4b0       0x14 C:\Users\kehood\AppData\Local\arduino15\packages\Intel\hardware\arc32\1.0.5\variants\arduino_101\libarc32drv_arduino101.a(port.o)
                0x4003c4b0                get_cpu_id
 .text.port_get_port_table
                0x4003c4c4       0x14 C:\Users\kehood\AppData\Local\arduino15\packages\Intel\hardware\arc32\1.0.5\variants\arduino_101\libarc32drv_arduino101.a(port.o)
                0x4003c4c4                port_get_port_table
 .text.port_alloc
                0x4003c4d8       0x60 C:\Users\kehood\AppData\Local\arduino15\packages\Intel\hardware\arc32\1.0.5\variants\arduino_101\libarc32drv_arduino101.a(port.o)
                0x4003c4d8                port_alloc
 .text.port_set_handler
                0x4003c538       0x28 C:\Users\kehood\AppData\Local\arduino15\packages\Intel\hardware\arc32\1.0.5\variants\arduino_101\libarc32drv_arduino101.a(port.o)
                0x4003c538                port_set_handler
 .text.message_alloc
                0x4003c560       0x38 C:\Users\kehood\AppData\Local\arduino15\packages\Intel\hardware\arc32\1.0.5\variants\arduino_101\libarc32drv_arduino101.a(port.o)
                0x4003c560                message_alloc
 .text.port_process_message
                0x4003c598       0x3c C:\Users\kehood\AppData\Local\arduino15\packages\Intel\hardware\arc32\1.0.5\variants\arduino_101\libarc32drv_arduino101.a(port.o)
                0x4003c598                port_process_message
 .text.port_set_cpu_id
                0x4003c5d4       0x24 C:\Users\kehood\AppData\Local\arduino15\packages\Intel\hardware\arc32\1.0.5\variants\arduino_101\libarc32drv_arduino101.a(port.o)
                0x4003c5d4                port_set_cpu_id
 .text.port_get_cpu_id
                0x4003c5f8       0x18 C:\Users\kehood\AppData\Local\arduino15\packages\Intel\hardware\arc32\1.0.5\variants\arduino_101\libarc32drv_arduino101.a(port.o)
                0x4003c5f8                port_get_cpu_id
 .text.set_cpu_id
                0x4003c610       0x14 C:\Users\kehood\AppData\Local\arduino15\packages\Intel\hardware\arc32\1.0.5\variants\arduino_101\libarc32drv_arduino101.a(port.o)
                0x4003c610                set_cpu_id
 .text.set_cpu_message_sender
                0x4003c624       0x18 C:\Users\kehood\AppData\Local\arduino15\packages\Intel\hardware\arc32\1.0.5\variants\arduino_101\libarc32drv_arduino101.a(port.o)
                0x4003c624                set_cpu_message_sender
 .text.set_cpu_free_handler
                0x4003c63c       0x18 C:\Users\kehood\AppData\Local\arduino15\packages\Intel\hardware\arc32\1.0.5\variants\arduino_101\libarc32drv_arduino101.a(port.o)
                0x4003c63c                set_cpu_free_handler
 .text.port_send_message
                0x4003c654       0x94 C:\Users\kehood\AppData\Local\arduino15\packages\Intel\hardware\arc32\1.0.5\variants\arduino_101\libarc32drv_arduino101.a(port.o)
                0x4003c654                port_send_message
 .text.message_free
                0x4003c6e8       0x4c C:\Users\kehood\AppData\Local\arduino15\packages\Intel\hardware\arc32\1.0.5\variants\arduino_101\libarc32drv_arduino101.a(port.o)
                0x4003c6e8                message_free
 .text.queue_process_message
                0x4003c734       0x48 C:\Users\kehood\AppData\Local\arduino15\packages\Intel\hardware\arc32\1.0.5\variants\arduino_101\libarc32drv_arduino101.a(port.o)
                0x4003c734                queue_process_message
 .text.get_uptime_ms
                0x4003c77c       0x28 C:\Users\kehood\AppData\Local\arduino15\packages\Intel\hardware\arc32\1.0.5\variants\arduino_101\libarc32drv_arduino101.a(uptime.o)
                0x4003c77c                get_uptime_ms
 .text.list_init
                0x4003c7a4       0x14 C:\Users\kehood\AppData\Local\arduino15\packages\Intel\hardware\arc32\1.0.5\variants\arduino_101\libarc32drv_arduino101.a(list.o)
                0x4003c7a4                list_init
 .text.list_add
                0x4003c7b8       0x28 C:\Users\kehood\AppData\Local\arduino15\packages\Intel\hardware\arc32\1.0.5\variants\arduino_101\libarc32drv_arduino101.a(list.o)
                0x4003c7b8                list_add
 .text.list_foreach_del
                0x4003c7e0       0x60 C:\Users\kehood\AppData\Local\arduino15\packages\Intel\hardware\arc32\1.0.5\variants\arduino_101\libarc32drv_arduino101.a(list.o)
                0x4003c7e0                list_foreach_del
 .text.list_get
                0x4003c840       0x24 C:\Users\kehood\AppData\Local\arduino15\packages\Intel\hardware\arc32\1.0.5\variants\arduino_101\libarc32drv_arduino101.a(list.o)
                0x4003c840                list_get
 .text.cfw_alloc
                0x4003c864       0x2c C:\Users\kehood\AppData\Local\arduino15\packages\Intel\hardware\arc32\1.0.5\variants\arduino_101\libarc32drv_arduino101.a(os.o)
                0x4003c864                cfw_alloc
 .text.cfw_free
                0x4003c890       0x28 C:\Users\kehood\AppData\Local\arduino15\packages\Intel\hardware\arc32\1.0.5\variants\arduino_101\libarc32drv_arduino101.a(os.o)
                0x4003c890                cfw_free
 .text.balloc   0x4003c8b8       0x10 C:\Users\kehood\AppData\Local\arduino15\packages\Intel\hardware\arc32\1.0.5\variants\arduino_101\libarc32drv_arduino101.a(os.o)
                0x4003c8b8                balloc
 .text.bfree    0x4003c8c8       0x18 C:\Users\kehood\AppData\Local\arduino15\packages\Intel\hardware\arc32\1.0.5\variants\arduino_101\libarc32drv_arduino101.a(os.o)
                0x4003c8c8                bfree
 .text.queue_get_message
                0x4003c8e0       0x28 C:\Users\kehood\AppData\Local\arduino15\packages\Intel\hardware\arc32\1.0.5\variants\arduino_101\libarc32drv_arduino101.a(os.o)
                0x4003c8e0                queue_get_message
 .text.queue_send_message
                0x4003c908       0x24 C:\Users\kehood\AppData\Local\arduino15\packages\Intel\hardware\arc32\1.0.5\variants\arduino_101\libarc32drv_arduino101.a(os.o)
                0x4003c908                queue_send_message
 .text.queue_create
                0x4003c92c       0x54 C:\Users\kehood\AppData\Local\arduino15\packages\Intel\hardware\arc32\1.0.5\variants\arduino_101\libarc32drv_arduino101.a(os.o)
                0x4003c92c                queue_create
 .text.mutex_create
                0x4003c980       0x10 C:\Users\kehood\AppData\Local\arduino15\packages\Intel\hardware\arc32\1.0.5\variants\arduino_101\libarc32drv_arduino101.a(os.o)
                0x4003c980                mutex_create
 .text.mutex_unlock
                0x4003c990        0xc C:\Users\kehood\AppData\Local\arduino15\packages\Intel\hardware\arc32\1.0.5\variants\arduino_101\libarc32drv_arduino101.a(os.o)
                0x4003c990                mutex_unlock
 .text.mutex_lock
                0x4003c99c       0x10 C:\Users\kehood\AppData\Local\arduino15\packages\Intel\hardware\arc32\1.0.5\variants\arduino_101\libarc32drv_arduino101.a(os.o)
                0x4003c99c                mutex_lock
 .text._ZL13eventCallbackv
                0x4003c9ac       0x2c C:\Users\kehood\AppData\Local\Temp\VMicroBuilds\GyroAccelPrinter\Intel_intel_arc32_arduino_101\GyroAccelPrinter.cpp.o
 .text._ZNK8float3x3mlERK6float3
                0x4003c9d8       0xd4 C:\Users\kehood\AppData\Local\Temp\VMicroBuilds\GyroAccelPrinter\Intel_intel_arc32_arduino_101\GyroAccelPrinter.cpp.o
                0x4003c9d8                float3x3::operator*(float3 const&) const
 .text._Z14setOrientationv
                0x4003caac      0x148 C:\Users\kehood\AppData\Local\Temp\VMicroBuilds\GyroAccelPrinter\Intel_intel_arc32_arduino_101\GyroAccelPrinter.cpp.o
                0x4003caac                setOrientation()
 .text._Z13rotateGravityRK6float3S1_
                0x4003cbf4      0x1d8 C:\Users\kehood\AppData\Local\Temp\VMicroBuilds\GyroAccelPrinter\Intel_intel_arc32_arduino_101\GyroAccelPrinter.cpp.o
                0x4003cbf4                rotateGravity(float3 const&, float3 const&)
 .text._Z10setGravityv
                0x4003cdcc       0x9c C:\Users\kehood\AppData\Local\Temp\VMicroBuilds\GyroAccelPrinter\Intel_intel_arc32_arduino_101\GyroAccelPrinter.cpp.o
                0x4003cdcc                setGravity()
 .text._Z12isZeroMotionv
                0x4003ce68       0x40 C:\Users\kehood\AppData\Local\Temp\VMicroBuilds\GyroAccelPrinter\Intel_intel_arc32_arduino_101\GyroAccelPrinter.cpp.o
                0x4003ce68                isZeroMotion()
 .text._Z22convertRawAccelerationi
                0x4003cea8       0x48 C:\Users\kehood\AppData\Local\Temp\VMicroBuilds\GyroAccelPrinter\Intel_intel_arc32_arduino_101\GyroAccelPrinter.cpp.o
                0x4003cea8                convertRawAcceleration(int)
 .text._Z14convertRawGyroi
                0x4003cef0       0x48 C:\Users\kehood\AppData\Local\Temp\VMicroBuilds\GyroAccelPrinter\Intel_intel_arc32_arduino_101\GyroAccelPrinter.cpp.o
                0x4003cef0                convertRawGyro(int)
 .text._Z22convertRawAccelerationiii
                0x4003cf38       0x50 C:\Users\kehood\AppData\Local\Temp\VMicroBuilds\GyroAccelPrinter\Intel_intel_arc32_arduino_101\GyroAccelPrinter.cpp.o
                0x4003cf38                convertRawAcceleration(int, int, int)
 .text._Z14convertRawGyroiii
                0x4003cf88       0x50 C:\Users\kehood\AppData\Local\Temp\VMicroBuilds\GyroAccelPrinter\Intel_intel_arc32_arduino_101\GyroAccelPrinter.cpp.o
                0x4003cf88                convertRawGyro(int, int, int)
 .text._Z11printFloat3RK6float3
                0x4003cfd8       0x8c C:\Users\kehood\AppData\Local\Temp\VMicroBuilds\GyroAccelPrinter\Intel_intel_arc32_arduino_101\GyroAccelPrinter.cpp.o
                0x4003cfd8                printFloat3(float3 const&)
 .text._Z12updateValuesbb
                0x4003d064      0x44c C:\Users\kehood\AppData\Local\Temp\VMicroBuilds\GyroAccelPrinter\Intel_intel_arc32_arduino_101\GyroAccelPrinter.cpp.o
                0x4003d064                updateValues(bool, bool)
 .text._Z9calibratev
                0x4003d4b0      0x214 C:\Users\kehood\AppData\Local\Temp\VMicroBuilds\GyroAccelPrinter\Intel_intel_arc32_arduino_101\GyroAccelPrinter.cpp.o
                0x4003d4b0                calibrate()
 .text._GLOBAL__sub_I___VisualMicro_DEBUG_1_HITCOUNTER__
                0x4003d6c4       0x48 C:\Users\kehood\AppData\Local\Temp\VMicroBuilds\GyroAccelPrinter\Intel_intel_arc32_arduino_101\GyroAccelPrinter.cpp.o
 .text.setup    0x4003d70c      0x164 C:\Users\kehood\AppData\Local\Temp\VMicroBuilds\GyroAccelPrinter\Intel_intel_arc32_arduino_101\GyroAccelPrinter.cpp.o
                0x4003d70c                setup
 .text.loop     0x4003d870      0x13c C:\Users\kehood\AppData\Local\Temp\VMicroBuilds\GyroAccelPrinter\Intel_intel_arc32_arduino_101\GyroAccelPrinter.cpp.o
                0x4003d870                loop
 .text._ZN11BMI160Class8reg_readEh
                0x4003d9ac       0x2c C:\Users\kehood\AppData\Local\Temp\VMicroBuilds\GyroAccelPrinter\Intel_intel_arc32_arduino_101\CurieIMU\BMI160.cpp.o
                0x4003d9ac                BMI160Class::reg_read(unsigned char)
 .text._ZN11BMI160Class9reg_writeEhh
                0x4003d9d8       0x2c C:\Users\kehood\AppData\Local\Temp\VMicroBuilds\GyroAccelPrinter\Intel_intel_arc32_arduino_101\CurieIMU\BMI160.cpp.o
                0x4003d9d8                BMI160Class::reg_write(unsigned char, unsigned char)
 .text._ZN11BMI160Class14reg_write_bitsEhhjj
                0x4003da04       0x58 C:\Users\kehood\AppData\Local\Temp\VMicroBuilds\GyroAccelPrinter\Intel_intel_arc32_arduino_101\CurieIMU\BMI160.cpp.o
                0x4003da04                BMI160Class::reg_write_bits(unsigned char, unsigned char, unsigned int, unsigned int)
 .text._ZN11BMI160Class11getDeviceIDEv
                0x4003da5c       0x10 C:\Users\kehood\AppData\Local\Temp\VMicroBuilds\GyroAccelPrinter\Intel_intel_arc32_arduino_101\CurieIMU\BMI160.cpp.o
                0x4003da5c                BMI160Class::getDeviceID()
 .text._ZN11BMI160Class11setGyroRateEh
                0x4003da6c       0x18 C:\Users\kehood\AppData\Local\Temp\VMicroBuilds\GyroAccelPrinter\Intel_intel_arc32_arduino_101\CurieIMU\BMI160.cpp.o
                0x4003da6c                BMI160Class::setGyroRate(unsigned char)
 .text._ZN11BMI160Class12getAccelRateEv
                0x4003da84       0x18 C:\Users\kehood\AppData\Local\Temp\VMicroBuilds\GyroAccelPrinter\Intel_intel_arc32_arduino_101\CurieIMU\BMI160.cpp.o
                0x4003da84                BMI160Class::getAccelRate()
 .text._ZN11BMI160Class12setAccelRateEh
                0x4003da9c       0x18 C:\Users\kehood\AppData\Local\Temp\VMicroBuilds\GyroAccelPrinter\Intel_intel_arc32_arduino_101\CurieIMU\BMI160.cpp.o
                0x4003da9c                BMI160Class::setAccelRate(unsigned char)
 .text._ZN11BMI160Class21getFullScaleGyroRangeEv
                0x4003dab4       0x18 C:\Users\kehood\AppData\Local\Temp\VMicroBuilds\GyroAccelPrinter\Intel_intel_arc32_arduino_101\CurieIMU\BMI160.cpp.o
                0x4003dab4                BMI160Class::getFullScaleGyroRange()
 .text._ZN11BMI160Class21setFullScaleGyroRangeEh
                0x4003dacc       0x18 C:\Users\kehood\AppData\Local\Temp\VMicroBuilds\GyroAccelPrinter\Intel_intel_arc32_arduino_101\CurieIMU\BMI160.cpp.o
                0x4003dacc                BMI160Class::setFullScaleGyroRange(unsigned char)
 .text._ZN11BMI160Class22getFullScaleAccelRangeEv
                0x4003dae4       0x18 C:\Users\kehood\AppData\Local\Temp\VMicroBuilds\GyroAccelPrinter\Intel_intel_arc32_arduino_101\CurieIMU\BMI160.cpp.o
                0x4003dae4                BMI160Class::getFullScaleAccelRange()
 .text._ZN11BMI160Class22setFullScaleAccelRangeEh
                0x4003dafc       0x18 C:\Users\kehood\AppData\Local\Temp\VMicroBuilds\GyroAccelPrinter\Intel_intel_arc32_arduino_101\CurieIMU\BMI160.cpp.o
                0x4003dafc                BMI160Class::setFullScaleAccelRange(unsigned char)
 .text._ZN11BMI160Class10initializeEv
                0x4003db14       0xa4 C:\Users\kehood\AppData\Local\Temp\VMicroBuilds\GyroAccelPrinter\Intel_intel_arc32_arduino_101\CurieIMU\BMI160.cpp.o
                0x4003db14                BMI160Class::initialize()
 .text._ZN11BMI160Class25autoCalibrateXAccelOffsetEi
                0x4003dbb8       0x60 C:\Users\kehood\AppData\Local\Temp\VMicroBuilds\GyroAccelPrinter\Intel_intel_arc32_arduino_101\CurieIMU\BMI160.cpp.o
                0x4003dbb8                BMI160Class::autoCalibrateXAccelOffset(int)
 .text._ZN11BMI160Class25autoCalibrateYAccelOffsetEi
                0x4003dc18       0x60 C:\Users\kehood\AppData\Local\Temp\VMicroBuilds\GyroAccelPrinter\Intel_intel_arc32_arduino_101\CurieIMU\BMI160.cpp.o
                0x4003dc18                BMI160Class::autoCalibrateYAccelOffset(int)
 .text._ZN11BMI160Class25autoCalibrateZAccelOffsetEi
                0x4003dc78       0x60 C:\Users\kehood\AppData\Local\Temp\VMicroBuilds\GyroAccelPrinter\Intel_intel_arc32_arduino_101\CurieIMU\BMI160.cpp.o
                0x4003dc78                BMI160Class::autoCalibrateZAccelOffset(int)
 .text._ZN11BMI160Class20setGyroOffsetEnabledEb
                0x4003dcd8       0x18 C:\Users\kehood\AppData\Local\Temp\VMicroBuilds\GyroAccelPrinter\Intel_intel_arc32_arduino_101\CurieIMU\BMI160.cpp.o
                0x4003dcd8                BMI160Class::setGyroOffsetEnabled(bool)
 .text._ZN11BMI160Class23autoCalibrateGyroOffsetEv
                0x4003dcf0       0x44 C:\Users\kehood\AppData\Local\Temp\VMicroBuilds\GyroAccelPrinter\Intel_intel_arc32_arduino_101\CurieIMU\BMI160.cpp.o
                0x4003dcf0                BMI160Class::autoCalibrateGyroOffset()
 .text._ZN11BMI160Class29setFreefallDetectionThresholdEh
                0x4003dd34       0x14 C:\Users\kehood\AppData\Local\Temp\VMicroBuilds\GyroAccelPrinter\Intel_intel_arc32_arduino_101\CurieIMU\BMI160.cpp.o
                0x4003dd34                BMI160Class::setFreefallDetectionThreshold(unsigned char)
 .text._ZN11BMI160Class28setFreefallDetectionDurationEh
                0x4003dd48       0x14 C:\Users\kehood\AppData\Local\Temp\VMicroBuilds\GyroAccelPrinter\Intel_intel_arc32_arduino_101\CurieIMU\BMI160.cpp.o
                0x4003dd48                BMI160Class::setFreefallDetectionDuration(unsigned char)
 .text._ZN11BMI160Class26setShockDetectionThresholdEh
                0x4003dd5c       0x14 C:\Users\kehood\AppData\Local\Temp\VMicroBuilds\GyroAccelPrinter\Intel_intel_arc32_arduino_101\CurieIMU\BMI160.cpp.o
                0x4003dd5c                BMI160Class::setShockDetectionThreshold(unsigned char)
 .text._ZN11BMI160Class25setShockDetectionDurationEh
                0x4003dd70       0x14 C:\Users\kehood\AppData\Local\Temp\VMicroBuilds\GyroAccelPrinter\Intel_intel_arc32_arduino_101\CurieIMU\BMI160.cpp.o
                0x4003dd70                BMI160Class::setShockDetectionDuration(unsigned char)
 .text._ZN11BMI160Class27setMotionDetectionThresholdEh
                0x4003dd84       0x14 C:\Users\kehood\AppData\Local\Temp\VMicroBuilds\GyroAccelPrinter\Intel_intel_arc32_arduino_101\CurieIMU\BMI160.cpp.o
                0x4003dd84                BMI160Class::setMotionDetectionThreshold(unsigned char)
 .text._ZN11BMI160Class26setMotionDetectionDurationEh
                0x4003dd98       0x1c C:\Users\kehood\AppData\Local\Temp\VMicroBuilds\GyroAccelPrinter\Intel_intel_arc32_arduino_101\CurieIMU\BMI160.cpp.o
                0x4003dd98                BMI160Class::setMotionDetectionDuration(unsigned char)
 .text._ZN11BMI160Class31setZeroMotionDetectionThresholdEh
                0x4003ddb4       0x14 C:\Users\kehood\AppData\Local\Temp\VMicroBuilds\GyroAccelPrinter\Intel_intel_arc32_arduino_101\CurieIMU\BMI160.cpp.o
                0x4003ddb4                BMI160Class::setZeroMotionDetectionThreshold(unsigned char)
 .text._ZN11BMI160Class24setTapDetectionThresholdEh
                0x4003ddc8       0x18 C:\Users\kehood\AppData\Local\Temp\VMicroBuilds\GyroAccelPrinter\Intel_intel_arc32_arduino_101\CurieIMU\BMI160.cpp.o
                0x4003ddc8                BMI160Class::setTapDetectionThreshold(unsigned char)
 .text._ZN11BMI160Class19setTapShockDurationEb
                0x4003dde0       0x18 C:\Users\kehood\AppData\Local\Temp\VMicroBuilds\GyroAccelPrinter\Intel_intel_arc32_arduino_101\CurieIMU\BMI160.cpp.o
                0x4003dde0                BMI160Class::setTapShockDuration(bool)
 .text._ZN11BMI160Class19setTapQuietDurationEb
                0x4003ddf8       0x18 C:\Users\kehood\AppData\Local\Temp\VMicroBuilds\GyroAccelPrinter\Intel_intel_arc32_arduino_101\CurieIMU\BMI160.cpp.o
                0x4003ddf8                BMI160Class::setTapQuietDuration(bool)
 .text._ZN11BMI160Class29setDoubleTapDetectionDurationEh
                0x4003de10       0x18 C:\Users\kehood\AppData\Local\Temp\VMicroBuilds\GyroAccelPrinter\Intel_intel_arc32_arduino_101\CurieIMU\BMI160.cpp.o
                0x4003de10                BMI160Class::setDoubleTapDetectionDuration(unsigned char)
 .text._ZN11BMI160Class21setIntFreefallEnabledEb
                0x4003de28       0x18 C:\Users\kehood\AppData\Local\Temp\VMicroBuilds\GyroAccelPrinter\Intel_intel_arc32_arduino_101\CurieIMU\BMI160.cpp.o
                0x4003de28                BMI160Class::setIntFreefallEnabled(bool)
 .text._ZN11BMI160Class18setIntShockEnabledEb
                0x4003de40       0x20 C:\Users\kehood\AppData\Local\Temp\VMicroBuilds\GyroAccelPrinter\Intel_intel_arc32_arduino_101\CurieIMU\BMI160.cpp.o
                0x4003de40                BMI160Class::setIntShockEnabled(bool)
 .text._ZN11BMI160Class17setIntStepEnabledEb
                0x4003de60       0x18 C:\Users\kehood\AppData\Local\Temp\VMicroBuilds\GyroAccelPrinter\Intel_intel_arc32_arduino_101\CurieIMU\BMI160.cpp.o
                0x4003de60                BMI160Class::setIntStepEnabled(bool)
 .text._ZN11BMI160Class19setIntMotionEnabledEb
                0x4003de78       0x20 C:\Users\kehood\AppData\Local\Temp\VMicroBuilds\GyroAccelPrinter\Intel_intel_arc32_arduino_101\CurieIMU\BMI160.cpp.o
                0x4003de78                BMI160Class::setIntMotionEnabled(bool)
 .text._ZN11BMI160Class23setIntZeroMotionEnabledEb
                0x4003de98       0x40 C:\Users\kehood\AppData\Local\Temp\VMicroBuilds\GyroAccelPrinter\Intel_intel_arc32_arduino_101\CurieIMU\BMI160.cpp.o
                0x4003de98                BMI160Class::setIntZeroMotionEnabled(bool)
 .text._ZN11BMI160Class16setIntTapEnabledEb
                0x4003ded8       0x18 C:\Users\kehood\AppData\Local\Temp\VMicroBuilds\GyroAccelPrinter\Intel_intel_arc32_arduino_101\CurieIMU\BMI160.cpp.o
                0x4003ded8                BMI160Class::setIntTapEnabled(bool)
 .text._ZN11BMI160Class22setIntDoubleTapEnabledEb
                0x4003def0       0x18 C:\Users\kehood\AppData\Local\Temp\VMicroBuilds\GyroAccelPrinter\Intel_intel_arc32_arduino_101\CurieIMU\BMI160.cpp.o
                0x4003def0                BMI160Class::setIntDoubleTapEnabled(bool)
 .text._ZN11BMI160Class27setIntFIFOBufferFullEnabledEb
                0x4003df08       0x18 C:\Users\kehood\AppData\Local\Temp\VMicroBuilds\GyroAccelPrinter\Intel_intel_arc32_arduino_101\CurieIMU\BMI160.cpp.o
                0x4003df08                BMI160Class::setIntFIFOBufferFullEnabled(bool)
 .text._ZN11BMI160Class22setIntDataReadyEnabledEb
                0x4003df20       0x18 C:\Users\kehood\AppData\Local\Temp\VMicroBuilds\GyroAccelPrinter\Intel_intel_arc32_arduino_101\CurieIMU\BMI160.cpp.o
                0x4003df20                BMI160Class::setIntDataReadyEnabled(bool)
 .text._ZN11BMI160Class20getIntFreefallStatusEv
                0x4003df38       0x1c C:\Users\kehood\AppData\Local\Temp\VMicroBuilds\GyroAccelPrinter\Intel_intel_arc32_arduino_101\CurieIMU\BMI160.cpp.o
                0x4003df38                BMI160Class::getIntFreefallStatus()
 .text._ZN11BMI160Class15getIntTapStatusEv
                0x4003df54       0x1c C:\Users\kehood\AppData\Local\Temp\VMicroBuilds\GyroAccelPrinter\Intel_intel_arc32_arduino_101\CurieIMU\BMI160.cpp.o
                0x4003df54                BMI160Class::getIntTapStatus()
 .text._ZN11BMI160Class21getIntDoubleTapStatusEv
                0x4003df70       0x1c C:\Users\kehood\AppData\Local\Temp\VMicroBuilds\GyroAccelPrinter\Intel_intel_arc32_arduino_101\CurieIMU\BMI160.cpp.o
                0x4003df70                BMI160Class::getIntDoubleTapStatus()
 .text._ZN11BMI160Class17getIntShockStatusEv
                0x4003df8c       0x1c C:\Users\kehood\AppData\Local\Temp\VMicroBuilds\GyroAccelPrinter\Intel_intel_arc32_arduino_101\CurieIMU\BMI160.cpp.o
                0x4003df8c                BMI160Class::getIntShockStatus()
 .text._ZN11BMI160Class16getIntStepStatusEv
                0x4003dfa8       0x18 C:\Users\kehood\AppData\Local\Temp\VMicroBuilds\GyroAccelPrinter\Intel_intel_arc32_arduino_101\CurieIMU\BMI160.cpp.o
                0x4003dfa8                BMI160Class::getIntStepStatus()
 .text._ZN11BMI160Class18getIntMotionStatusEv
                0x4003dfc0       0x1c C:\Users\kehood\AppData\Local\Temp\VMicroBuilds\GyroAccelPrinter\Intel_intel_arc32_arduino_101\CurieIMU\BMI160.cpp.o
                0x4003dfc0                BMI160Class::getIntMotionStatus()
 .text._ZN11BMI160Class22getIntZeroMotionStatusEv
                0x4003dfdc       0x1c C:\Users\kehood\AppData\Local\Temp\VMicroBuilds\GyroAccelPrinter\Intel_intel_arc32_arduino_101\CurieIMU\BMI160.cpp.o
                0x4003dfdc                BMI160Class::getIntZeroMotionStatus()
 .text._ZN11BMI160Class26getIntFIFOBufferFullStatusEv
                0x4003dff8       0x1c C:\Users\kehood\AppData\Local\Temp\VMicroBuilds\GyroAccelPrinter\Intel_intel_arc32_arduino_101\CurieIMU\BMI160.cpp.o
                0x4003dff8                BMI160Class::getIntFIFOBufferFullStatus()
 .text._ZN11BMI160Class21getIntDataReadyStatusEv
                0x4003e014       0x1c C:\Users\kehood\AppData\Local\Temp\VMicroBuilds\GyroAccelPrinter\Intel_intel_arc32_arduino_101\CurieIMU\BMI160.cpp.o
                0x4003e014                BMI160Class::getIntDataReadyStatus()
 .text._ZN11BMI160Class16setInterruptModeEb
                0x4003e030       0x1c C:\Users\kehood\AppData\Local\Temp\VMicroBuilds\GyroAccelPrinter\Intel_intel_arc32_arduino_101\CurieIMU\BMI160.cpp.o
                0x4003e030                BMI160Class::setInterruptMode(bool)
 .text._ZN11BMI160Class17setInterruptDriveEb
                0x4003e04c       0x18 C:\Users\kehood\AppData\Local\Temp\VMicroBuilds\GyroAccelPrinter\Intel_intel_arc32_arduino_101\CurieIMU\BMI160.cpp.o
                0x4003e04c                BMI160Class::setInterruptDrive(bool)
 .text._ZN11BMI160Class17setInterruptLatchEh
                0x4003e064       0x18 C:\Users\kehood\AppData\Local\Temp\VMicroBuilds\GyroAccelPrinter\Intel_intel_arc32_arduino_101\CurieIMU\BMI160.cpp.o
                0x4003e064                BMI160Class::setInterruptLatch(unsigned char)
 .text._ZN11BMI160Class13setIntEnabledEb
                0x4003e07c       0x18 C:\Users\kehood\AppData\Local\Temp\VMicroBuilds\GyroAccelPrinter\Intel_intel_arc32_arduino_101\CurieIMU\BMI160.cpp.o
                0x4003e07c                BMI160Class::setIntEnabled(bool)
 .text._ZN11BMI160Class10getMotion6EPsS0_S0_S0_S0_S0_
                0x4003e094       0x9c C:\Users\kehood\AppData\Local\Temp\VMicroBuilds\GyroAccelPrinter\Intel_intel_arc32_arduino_101\CurieIMU\BMI160.cpp.o
                0x4003e094                BMI160Class::getMotion6(short*, short*, short*, short*, short*, short*)
 .text._ZN11BMI160Class16getAccelerationXEv
                0x4003e130       0x34 C:\Users\kehood\AppData\Local\Temp\VMicroBuilds\GyroAccelPrinter\Intel_intel_arc32_arduino_101\CurieIMU\BMI160.cpp.o
                0x4003e130                BMI160Class::getAccelerationX()
 .text._ZN11BMI160Class16getAccelerationYEv
                0x4003e164       0x34 C:\Users\kehood\AppData\Local\Temp\VMicroBuilds\GyroAccelPrinter\Intel_intel_arc32_arduino_101\CurieIMU\BMI160.cpp.o
                0x4003e164                BMI160Class::getAccelerationY()
 .text._ZN11BMI160Class16getAccelerationZEv
                0x4003e198       0x34 C:\Users\kehood\AppData\Local\Temp\VMicroBuilds\GyroAccelPrinter\Intel_intel_arc32_arduino_101\CurieIMU\BMI160.cpp.o
                0x4003e198                BMI160Class::getAccelerationZ()
 .text._ZN13CurieIMUClass22serial_buffer_transferEPhjj
                0x4003e1cc       0x38 C:\Users\kehood\AppData\Local\Temp\VMicroBuilds\GyroAccelPrinter\Intel_intel_arc32_arduino_101\CurieIMU\CurieIMU.cpp.o
                0x4003e1cc                CurieIMUClass::serial_buffer_transfer(unsigned char*, unsigned int, unsigned int)
 .text._Z15bmi160_pin1_isrv
                0x4003e204       0x2c C:\Users\kehood\AppData\Local\Temp\VMicroBuilds\GyroAccelPrinter\Intel_intel_arc32_arduino_101\CurieIMU\CurieIMU.cpp.o
                0x4003e204                bmi160_pin1_isr()
 .text._ZN13CurieIMUClass5beginEv
                0x4003e230       0x7c C:\Users\kehood\AppData\Local\Temp\VMicroBuilds\GyroAccelPrinter\Intel_intel_arc32_arduino_101\CurieIMU\CurieIMU.cpp.o
                0x4003e230                CurieIMUClass::begin()
 .text._ZN13CurieIMUClass11setGyroRateEi
                0x4003e2ac       0x50 C:\Users\kehood\AppData\Local\Temp\VMicroBuilds\GyroAccelPrinter\Intel_intel_arc32_arduino_101\CurieIMU\CurieIMU.cpp.o
                0x4003e2ac                CurieIMUClass::setGyroRate(int)
 .text._ZN13CurieIMUClass20getAccelerometerRateEv
                0x4003e2fc       0x30 C:\Users\kehood\AppData\Local\Temp\VMicroBuilds\GyroAccelPrinter\Intel_intel_arc32_arduino_101\CurieIMU\CurieIMU.cpp.o
                0x4003e2fc                CurieIMUClass::getAccelerometerRate()
 .text._ZN13CurieIMUClass20setAccelerometerRateEf
                0x4003e32c       0xc8 C:\Users\kehood\AppData\Local\Temp\VMicroBuilds\GyroAccelPrinter\Intel_intel_arc32_arduino_101\CurieIMU\CurieIMU.cpp.o
                0x4003e32c                CurieIMUClass::setAccelerometerRate(float)
 .text._ZN13CurieIMUClass12getGyroRangeEv
                0x4003e3f4       0x28 C:\Users\kehood\AppData\Local\Temp\VMicroBuilds\GyroAccelPrinter\Intel_intel_arc32_arduino_101\CurieIMU\CurieIMU.cpp.o
                0x4003e3f4                CurieIMUClass::getGyroRange()
 .text._ZN13CurieIMUClass12setGyroRangeEi
                0x4003e41c       0x38 C:\Users\kehood\AppData\Local\Temp\VMicroBuilds\GyroAccelPrinter\Intel_intel_arc32_arduino_101\CurieIMU\CurieIMU.cpp.o
                0x4003e41c                CurieIMUClass::setGyroRange(int)
 .text._ZN13CurieIMUClass21getAccelerometerRangeEv
                0x4003e454       0x2c C:\Users\kehood\AppData\Local\Temp\VMicroBuilds\GyroAccelPrinter\Intel_intel_arc32_arduino_101\CurieIMU\CurieIMU.cpp.o
                0x4003e454                CurieIMUClass::getAccelerometerRange()
 .text._ZN13CurieIMUClass21setAccelerometerRangeEi
                0x4003e480       0x28 C:\Users\kehood\AppData\Local\Temp\VMicroBuilds\GyroAccelPrinter\Intel_intel_arc32_arduino_101\CurieIMU\CurieIMU.cpp.o
                0x4003e480                CurieIMUClass::setAccelerometerRange(int)
 .text._ZN13CurieIMUClass23autoCalibrateGyroOffsetEv
                0x4003e4a8       0x28 C:\Users\kehood\AppData\Local\Temp\VMicroBuilds\GyroAccelPrinter\Intel_intel_arc32_arduino_101\CurieIMU\CurieIMU.cpp.o
                0x4003e4a8                CurieIMUClass::autoCalibrateGyroOffset()
 .text._ZN13CurieIMUClass29setFreefallDetectionThresholdEf
                0x4003e4d0       0x58 C:\Users\kehood\AppData\Local\Temp\VMicroBuilds\GyroAccelPrinter\Intel_intel_arc32_arduino_101\CurieIMU\CurieIMU.cpp.o
                0x4003e4d0                CurieIMUClass::setFreefallDetectionThreshold(float)
 .text._ZN13CurieIMUClass26setShockDetectionThresholdEf
                0x4003e528       0xcc C:\Users\kehood\AppData\Local\Temp\VMicroBuilds\GyroAccelPrinter\Intel_intel_arc32_arduino_101\CurieIMU\CurieIMU.cpp.o
                0x4003e528                CurieIMUClass::setShockDetectionThreshold(float)
 .text._ZN13CurieIMUClass27setMotionDetectionThresholdEf
                0x4003e5f4       0x94 C:\Users\kehood\AppData\Local\Temp\VMicroBuilds\GyroAccelPrinter\Intel_intel_arc32_arduino_101\CurieIMU\CurieIMU.cpp.o
                0x4003e5f4                CurieIMUClass::setMotionDetectionThreshold(float)
 .text._ZN13CurieIMUClass31setZeroMotionDetectionThresholdEf
                0x4003e688       0x94 C:\Users\kehood\AppData\Local\Temp\VMicroBuilds\GyroAccelPrinter\Intel_intel_arc32_arduino_101\CurieIMU\CurieIMU.cpp.o
                0x4003e688                CurieIMUClass::setZeroMotionDetectionThreshold(float)
 .text._ZN13CurieIMUClass24setTapDetectionThresholdEf
                0x4003e71c       0xb8 C:\Users\kehood\AppData\Local\Temp\VMicroBuilds\GyroAccelPrinter\Intel_intel_arc32_arduino_101\CurieIMU\CurieIMU.cpp.o
                0x4003e71c                CurieIMUClass::setTapDetectionThreshold(float)
 .text._ZN13CurieIMUClass21setDetectionThresholdEif
                0x4003e7d4       0x54 C:\Users\kehood\AppData\Local\Temp\VMicroBuilds\GyroAccelPrinter\Intel_intel_arc32_arduino_101\CurieIMU\CurieIMU.cpp.o
                0x4003e7d4                CurieIMUClass::setDetectionThreshold(int, float)
 .text._ZN13CurieIMUClass28setFreefallDetectionDurationEf
                0x4003e828       0x50 C:\Users\kehood\AppData\Local\Temp\VMicroBuilds\GyroAccelPrinter\Intel_intel_arc32_arduino_101\CurieIMU\CurieIMU.cpp.o
                0x4003e828                CurieIMUClass::setFreefallDetectionDuration(float)
 .text._ZN13CurieIMUClass25setShockDetectionDurationEi
                0x4003e878       0x18 C:\Users\kehood\AppData\Local\Temp\VMicroBuilds\GyroAccelPrinter\Intel_intel_arc32_arduino_101\CurieIMU\CurieIMU.cpp.o
                0x4003e878                CurieIMUClass::setShockDetectionDuration(int)
 .text._ZN13CurieIMUClass26setMotionDetectionDurationEf
                0x4003e890       0x40 C:\Users\kehood\AppData\Local\Temp\VMicroBuilds\GyroAccelPrinter\Intel_intel_arc32_arduino_101\CurieIMU\CurieIMU.cpp.o
                0x4003e890                CurieIMUClass::setMotionDetectionDuration(float)
 .text._ZN13CurieIMUClass19setTapShockDurationEi
                0x4003e8d0       0x18 C:\Users\kehood\AppData\Local\Temp\VMicroBuilds\GyroAccelPrinter\Intel_intel_arc32_arduino_101\CurieIMU\CurieIMU.cpp.o
                0x4003e8d0                CurieIMUClass::setTapShockDuration(int)
 .text._ZN13CurieIMUClass19setTapQuietDurationEi
                0x4003e8e8       0x18 C:\Users\kehood\AppData\Local\Temp\VMicroBuilds\GyroAccelPrinter\Intel_intel_arc32_arduino_101\CurieIMU\CurieIMU.cpp.o
                0x4003e8e8                CurieIMUClass::setTapQuietDuration(int)
 .text._ZN13CurieIMUClass29setDoubleTapDetectionDurationEi
                0x4003e900       0x54 C:\Users\kehood\AppData\Local\Temp\VMicroBuilds\GyroAccelPrinter\Intel_intel_arc32_arduino_101\CurieIMU\CurieIMU.cpp.o
                0x4003e900                CurieIMUClass::setDoubleTapDetectionDuration(int)
 .text._ZN13CurieIMUClass20setDetectionDurationEif
                0x4003e954       0xe0 C:\Users\kehood\AppData\Local\Temp\VMicroBuilds\GyroAccelPrinter\Intel_intel_arc32_arduino_101\CurieIMU\CurieIMU.cpp.o
                0x4003e954                CurieIMUClass::setDetectionDuration(int, float)
 .text._ZN13CurieIMUClass15enableInterruptEib
                0x4003ea34       0x78 C:\Users\kehood\AppData\Local\Temp\VMicroBuilds\GyroAccelPrinter\Intel_intel_arc32_arduino_101\CurieIMU\CurieIMU.cpp.o
                0x4003ea34                CurieIMUClass::enableInterrupt(int, bool)
 .text._ZN13CurieIMUClass10interruptsEi
                0x4003eaac       0x10 C:\Users\kehood\AppData\Local\Temp\VMicroBuilds\GyroAccelPrinter\Intel_intel_arc32_arduino_101\CurieIMU\CurieIMU.cpp.o
                0x4003eaac                CurieIMUClass::interrupts(int)
 .text._ZN13CurieIMUClass18getInterruptStatusEi
                0x4003eabc       0x68 C:\Users\kehood\AppData\Local\Temp\VMicroBuilds\GyroAccelPrinter\Intel_intel_arc32_arduino_101\CurieIMU\CurieIMU.cpp.o
                0x4003eabc                CurieIMUClass::getInterruptStatus(int)
 .text._ZN13CurieIMUClass16readMotionSensorERiS0_S0_S0_S0_S0_
                0x4003eb24       0x70 C:\Users\kehood\AppData\Local\Temp\VMicroBuilds\GyroAccelPrinter\Intel_intel_arc32_arduino_101\CurieIMU\CurieIMU.cpp.o
                0x4003eb24                CurieIMUClass::readMotionSensor(int&, int&, int&, int&, int&, int&)
 .text._ZN13CurieIMUClass15attachInterruptEPFvvE
                0x4003eb94       0x7c C:\Users\kehood\AppData\Local\Temp\VMicroBuilds\GyroAccelPrinter\Intel_intel_arc32_arduino_101\CurieIMU\CurieIMU.cpp.o
                0x4003eb94                CurieIMUClass::attachInterrupt(void (*)())
 .text._GLOBAL__sub_I__ZN13CurieIMUClass5beginEv
                0x4003ec10       0x1c C:\Users\kehood\AppData\Local\Temp\VMicroBuilds\GyroAccelPrinter\Intel_intel_arc32_arduino_101\CurieIMU\CurieIMU.cpp.o
 .text.ss_spi_init
                0x4003ec2c       0x68 C:\Users\kehood\AppData\Local\Temp\VMicroBuilds\GyroAccelPrinter\Intel_intel_arc32_arduino_101\CurieIMU\internal\ss_spi.c.o
                0x4003ec2c                ss_spi_init
 .text.ss_spi_xfer
                0x4003ec94       0xec C:\Users\kehood\AppData\Local\Temp\VMicroBuilds\GyroAccelPrinter\Intel_intel_arc32_arduino_101\CurieIMU\internal\ss_spi.c.o
                0x4003ec94                ss_spi_xfer
 .text._ZN6KalmanC2Ev
                0x4003ed80       0x4c C:\Users\kehood\AppData\Local\Temp\VMicroBuilds\GyroAccelPrinter\Intel_intel_arc32_arduino_101\Kalman\Kalman.cpp.o
                0x4003ed80                Kalman::Kalman()
                0x4003ed80                Kalman::Kalman()
 .text._ZN6Kalman8getAngleEfff
                0x4003edcc      0x14c C:\Users\kehood\AppData\Local\Temp\VMicroBuilds\GyroAccelPrinter\Intel_intel_arc32_arduino_101\Kalman\Kalman.cpp.o
                0x4003edcc                Kalman::getAngle(float, float, float)
 .text._ZN6Kalman8setAngleEf
                0x4003ef18       0x10 C:\Users\kehood\AppData\Local\Temp\VMicroBuilds\GyroAccelPrinter\Intel_intel_arc32_arduino_101\Kalman\Kalman.cpp.o
                0x4003ef18                Kalman::setAngle(float)
 .text._ZN16VisualMicroDebug14outPacketStartEb
                0x4003ef28       0x3c C:\Users\kehood\AppData\Local\Temp\VMicroBuilds\GyroAccelPrinter\Intel_intel_arc32_arduino_101\VM_DBG\VM_DBG.cpp.o
                0x4003ef28                VisualMicroDebug::outPacketStart(bool)
 .text._ZN16VisualMicroDebug14outPacketStartEv
                0x4003ef64       0x10 C:\Users\kehood\AppData\Local\Temp\VMicroBuilds\GyroAccelPrinter\Intel_intel_arc32_arduino_101\VM_DBG\VM_DBG.cpp.o
                0x4003ef64                VisualMicroDebug::outPacketStart()
 .text._ZN16VisualMicroDebug4initEm
                0x4003ef74       0x20 C:\Users\kehood\AppData\Local\Temp\VMicroBuilds\GyroAccelPrinter\Intel_intel_arc32_arduino_101\VM_DBG\VM_DBG.cpp.o
                0x4003ef74                VisualMicroDebug::init(unsigned long)
 .text._ZN16VisualMicroDebug5beginEP14CDCSerialClassm
                0x4003ef94       0x48 C:\Users\kehood\AppData\Local\Temp\VMicroBuilds\GyroAccelPrinter\Intel_intel_arc32_arduino_101\VM_DBG\VM_DBG.cpp.o
                0x4003ef94                VisualMicroDebug::begin(CDCSerialClass*, unsigned long)
 .text._ZN16VisualMicroDebug16sendContinuedACKEh
                0x4003efdc       0x48 C:\Users\kehood\AppData\Local\Temp\VMicroBuilds\GyroAccelPrinter\Intel_intel_arc32_arduino_101\VM_DBG\VM_DBG.cpp.o
                0x4003efdc                VisualMicroDebug::sendContinuedACK(unsigned char)
 .text._ZN16VisualMicroDebug9breakWaitEh
                0x4003f024       0x6c C:\Users\kehood\AppData\Local\Temp\VMicroBuilds\GyroAccelPrinter\Intel_intel_arc32_arduino_101\VM_DBG\VM_DBG.cpp.o
                0x4003f024                VisualMicroDebug::breakWait(unsigned char)
 .text._ZN16VisualMicroDebug5startEbb
                0x4003f090       0x2c C:\Users\kehood\AppData\Local\Temp\VMicroBuilds\GyroAccelPrinter\Intel_intel_arc32_arduino_101\VM_DBG\VM_DBG.cpp.o
                0x4003f090                VisualMicroDebug::start(bool, bool)
 .text.delay    0x4003f0bc       0xc4 C:\Users\kehood\AppData\Local\Temp\VMicroBuilds\GyroAccelPrinter\Intel_intel_arc32_arduino_101/core.a(wiring.c.o)
                0x4003f0bc                delay
 .text.millis   0x4003f180       0x40 C:\Users\kehood\AppData\Local\Temp\VMicroBuilds\GyroAccelPrinter\Intel_intel_arc32_arduino_101/core.a(wiring.c.o)
                0x4003f180                millis
 .text.micros   0x4003f1c0       0x3c C:\Users\kehood\AppData\Local\Temp\VMicroBuilds\GyroAccelPrinter\Intel_intel_arc32_arduino_101/core.a(wiring.c.o)
                0x4003f1c0                micros
 .text._ZN14CDCSerialClass3endEv
                0x4003f1fc       0x14 C:\Users\kehood\AppData\Local\Temp\VMicroBuilds\GyroAccelPrinter\Intel_intel_arc32_arduino_101/core.a(CDCSerialClass.cpp.o)
                0x4003f1fc                CDCSerialClass::end()
 .text._ZN14CDCSerialClass4peekEv
                0x4003f210       0x28 C:\Users\kehood\AppData\Local\Temp\VMicroBuilds\GyroAccelPrinter\Intel_intel_arc32_arduino_101/core.a(CDCSerialClass.cpp.o)
                0x4003f210                CDCSerialClass::peek()
 .text._ZN14CDCSerialClass4readEv
                0x4003f238       0x48 C:\Users\kehood\AppData\Local\Temp\VMicroBuilds\GyroAccelPrinter\Intel_intel_arc32_arduino_101/core.a(CDCSerialClass.cpp.o)
                0x4003f238                CDCSerialClass::read()
 .text._ZN14CDCSerialClasscvbEv
                0x4003f280       0x34 C:\Users\kehood\AppData\Local\Temp\VMicroBuilds\GyroAccelPrinter\Intel_intel_arc32_arduino_101/core.a(CDCSerialClass.cpp.o)
                0x4003f280                CDCSerialClass::operator bool()
 .text._ZN14CDCSerialClass5flushEv
                0x4003f2b4       0x2c C:\Users\kehood\AppData\Local\Temp\VMicroBuilds\GyroAccelPrinter\Intel_intel_arc32_arduino_101/core.a(CDCSerialClass.cpp.o)
                0x4003f2b4                CDCSerialClass::flush()
 .text._ZN14CDCSerialClass9availableEv
                0x4003f2e0       0x40 C:\Users\kehood\AppData\Local\Temp\VMicroBuilds\GyroAccelPrinter\Intel_intel_arc32_arduino_101/core.a(CDCSerialClass.cpp.o)
                0x4003f2e0                CDCSerialClass::available()
 .text._ZN14CDCSerialClass5writeEh
                0x4003f320       0x50 C:\Users\kehood\AppData\Local\Temp\VMicroBuilds\GyroAccelPrinter\Intel_intel_arc32_arduino_101/core.a(CDCSerialClass.cpp.o)
                0x4003f320                CDCSerialClass::write(unsigned char)
 .text._ZN14CDCSerialClassC2EP14uart_init_info
                0x4003f370       0x20 C:\Users\kehood\AppData\Local\Temp\VMicroBuilds\GyroAccelPrinter\Intel_intel_arc32_arduino_101/core.a(CDCSerialClass.cpp.o)
                0x4003f370                CDCSerialClass::CDCSerialClass(uart_init_info*)
                0x4003f370                CDCSerialClass::CDCSerialClass(uart_init_info*)
 .text._ZN14CDCSerialClass13setSharedDataEP19cdc_acm_shared_data
                0x4003f390       0x18 C:\Users\kehood\AppData\Local\Temp\VMicroBuilds\GyroAccelPrinter\Intel_intel_arc32_arduino_101/core.a(CDCSerialClass.cpp.o)
                0x4003f390                CDCSerialClass::setSharedData(cdc_acm_shared_data*)
 .text._ZN14CDCSerialClass4initEmh
                0x4003f3a8       0x38 C:\Users\kehood\AppData\Local\Temp\VMicroBuilds\GyroAccelPrinter\Intel_intel_arc32_arduino_101/core.a(CDCSerialClass.cpp.o)
                0x4003f3a8                CDCSerialClass::init(unsigned long, unsigned char)
 .text._ZN14CDCSerialClass5beginEm
                0x4003f3e0       0x10 C:\Users\kehood\AppData\Local\Temp\VMicroBuilds\GyroAccelPrinter\Intel_intel_arc32_arduino_101/core.a(CDCSerialClass.cpp.o)
                0x4003f3e0                CDCSerialClass::begin(unsigned long)
 .text.main     0x4003f3f0       0x28 C:\Users\kehood\AppData\Local\Temp\VMicroBuilds\GyroAccelPrinter\Intel_intel_arc32_arduino_101/core.a(main.cpp.o)
                0x4003f3f0                main
 .text._ZN5Print5writeEPKhj
                0x4003f418       0x38 C:\Users\kehood\AppData\Local\Temp\VMicroBuilds\GyroAccelPrinter\Intel_intel_arc32_arduino_101/core.a(Print.cpp.o)
                0x4003f418                Print::write(unsigned char const*, unsigned int)
 .text._ZN5Print5writeEPKc
                0x4003f450       0x44 C:\Users\kehood\AppData\Local\Temp\VMicroBuilds\GyroAccelPrinter\Intel_intel_arc32_arduino_101/core.a(Print.cpp.o)
                0x4003f450                Print::write(char const*)
 .text._ZN5Print5printEPKc
                0x4003f494       0x10 C:\Users\kehood\AppData\Local\Temp\VMicroBuilds\GyroAccelPrinter\Intel_intel_arc32_arduino_101/core.a(Print.cpp.o)
                0x4003f494                Print::print(char const*)
 .text._ZN5Print5printEc
                0x4003f4a4       0x14 C:\Users\kehood\AppData\Local\Temp\VMicroBuilds\GyroAccelPrinter\Intel_intel_arc32_arduino_101/core.a(Print.cpp.o)
                0x4003f4a4                Print::print(char)
 .text._ZN5Print7printlnEv
                0x4003f4b8       0x2c C:\Users\kehood\AppData\Local\Temp\VMicroBuilds\GyroAccelPrinter\Intel_intel_arc32_arduino_101/core.a(Print.cpp.o)
                0x4003f4b8                Print::println()
 .text._ZN5Print11printNumberEmh
                0x4003f4e4       0x70 C:\Users\kehood\AppData\Local\Temp\VMicroBuilds\GyroAccelPrinter\Intel_intel_arc32_arduino_101/core.a(Print.cpp.o)
                0x4003f4e4                Print::printNumber(unsigned long, unsigned char)
 .text._ZN5Print5printEli
                0x4003f554       0x68 C:\Users\kehood\AppData\Local\Temp\VMicroBuilds\GyroAccelPrinter\Intel_intel_arc32_arduino_101/core.a(Print.cpp.o)
                0x4003f554                Print::print(long, int)
 .text._ZN5Print5printEmi
                0x4003f5bc       0x20 C:\Users\kehood\AppData\Local\Temp\VMicroBuilds\GyroAccelPrinter\Intel_intel_arc32_arduino_101/core.a(Print.cpp.o)
                0x4003f5bc                Print::print(unsigned long, int)
 .text._ZN5Print5printEhi
                0x4003f5dc       0x10 C:\Users\kehood\AppData\Local\Temp\VMicroBuilds\GyroAccelPrinter\Intel_intel_arc32_arduino_101/core.a(Print.cpp.o)
                0x4003f5dc                Print::print(unsigned char, int)
 .text._ZN5Print13printLongLongEyh
                0x4003f5ec       0x7c C:\Users\kehood\AppData\Local\Temp\VMicroBuilds\GyroAccelPrinter\Intel_intel_arc32_arduino_101/core.a(Print.cpp.o)
                0x4003f5ec                Print::printLongLong(unsigned long long, unsigned char)
 .text._ZN5Print5printEyi
                0x4003f668       0x20 C:\Users\kehood\AppData\Local\Temp\VMicroBuilds\GyroAccelPrinter\Intel_intel_arc32_arduino_101/core.a(Print.cpp.o)
                0x4003f668                Print::print(unsigned long long, int)
 .text._ZN5Print10printFloatEdh
                0x4003f688      0x178 C:\Users\kehood\AppData\Local\Temp\VMicroBuilds\GyroAccelPrinter\Intel_intel_arc32_arduino_101/core.a(Print.cpp.o)
                0x4003f688                Print::printFloat(double, unsigned char)
 .text._ZN5Print5printEdi
                0x4003f800       0x10 C:\Users\kehood\AppData\Local\Temp\VMicroBuilds\GyroAccelPrinter\Intel_intel_arc32_arduino_101/core.a(Print.cpp.o)
                0x4003f800                Print::print(double, int)
 .text._ZN6StringD2Ev
                0x4003f810       0x10 C:\Users\kehood\AppData\Local\Temp\VMicroBuilds\GyroAccelPrinter\Intel_intel_arc32_arduino_101/core.a(WString.cpp.o)
                0x4003f810                String::~String()
                0x4003f810                String::~String()
 .text._ZN6String10invalidateEv
                0x4003f820       0x2c C:\Users\kehood\AppData\Local\Temp\VMicroBuilds\GyroAccelPrinter\Intel_intel_arc32_arduino_101/core.a(WString.cpp.o)
                0x4003f820                String::invalidate()
 .text._ZN6String12changeBufferEj
                0x4003f84c       0x30 C:\Users\kehood\AppData\Local\Temp\VMicroBuilds\GyroAccelPrinter\Intel_intel_arc32_arduino_101/core.a(WString.cpp.o)
                0x4003f84c                String::changeBuffer(unsigned int)
 .text._ZN6String7reserveEj
                0x4003f87c       0x3c C:\Users\kehood\AppData\Local\Temp\VMicroBuilds\GyroAccelPrinter\Intel_intel_arc32_arduino_101/core.a(WString.cpp.o)
                0x4003f87c                String::reserve(unsigned int)
 .text._ZN6String4copyEPKcj
                0x4003f8b8       0x3c C:\Users\kehood\AppData\Local\Temp\VMicroBuilds\GyroAccelPrinter\Intel_intel_arc32_arduino_101/core.a(WString.cpp.o)
                0x4003f8b8                String::copy(char const*, unsigned int)
 .text._ZN6StringC2EPKc
                0x4003f8f4       0x50 C:\Users\kehood\AppData\Local\Temp\VMicroBuilds\GyroAccelPrinter\Intel_intel_arc32_arduino_101/core.a(WString.cpp.o)
                0x4003f8f4                String::String(char const*)
                0x4003f8f4                String::String(char const*)
 .text._ZN6StringaSEPKc
                0x4003f944       0x40 C:\Users\kehood\AppData\Local\Temp\VMicroBuilds\GyroAccelPrinter\Intel_intel_arc32_arduino_101/core.a(WString.cpp.o)
                0x4003f944                String::operator=(char const*)
 .text._Z11serialEventv
                0x4003f984        0xc C:\Users\kehood\AppData\Local\Temp\VMicroBuilds\GyroAccelPrinter\Intel_intel_arc32_arduino_101/core.a(variant.cpp.o)
                0x4003f984                serialEvent()
 .text._Z12UART_Handlerv
                0x4003f990       0x14 C:\Users\kehood\AppData\Local\Temp\VMicroBuilds\GyroAccelPrinter\Intel_intel_arc32_arduino_101/core.a(variant.cpp.o)
                0x4003f990                UART_Handler()
 .text._Z12serialEvent1v
                0x4003f9a4        0xc C:\Users\kehood\AppData\Local\Temp\VMicroBuilds\GyroAccelPrinter\Intel_intel_arc32_arduino_101/core.a(variant.cpp.o)
                0x4003f9a4                serialEvent1()
 .text.variantGpioInit
                0x4003f9b0       0xe0 C:\Users\kehood\AppData\Local\Temp\VMicroBuilds\GyroAccelPrinter\Intel_intel_arc32_arduino_101/core.a(variant.cpp.o)
                0x4003f9b0                variantGpioInit
 .text.variantPwmInit
                0x4003fa90       0x3c C:\Users\kehood\AppData\Local\Temp\VMicroBuilds\GyroAccelPrinter\Intel_intel_arc32_arduino_101/core.a(variant.cpp.o)
                0x4003fa90                variantPwmInit
 .text.variantAdcInit
                0x4003facc       0xa8 C:\Users\kehood\AppData\Local\Temp\VMicroBuilds\GyroAccelPrinter\Intel_intel_arc32_arduino_101/core.a(variant.cpp.o)
                0x4003facc                variantAdcInit
 .text.initVariant
                0x4003fb74       0x30 C:\Users\kehood\AppData\Local\Temp\VMicroBuilds\GyroAccelPrinter\Intel_intel_arc32_arduino_101/core.a(variant.cpp.o)
                0x4003fb74                initVariant
 .text._GLOBAL__sub_I_g_APinDescription
                0x4003fba4       0x50 C:\Users\kehood\AppData\Local\Temp\VMicroBuilds\GyroAccelPrinter\Intel_intel_arc32_arduino_101/core.a(variant.cpp.o)
 .text._Z14serialEventRunv
                0x4003fbf4       0x38 C:\Users\kehood\AppData\Local\Temp\VMicroBuilds\GyroAccelPrinter\Intel_intel_arc32_arduino_101/core.a(variant.cpp.o)
                0x4003fbf4                serialEventRun()
 .text.__empty  0x4003fc2c        0xc C:\Users\kehood\AppData\Local\Temp\VMicroBuilds\GyroAccelPrinter\Intel_intel_arc32_arduino_101/core.a(hooks.c.o)
                0x4003fc2c                yield
 .text._ZN10RingBufferC2Ev
                0x4003fc38       0x30 C:\Users\kehood\AppData\Local\Temp\VMicroBuilds\GyroAccelPrinter\Intel_intel_arc32_arduino_101/core.a(RingBuffer.cpp.o)
                0x4003fc38                RingBuffer::RingBuffer()
                0x4003fc38                RingBuffer::RingBuffer()
 .text._ZN10RingBuffer10store_charEh
                0x4003fc68       0x38 C:\Users\kehood\AppData\Local\Temp\VMicroBuilds\GyroAccelPrinter\Intel_intel_arc32_arduino_101/core.a(RingBuffer.cpp.o)
                0x4003fc68                RingBuffer::store_char(unsigned char)
 .text._ZN9UARTClasscvbEv
                0x4003fca0       0x10 C:\Users\kehood\AppData\Local\Temp\VMicroBuilds\GyroAccelPrinter\Intel_intel_arc32_arduino_101/core.a(UARTClass.cpp.o)
                0x4003fca0                UARTClass::operator bool()
 .text._ZN9UARTClass9availableEv
                0x4003fcb0       0x1c C:\Users\kehood\AppData\Local\Temp\VMicroBuilds\GyroAccelPrinter\Intel_intel_arc32_arduino_101/core.a(UARTClass.cpp.o)
                0x4003fcb0                UARTClass::available()
 .text._ZN9UARTClass4peekEv
                0x4003fccc       0x24 C:\Users\kehood\AppData\Local\Temp\VMicroBuilds\GyroAccelPrinter\Intel_intel_arc32_arduino_101/core.a(UARTClass.cpp.o)
                0x4003fccc                UARTClass::peek()
 .text._ZN9UARTClass4readEv
                0x4003fcf0       0x2c C:\Users\kehood\AppData\Local\Temp\VMicroBuilds\GyroAccelPrinter\Intel_intel_arc32_arduino_101/core.a(UARTClass.cpp.o)
                0x4003fcf0                UARTClass::read()
 .text._ZN9UARTClass3endEv
                0x4003fd1c       0x54 C:\Users\kehood\AppData\Local\Temp\VMicroBuilds\GyroAccelPrinter\Intel_intel_arc32_arduino_101/core.a(UARTClass.cpp.o)
                0x4003fd1c                UARTClass::end()
 .text._ZN9UARTClass5flushEv
                0x4003fd70       0x28 C:\Users\kehood\AppData\Local\Temp\VMicroBuilds\GyroAccelPrinter\Intel_intel_arc32_arduino_101/core.a(UARTClass.cpp.o)
                0x4003fd70                UARTClass::flush()
 .text._ZN9UARTClass5writeEh
                0x4003fd98       0x68 C:\Users\kehood\AppData\Local\Temp\VMicroBuilds\GyroAccelPrinter\Intel_intel_arc32_arduino_101/core.a(UARTClass.cpp.o)
                0x4003fd98                UARTClass::write(unsigned char)
 .text._ZN9UARTClassC2EP14uart_init_infoP10RingBufferS3_
                0x4003fe00       0x24 C:\Users\kehood\AppData\Local\Temp\VMicroBuilds\GyroAccelPrinter\Intel_intel_arc32_arduino_101/core.a(UARTClass.cpp.o)
                0x4003fe00                UARTClass::UARTClass(uart_init_info*, RingBuffer*, RingBuffer*)
                0x4003fe00                UARTClass::UARTClass(uart_init_info*, RingBuffer*, RingBuffer*)
 .text._ZN9UARTClass4initEmh
                0x4003fe24       0xc8 C:\Users\kehood\AppData\Local\Temp\VMicroBuilds\GyroAccelPrinter\Intel_intel_arc32_arduino_101/core.a(UARTClass.cpp.o)
                0x4003fe24                UARTClass::init(unsigned long, unsigned char)
 .text._ZN9UARTClass5beginEmh
                0x4003feec       0x28 C:\Users\kehood\AppData\Local\Temp\VMicroBuilds\GyroAccelPrinter\Intel_intel_arc32_arduino_101/core.a(UARTClass.cpp.o)
                0x4003feec                UARTClass::begin(unsigned long, unsigned char)
 .text._ZN9UARTClass5beginEm
                0x4003ff14       0x10 C:\Users\kehood\AppData\Local\Temp\VMicroBuilds\GyroAccelPrinter\Intel_intel_arc32_arduino_101/core.a(UARTClass.cpp.o)
                0x4003ff14                UARTClass::begin(unsigned long)
 .text._ZN9UARTClass10IrqHandlerEv
                0x4003ff24       0x74 C:\Users\kehood\AppData\Local\Temp\VMicroBuilds\GyroAccelPrinter\Intel_intel_arc32_arduino_101/core.a(UARTClass.cpp.o)
                0x4003ff24                UARTClass::IrqHandler()
                0x4003ff98                __text_end = .

ctors           0x4003ff98       0x14
                0x4003ff98                . = ALIGN (0x4)
                0x4003ff98                __CTOR_LIST__ = .
                0x4003ff98        0x4 LONG 0x3 (((__CTOR_END__ - __CTOR_LIST__) / 0x4) - 0x2)
 *(SORT(.ctors*))
 .ctors         0x4003ff9c        0x4 C:\Users\kehood\AppData\Local\Temp\VMicroBuilds\GyroAccelPrinter\Intel_intel_arc32_arduino_101\GyroAccelPrinter.cpp.o
 .ctors         0x4003ffa0        0x4 C:\Users\kehood\AppData\Local\Temp\VMicroBuilds\GyroAccelPrinter\Intel_intel_arc32_arduino_101\CurieIMU\CurieIMU.cpp.o
 .ctors         0x4003ffa4        0x4 C:\Users\kehood\AppData\Local\Temp\VMicroBuilds\GyroAccelPrinter\Intel_intel_arc32_arduino_101/core.a(variant.cpp.o)
                0x4003ffa8        0x4 LONG 0x0
                0x4003ffac                __CTOR_END__ = .

rodata          0x4003ffac      0x9a4
 *(.rodata)
 .rodata        0x4003ffac        0x8 c:/users/kehood/appdata/local/arduino15/packages/intel/tools/arc-elf32/1.6.4+1.0/bin/../lib/gcc/arc-elf32/4.8.3/../../../../arc-elf32/lib\libc.a(lib_a-impure.o)
                0x4003ffb0                _global_impure_ptr
 .rodata        0x4003ffb4       0xa8 c:/users/kehood/appdata/local/arduino15/packages/intel/tools/arc-elf32/1.6.4+1.0/bin/../lib/gcc/arc-elf32/4.8.3/../../../../arc-elf32/lib\libm.a(lib_a-s_atan.o)
 .rodata        0x4004005c        0x8 c:/users/kehood/appdata/local/arduino15/packages/intel/tools/arc-elf32/1.6.4+1.0/bin/../lib/gcc/arc-elf32/4.8.3/../../../../arc-elf32/lib\libm.a(lib_a-w_sqrt.o)
 .rodata        0x40040064       0x60 c:/users/kehood/appdata/local/arduino15/packages/intel/tools/arc-elf32/1.6.4+1.0/bin/../lib/gcc/arc-elf32/4.8.3/../../../../arc-elf32/lib\libm.a(lib_a-e_atan2.o)
 .rodata        0x400400c4      0x3c0 c:/users/kehood/appdata/local/arduino15/packages/intel/tools/arc-elf32/1.6.4+1.0/bin/../lib/gcc/arc-elf32/4.8.3/../../../../arc-elf32/lib\libm.a(lib_a-ef_rem_pio2.o)
 .rodata        0x40040484       0x58 c:/users/kehood/appdata/local/arduino15/packages/intel/tools/arc-elf32/1.6.4+1.0/bin/../lib/gcc/arc-elf32/4.8.3/../../../../arc-elf32/lib\libm.a(lib_a-kf_rem_pio2.o)
 .rodata        0x400404dc       0x10 c:/users/kehood/appdata/local/arduino15/packages/intel/tools/arc-elf32/1.6.4+1.0/bin/../lib/gcc/arc-elf32/4.8.3\libgcc.a(fp-bit.o)
                0x400404dc                __thenan_sf
 .rodata        0x400404ec       0x14 c:/users/kehood/appdata/local/arduino15/packages/intel/tools/arc-elf32/1.6.4+1.0/bin/../lib/gcc/arc-elf32/4.8.3\libgcc.a(dp-bit.o)
                0x400404ec                __thenan_df
 .rodata        0x40040500      0x100 c:/users/kehood/appdata/local/arduino15/packages/intel/tools/arc-elf32/1.6.4+1.0/bin/../lib/gcc/arc-elf32/4.8.3\libgcc.a(_clz.o)
                0x40040500                __clz_tab
 *(.rodata.*)
 .rodata.str1.4
                0x40040600       0x95 C:\Users\kehood\AppData\Local\arduino15\packages\Intel\hardware\arc32\1.0.5\variants\arduino_101\libarc32drv_arduino101.a(service_manager.o)
                                 0x98 (size before relaxing)
 *fill*         0x40040695        0x3 
 .rodata.__func__.2670
                0x40040698       0x18 C:\Users\kehood\AppData\Local\arduino15\packages\Intel\hardware\arc32\1.0.5\variants\arduino_101\libarc32drv_arduino101.a(service_manager.o)
 .rodata.str1.4
                0x400406b0       0x73 C:\Users\kehood\AppData\Local\arduino15\packages\Intel\hardware\arc32\1.0.5\variants\arduino_101\libarc32drv_arduino101.a(ipc.o)
                                 0x74 (size before relaxing)
 *fill*         0x40040723        0x1 
 .rodata.str1.4
                0x40040724       0x32 C:\Users\kehood\AppData\Local\arduino15\packages\Intel\hardware\arc32\1.0.5\variants\arduino_101\libarc32drv_arduino101.a(port.o)
                                 0x34 (size before relaxing)
 *fill*         0x40040756        0x2 
 .rodata.str1.4
                0x40040758       0xfd C:\Users\kehood\AppData\Local\Temp\VMicroBuilds\GyroAccelPrinter\Intel_intel_arc32_arduino_101\GyroAccelPrinter.cpp.o
                                0x104 (size before relaxing)
 .rodata.CSWTCH.49
                0x40040855        0x6 C:\Users\kehood\AppData\Local\Temp\VMicroBuilds\GyroAccelPrinter\Intel_intel_arc32_arduino_101\CurieIMU\CurieIMU.cpp.o
 *fill*         0x4004085b        0x1 
 .rodata.CSWTCH.46
                0x4004085c        0x8 C:\Users\kehood\AppData\Local\Temp\VMicroBuilds\GyroAccelPrinter\Intel_intel_arc32_arduino_101\CurieIMU\CurieIMU.cpp.o
 .rodata.CSWTCH.43
                0x40040864       0x1c C:\Users\kehood\AppData\Local\Temp\VMicroBuilds\GyroAccelPrinter\Intel_intel_arc32_arduino_101\CurieIMU\CurieIMU.cpp.o
 .rodata._ZTV13CurieIMUClass
                0x40040880        0xc C:\Users\kehood\AppData\Local\Temp\VMicroBuilds\GyroAccelPrinter\Intel_intel_arc32_arduino_101\CurieIMU\CurieIMU.cpp.o
                0x40040880                vtable for CurieIMUClass
 .rodata.str1.4
                0x4004088c       0x5c C:\Users\kehood\AppData\Local\Temp\VMicroBuilds\GyroAccelPrinter\Intel_intel_arc32_arduino_101\VM_DBG\VM_DBG.cpp.o
 .rodata._ZTV14CDCSerialClass
                0x400408e8       0x2c C:\Users\kehood\AppData\Local\Temp\VMicroBuilds\GyroAccelPrinter\Intel_intel_arc32_arduino_101/core.a(CDCSerialClass.cpp.o)
                0x400408e8                vtable for CDCSerialClass
 .rodata.str1.4
                0x40040914       0x10 C:\Users\kehood\AppData\Local\Temp\VMicroBuilds\GyroAccelPrinter\Intel_intel_arc32_arduino_101/core.a(Print.cpp.o)
 .rodata._ZTV9UARTClass
                0x40040924       0x2c C:\Users\kehood\AppData\Local\Temp\VMicroBuilds\GyroAccelPrinter\Intel_intel_arc32_arduino_101/core.a(UARTClass.cpp.o)
                0x40040924                vtable for UARTClass
                0x40040950                __data_rom_start = ALIGN (0x4)

datas           0xa800e000      0xca8 load address 0x40040950
                0xa800e000                __data_ram_start = .
 *(.data)
 .data          0xa800e000       0xd4 C:\Users\kehood\AppData\Local\arduino15\packages\Intel\hardware\arc32\1.0.5\variants\arduino_101\libarc32drv_arduino101.a(interrupt.o)
                0xa800e000                _IsrTable
 .data          0xa800e0d4      0x410 c:/users/kehood/appdata/local/arduino15/packages/intel/tools/arc-elf32/1.6.4+1.0/bin/../lib/gcc/arc-elf32/4.8.3/../../../../arc-elf32/lib\libc.a(lib_a-mallocr.o)
                0xa800e0d4                __malloc_av_
                0xa800e4dc                __malloc_trim_threshold
                0xa800e4e0                __malloc_sbrk_base
 .data          0xa800e4e4      0x428 c:/users/kehood/appdata/local/arduino15/packages/intel/tools/arc-elf32/1.6.4+1.0/bin/../lib/gcc/arc-elf32/4.8.3/../../../../arc-elf32/lib\libc.a(lib_a-impure.o)
                0xa800e908                _impure_ptr
 .data          0xa800e90c        0x4 c:/users/kehood/appdata/local/arduino15/packages/intel/tools/arc-elf32/1.6.4+1.0/bin/../lib/gcc/arc-elf32/4.8.3/../../../../arc-elf32/lib\libm.a(lib_a-s_lib_ver.o)
                0xa800e90c                __fdlib_version
 *(.data.*)
 .data.gpio_ports_devs
                0xa800e910       0x30 C:\Users\kehood\AppData\Local\arduino15\packages\Intel\hardware\arc32\1.0.5\variants\arduino_101\libarc32drv_arduino101.a(soc_gpio.o)
 .data.gyroSensitivity
                0xa800e940        0x4 C:\Users\kehood\AppData\Local\Temp\VMicroBuilds\GyroAccelPrinter\Intel_intel_arc32_arduino_101\GyroAccelPrinter.cpp.o
                0xa800e940                gyroSensitivity
 .data.sampleRate
                0xa800e944        0x4 C:\Users\kehood\AppData\Local\Temp\VMicroBuilds\GyroAccelPrinter\Intel_intel_arc32_arduino_101\GyroAccelPrinter.cpp.o
                0xa800e944                sampleRate
 .data.accelRange
                0xa800e948        0x4 C:\Users\kehood\AppData\Local\Temp\VMicroBuilds\GyroAccelPrinter\Intel_intel_arc32_arduino_101\GyroAccelPrinter.cpp.o
                0xa800e948                accelRange
 .data.gyroRange
                0xa800e94c        0x4 C:\Users\kehood\AppData\Local\Temp\VMicroBuilds\GyroAccelPrinter\Intel_intel_arc32_arduino_101\GyroAccelPrinter.cpp.o
                0xa800e94c                gyroRange
 .data.zeroMotionDuration
                0xa800e950        0x4 C:\Users\kehood\AppData\Local\Temp\VMicroBuilds\GyroAccelPrinter\Intel_intel_arc32_arduino_101\GyroAccelPrinter.cpp.o
                0xa800e950                zeroMotionDuration
 .data.zeroMotionThreshold